Component: ARM Compiler 5.05 update 2 (build 169) Tool: armlink [4d0f33]

==============================================================================

Section Cross References

    main.o(i.GPIO_TEST) refers to ili93xx.o(i.Lcd_Initialize) for Lcd_Initialize
    main.o(i.main) refers to delay.o(i.delay_init) for delay_init
    main.o(i.main) refers to misc.o(i.NVIC_PriorityGroupConfig) for NVIC_PriorityGroupConfig
    main.o(i.main) refers to led.o(i.LED_GPIO_Init) for LED_GPIO_Init
    main.o(i.main) refers to key.o(i.KEY_GPIO_Init) for KEY_GPIO_Init
    main.o(i.main) refers to timer.o(i.TIM3_Int_Init) for TIM3_Int_Init
    main.o(i.main) refers to malloc.o(i.my_mem_init) for my_mem_init
    main.o(i.main) refers to stm32f10x_rcc.o(i.RCC_AHBPeriphClockCmd) for RCC_AHBPeriphClockCmd
    main.o(i.main) refers to gui_core.o(i.GUI_Init) for GUI_Init
    main.o(i.main) refers to gui_setcolor.o(i.GUI_SetBkColor) for GUI_SetBkColor
    main.o(i.main) refers to gui_core.o(i.GUI_Clear) for GUI_Clear
    main.o(i.main) refers to ili93xx.o(i.DrawPixel) for DrawPixel
    main.o(i.main) refers to ili93xx.o(i.GetPoint) for GetPoint
    main.o(i.main) refers to gui_setfont.o(i.GUI_SetFont) for GUI_SetFont
    main.o(i.main) refers to gui_disphex.o(i.GUI_DispHexAt) for GUI_DispHexAt
    main.o(i.main) refers to gui_time.o(i.GUI_Delay) for GUI_Delay
    main.o(i.main) refers to f24b_ascii.o(.constdata) for GUI_Font24B_ASCII
    system_stm32f10x.o(i.SetSysClock) refers to system_stm32f10x.o(i.SetSysClockTo72) for SetSysClockTo72
    system_stm32f10x.o(i.SystemCoreClockUpdate) refers to system_stm32f10x.o(.data) for SystemCoreClock
    system_stm32f10x.o(i.SystemInit) refers to system_stm32f10x.o(i.SetSysClock) for SetSysClock
    startup_stm32f10x_hd.o(STACK) refers (Special) to heapauxi.o(.text) for __use_two_region_memory
    startup_stm32f10x_hd.o(HEAP) refers (Special) to heapauxi.o(.text) for __use_two_region_memory
    startup_stm32f10x_hd.o(RESET) refers (Special) to heapauxi.o(.text) for __use_two_region_memory
    startup_stm32f10x_hd.o(RESET) refers to startup_stm32f10x_hd.o(STACK) for __initial_sp
    startup_stm32f10x_hd.o(RESET) refers to startup_stm32f10x_hd.o(.text) for Reset_Handler
    startup_stm32f10x_hd.o(RESET) refers to stm32f10x_it.o(i.NMI_Handler) for NMI_Handler
    startup_stm32f10x_hd.o(RESET) refers to stm32f10x_it.o(i.HardFault_Handler) for HardFault_Handler
    startup_stm32f10x_hd.o(RESET) refers to stm32f10x_it.o(i.MemManage_Handler) for MemManage_Handler
    startup_stm32f10x_hd.o(RESET) refers to stm32f10x_it.o(i.BusFault_Handler) for BusFault_Handler
    startup_stm32f10x_hd.o(RESET) refers to stm32f10x_it.o(i.UsageFault_Handler) for UsageFault_Handler
    startup_stm32f10x_hd.o(RESET) refers to stm32f10x_it.o(i.SVC_Handler) for SVC_Handler
    startup_stm32f10x_hd.o(RESET) refers to stm32f10x_it.o(i.DebugMon_Handler) for DebugMon_Handler
    startup_stm32f10x_hd.o(RESET) refers to stm32f10x_it.o(i.PendSV_Handler) for PendSV_Handler
    startup_stm32f10x_hd.o(RESET) refers to stm32f10x_it.o(i.SysTick_Handler) for SysTick_Handler
    startup_stm32f10x_hd.o(RESET) refers to timer.o(i.TIM3_IRQHandler) for TIM3_IRQHandler
    startup_stm32f10x_hd.o(RESET) refers to usart.o(i.USART1_IRQHandler) for USART1_IRQHandler
    startup_stm32f10x_hd.o(RESET) refers to timer.o(i.TIM6_IRQHandler) for TIM6_IRQHandler
    startup_stm32f10x_hd.o(.text) refers (Special) to heapauxi.o(.text) for __use_two_region_memory
    startup_stm32f10x_hd.o(.text) refers to system_stm32f10x.o(i.SystemInit) for SystemInit
    startup_stm32f10x_hd.o(.text) refers to __main.o(!!!main) for __main
    startup_stm32f10x_hd.o(.text) refers to startup_stm32f10x_hd.o(HEAP) for Heap_Mem
    startup_stm32f10x_hd.o(.text) refers to startup_stm32f10x_hd.o(STACK) for Stack_Mem
    stm32f10x_gpio.o(i.GPIO_AFIODeInit) refers to stm32f10x_rcc.o(i.RCC_APB2PeriphResetCmd) for RCC_APB2PeriphResetCmd
    stm32f10x_gpio.o(i.GPIO_DeInit) refers to stm32f10x_rcc.o(i.RCC_APB2PeriphResetCmd) for RCC_APB2PeriphResetCmd
    stm32f10x_rcc.o(i.RCC_GetClocksFreq) refers to stm32f10x_rcc.o(.data) for APBAHBPrescTable
    stm32f10x_rcc.o(i.RCC_WaitForHSEStartUp) refers to stm32f10x_rcc.o(i.RCC_GetFlagStatus) for RCC_GetFlagStatus
    stm32f10x_usart.o(i.USART_DeInit) refers to stm32f10x_rcc.o(i.RCC_APB2PeriphResetCmd) for RCC_APB2PeriphResetCmd
    stm32f10x_usart.o(i.USART_DeInit) refers to stm32f10x_rcc.o(i.RCC_APB1PeriphResetCmd) for RCC_APB1PeriphResetCmd
    stm32f10x_usart.o(i.USART_Init) refers to stm32f10x_rcc.o(i.RCC_GetClocksFreq) for RCC_GetClocksFreq
    stm32f10x_tim.o(i.TIM_DeInit) refers to stm32f10x_rcc.o(i.RCC_APB2PeriphResetCmd) for RCC_APB2PeriphResetCmd
    stm32f10x_tim.o(i.TIM_DeInit) refers to stm32f10x_rcc.o(i.RCC_APB1PeriphResetCmd) for RCC_APB1PeriphResetCmd
    stm32f10x_tim.o(i.TIM_ETRClockMode1Config) refers to stm32f10x_tim.o(i.TIM_ETRConfig) for TIM_ETRConfig
[...]
    0x0800047c   0x00000002   Code   RO         6148    .text               c_w.l(use_no_semi.o)
    0x0800047e   0x0000007a   Code   RO         6151    .text               c_w.l(rt_memmove_w.o)
    0x080004f8   0x00000044   Code   RO         6153    .text               c_w.l(rt_memclr.o)
    0x0800053c   0x0000004a   Code   RO         6179    .text               c_w.l(sys_stackheap_outer.o)
    0x08000586   0x0000000c   Code   RO         6181    .text               c_w.l(exit.o)
    0x08000592   0x00000002   PAD
    0x08000594   0x00000008   Code   RO         6189    .text               c_w.l(libspace.o)
    0x0800059c   0x00000056   Code   RO         1618    i.BlockWrite        ili93xx.o
    0x080005f2   0x00000004   Code   RO          228    i.BusFault_Handler  stm32f10x_it.o
    0x080005f6   0x00000002   Code   RO          229    i.DebugMon_Handler  stm32f10x_it.o
    0x080005f8   0x0000001c   Code   RO         1619    i.DrawPixel         ili93xx.o
    0x08000614   0x00000040   Code   RO         4079    i.GL_SetDefault     STemWin532_CM3_Keil.lib(gui_setdefault.o)
    0x08000654   0x00000116   Code   RO          349    i.GPIO_Init         stm32f10x_gpio.o
    0x0800076a   0x00000004   Code   RO          356    i.GPIO_ResetBits    stm32f10x_gpio.o
    0x0800076e   0x00000004   Code   RO          357    i.GPIO_SetBits      stm32f10x_gpio.o
    0x08000772   0x00000002   PAD
    0x08000774   0x00000134   Code   RO         3976    i.GUIMONO_DispChar  STemWin532_CM3_Keil.lib(gui_charm.o)
    0x080008a8   0x00000018   Code   RO         3977    i.GUIMONO_GetCharDistX  STemWin532_CM3_Keil.lib(gui_charm.o)
    0x080008c0   0x00000006   Code   RO         3978    i.GUIMONO_GetFontInfo  STemWin532_CM3_Keil.lib(gui_charm.o)
    0x080008c6   0x00000038   Code   RO         3979    i.GUIMONO_IsInFont  STemWin532_CM3_Keil.lib(gui_charm.o)
    0x080008fe   0x00000002   PAD
    0x08000900   0x000000c8   Code   RO         3984    i.GUIPROP_DispChar  STemWin532_CM3_Keil.lib(gui_charp.o)
    0x080009c8   0x00000040   Code   RO         3985    i.GUIPROP_GetCharDistX  STemWin532_CM3_Keil.lib(gui_charp.o)
    0x08000a08   0x00000006   Code   RO         3986    i.GUIPROP_GetFontInfo  STemWin532_CM3_Keil.lib(gui_charp.o)
    0x08000a0e   0x00000010   Code   RO         3987    i.GUIPROP_IsInFont  STemWin532_CM3_Keil.lib(gui_charp.o)
    0x08000a1e   0x00000016   Code   RO         3988    i.GUIPROP__FindChar  STemWin532_CM3_Keil.lib(gui_charp.o)
    0x08000a34   0x0000000a   Code   RO         2453    i.GUI_ALLOC_AllocNoInit  STemWin532_CM3_Keil.lib(gui_alloc.o)
    0x08000a3e   0x00000024   Code   RO         3949    i.GUI_ALLOC_AllocZero  STemWin532_CM3_Keil.lib(gui_alloc_alloczero.o)
    0x08000a62   0x00000002   PAD
    0x08000a64   0x00000010   Code   RO         2454    i.GUI_ALLOC_AssignMemory  STemWin532_CM3_Keil.lib(gui_alloc.o)
    0x08000a74   0x00000038   Code   RO         2455    i.GUI_ALLOC_Free    STemWin532_CM3_Keil.lib(gui_alloc.o)
    0x08000aac   0x00000018   Code   RO         2456    i.GUI_ALLOC_FreeFixedBlock  STemWin532_CM3_Keil.lib(gui_alloc.o)
    0x08000ac4   0x000000b0   Code   RO         2459    i.GUI_ALLOC_GetFixedBlock  STemWin532_CM3_Keil.lib(gui_alloc.o)
    0x08000b74   0x00000040   Code   RO         2460    i.GUI_ALLOC_GetMaxSize  STemWin532_CM3_Keil.lib(gui_alloc.o)
    0x08000bb4   0x0000001c   Code   RO         2469    i.GUI_ALLOC_LockH   STemWin532_CM3_Keil.lib(gui_alloc.o)
    0x08000bd0   0x00000028   Code   RO         2470    i.GUI_ALLOC_RequestSize  STemWin532_CM3_Keil.lib(gui_alloc.o)
    0x08000bf8   0x0000001c   Code   RO         2471    i.GUI_ALLOC_SetAvBlockSize  STemWin532_CM3_Keil.lib(gui_alloc.o)
    0x08000c14   0x00000030   Code   RO         2475    i.GUI_ALLOC_UnlockH  STemWin532_CM3_Keil.lib(gui_alloc.o)
    0x08000c44   0x00000018   Code   RO         2476    i.GUI_ALLOC_h2p     STemWin532_CM3_Keil.lib(gui_alloc.o)
    0x08000c5c   0x0000002c   Code   RO         3946    i.GUI_AddHex        STemWin532_CM3_Keil.lib(gui_addhex.o)
    0x08000c88   0x00000070   Code   RO         5062    i.GUI_CURSOR_SetPositionEx  STemWin532_CM3_Keil.lib(gui_curs1.o)
    0x08000cf8   0x0000003c   Code   RO         5848    i.GUI_CalcColorDist  STemWin532_CM3_Keil.lib(gui_calccolordist.o)
    0x08000d34   0x0000001c   Code   RO         2529    i.GUI_Clear         STemWin532_CM3_Keil.lib(gui_core.o)
    0x08000d50   0x00000060   Code   RO         2530    i.GUI_ClearRect     STemWin532_CM3_Keil.lib(gui_core.o)
    0x08000db0   0x00000050   Code   RO         2567    i.GUI_DEVICE_Create  STemWin532_CM3_Keil.lib(gui_device.o)
    0x08000e00   0x00000028   Code   RO         2568    i.GUI_DEVICE_CreateAndLink  STemWin532_CM3_Keil.lib(gui_device.o)
    0x08000e28   0x00000004   Code   RO         2569    i.GUI_DEVICE_Delete  STemWin532_CM3_Keil.lib(gui_device.o)
    0x08000e2c   0x00000088   Code   RO         2570    i.GUI_DEVICE_Link   STemWin532_CM3_Keil.lib(gui_device.o)
    0x08000eb4   0x00000030   Code   RO         2572    i.GUI_DEVICE_Unlink  STemWin532_CM3_Keil.lib(gui_device.o)
    0x08000ee4   0x00000024   Code   RO         2575    i.GUI_DEVICE__GetpDriver  STemWin532_CM3_Keil.lib(gui_device.o)
    0x08000f08   0x0000002a   Code   RO         2624    i.GUI_Delay         STemWin532_CM3_Keil.lib(gui_time.o)
    0x08000f32   0x0000001e   Code   RO         2586    i.GUI_DispHexAt     STemWin532_CM3_Keil.lib(gui_disphex.o)
    0x08000f50   0x00000100   Code   RO         3994    i.GUI_DispString    STemWin532_CM3_Keil.lib(gui_dispstring.o)
    0x08001050   0x00000010   Code   RO         3996    i.GUI_DispStringAt  STemWin532_CM3_Keil.lib(gui_dispstringat.o)
    0x08001060   0x00000014   Code   RO         3998    i.GUI_Exec          STemWin532_CM3_Keil.lib(gui_exec.o)
    0x08001074   0x00000030   Code   RO         3999    i.GUI_Exec1         STemWin532_CM3_Keil.lib(gui_exec.o)
    0x080010a4   0x00000016   Code   RO         6062    i.GUI_GetBitmapPixelIndex  STemWin532_CM3_Keil.lib(gui_getbitmappixelindex.o)
    0x080010ba   0x0000008a   Code   RO         6063    i.GUI_GetBitmapPixelIndexEx  STemWin532_CM3_Keil.lib(gui_getbitmappixelindex.o)
    0x08001144   0x00000014   Code   RO         2653    i.GUI_GetBitsPerPixelEx  STemWin532_CM3_Keil.lib(lcd_getex.o)
    0x08001158   0x0000000e   Code   RO         4004    i.GUI_GetBkColor    STemWin532_CM3_Keil.lib(gui_getcolor.o)
    0x08001166   0x00000002   PAD
    0x08001168   0x00000010   Code   RO         3953    i.GUI_GetCharDistX  STemWin532_CM3_Keil.lib(gui_char.o)
    0x08001178   0x00000010   Code   RO         3954    i.GUI_GetCharDistXEx  STemWin532_CM3_Keil.lib(gui_char.o)
    0x08001188   0x0000000e   Code   RO         4006    i.GUI_GetColor      STemWin532_CM3_Keil.lib(gui_getcolor.o)
    0x08001196   0x00000002   PAD
    0x08001198   0x00000014   Code   RO         4061    i.GUI_GetCursorLayer  STemWin532_CM3_Keil.lib(gui_selectlayer.o)
    0x080011ac   0x00000010   Code   RO         3955    i.GUI_GetFontDistY  STemWin532_CM3_Keil.lib(gui_char.o)
    0x080011bc   0x00000016   Code   RO         4062    i.GUI_GetLayerPosEx  STemWin532_CM3_Keil.lib(gui_selectlayer.o)
    0x080011d2   0x00000004   Code   RO         5110    i.GUI_GetOrg        STemWin532_CM3_Keil.lib(gui_getorg.o)
    0x080011d6   0x00000002   PAD
    0x080011d8   0x00000030   Code   RO         3956    i.GUI_GetYAdjust    STemWin532_CM3_Keil.lib(gui_char.o)
    0x08001208   0x00000010   Code   RO         2654    i.GUI_GetpfColor2IndexEx  STemWin532_CM3_Keil.lib(lcd_getex.o)
    0x08001218   0x00000010   Code   RO         2655    i.GUI_GetpfIndex2ColorEx  STemWin532_CM3_Keil.lib(lcd_getex.o)
    0x08001228   0x00000014   Code   RO         4019    i.GUI_GotoXY        STemWin532_CM3_Keil.lib(gui_goto.o)
    0x0800123c   0x00000084   Code   RO         2532    i.GUI_Init          STemWin532_CM3_Keil.lib(gui_core.o)
    0x080012c0   0x0000003c   Code   RO         5432    i.GUI_MEMDEV_Clear  STemWin532_CM3_Keil.lib(guidev_clear.o)
    0x080012fc   0x0000000c   Code   RO         4407    i.GUI_MEMDEV_CopyToLCD  STemWin532_CM3_Keil.lib(guidev.o)
    0x08001308   0x000000a0   Code   RO         4408    i.GUI_MEMDEV_CopyToLCDAt  STemWin532_CM3_Keil.lib(guidev.o)
    0x080013a8   0x0000007c   Code   RO         4410    i.GUI_MEMDEV_CreateEx  STemWin532_CM3_Keil.lib(guidev.o)
    0x08001424   0x00000040   Code   RO         4411    i.GUI_MEMDEV_Delete  STemWin532_CM3_Keil.lib(guidev.o)
    0x08001464   0x0000014c   Code   RO         4427    i.GUI_MEMDEV_Draw   STemWin532_CM3_Keil.lib(guidev_banding.o)
    0x080015b0   0x00000024   Code   RO         4412    i.GUI_MEMDEV_GetBitsPerPixel  STemWin532_CM3_Keil.lib(guidev.o)
    0x080015d4   0x0000001a   Code   RO         5438    i.GUI_MEMDEV_GetDataPtr  STemWin532_CM3_Keil.lib(guidev_getdataptr.o)
    0x080015ee   0x00000002   PAD
    0x080015f0   0x00000028   Code   RO         5446    i.GUI_MEMDEV_GetYSize  STemWin532_CM3_Keil.lib(guidev_getysize.o)
    0x08001618   0x0000001e   Code   RO         4438    i.GUI_MEMDEV_Paint1Static  STemWin532_CM3_Keil.lib(guidev_staticdevices.o)
    0x08001636   0x00000002   PAD
    0x08001638   0x0000002c   Code   RO         5448    i.GUI_MEMDEV_ReduceYSize  STemWin532_CM3_Keil.lib(guidev_reduceysize.o)
    0x08001664   0x00000044   Code   RO         4414    i.GUI_MEMDEV_Select  STemWin532_CM3_Keil.lib(guidev.o)
    0x080016a8   0x00000058   Code   RO         5450    i.GUI_MEMDEV_SetOrg  STemWin532_CM3_Keil.lib(guidev_setorg.o)
    0x08001700   0x0000000c   Code   RO         5465    i.GUI_MEMDEV_Write  STemWin532_CM3_Keil.lib(guidev_write.o)
    0x0800170c   0x0000005e   Code   RO         5466    i.GUI_MEMDEV_WriteAt  STemWin532_CM3_Keil.lib(guidev_write.o)
    0x0800176a   0x00000002   PAD
    0x0800176c   0x000000f4   Code   RO         4415    i.GUI_MEMDEV__CreateFixed  STemWin532_CM3_Keil.lib(guidev.o)
    0x08001860   0x00000190   Code   RO         6015    i.GUI_MEMDEV__WriteToActiveAlpha  STemWin532_CM3_Keil.lib(guidev_writetoactivealpha.o)
    0x080019f0   0x00000030   Code   RO         4416    i.GUI_MEMDEV__WriteToActiveAt  STemWin532_CM3_Keil.lib(guidev.o)
    0x08001a20   0x0000003e   Code   RO         4463    i.GUI_MEMDEV__WriteToActiveOpaque  STemWin532_CM3_Keil.lib(guidev_writetoactiveopaque.o)
    0x08001a5e   0x00000058   Code   RO         4028    i.GUI_MergeRect     STemWin532_CM3_Keil.lib(gui_mergerect.o)
    0x08001ab6   0x0000001e   Code   RO         4030    i.GUI_MoveRect      STemWin532_CM3_Keil.lib(gui_moverect.o)
    0x08001ad4   0x00000044   Code   RO         5123    i.GUI_PID_GetState  STemWin532_CM3_Keil.lib(gui_pid.o)
    0x08001b18   0x00000018   Code   RO         5124    i.GUI_PID_IsEmpty   STemWin532_CM3_Keil.lib(gui_pid.o)
    0x08001b30   0x0000001c   Code   RO         5126    i.GUI_PID_StoreState  STemWin532_CM3_Keil.lib(gui_pid.o)
    0x08001b4c   0x0000002c   Code   RO         4036    i.GUI_PollKeyMsg    STemWin532_CM3_Keil.lib(gui_onkey.o)
    0x08001b78   0x00000060   Code   RO         6004    i.GUI_ReadRectEx    STemWin532_CM3_Keil.lib(lcd_readrect.o)
    0x08001bd8   0x00000038   Code   RO         4054    i.GUI_RectsIntersect  STemWin532_CM3_Keil.lib(gui_rectsintersect.o)
    0x08001c10   0x00000010   Code   RO         4056    i.GUI_RestoreContext  STemWin532_CM3_Keil.lib(gui_savecontext.o)
    0x08001c20   0x0000000a   Code   RO         5902    i.GUI_SPRITE_SetPosition  STemWin532_CM3_Keil.lib(gui_sprite.o)
    0x08001c2a   0x00000002   PAD
    0x08001c2c   0x00000010   Code   RO         4057    i.GUI_SaveContext_W  STemWin532_CM3_Keil.lib(gui_savecontext.o)
    0x08001c3c   0x00000012   Code   RO         5144    i.GUI_SelectLCD     STemWin532_CM3_Keil.lib(gui_selectlcd.o)
    0x08001c4e   0x00000002   PAD
    0x08001c50   0x00000030   Code   RO         4064    i.GUI_SelectLayer   STemWin532_CM3_Keil.lib(gui_selectlayer.o)
    0x08001c80   0x00000004   Code   RO         2618    i.GUI_SetBkColor    STemWin532_CM3_Keil.lib(gui_setcolor.o)
    0x08001c84   0x00000004   Code   RO         2619    i.GUI_SetColor      STemWin532_CM3_Keil.lib(gui_setcolor.o)
    0x08001c88   0x0000000c   Code   RO         2534    i.GUI_SetDefaultFont  STemWin532_CM3_Keil.lib(gui_core.o)
    0x08001c94   0x00000004   Code   RO         5214    i.GUI_SetDrawMode   STemWin532_CM3_Keil.lib(gui_setdrawmode.o)
    0x08001c98   0x00000014   Code   RO         2622    i.GUI_SetFont       STemWin532_CM3_Keil.lib(gui_setfont.o)
    0x08001cac   0x00000004   Code   RO         4066    i.GUI_SetLayerPosEx  STemWin532_CM3_Keil.lib(gui_selectlayer.o)
    0x08001cb0   0x00000010   Code   RO         5216    i.GUI_SetLineStyle  STemWin532_CM3_Keil.lib(gui_setlinestyle.o)
    0x08001cc0   0x00000038   Code   RO         4083    i.GUI_SetOrg        STemWin532_CM3_Keil.lib(gui_setorg.o)
    0x08001cf8   0x00000010   Code   RO         5117    i.GUI_SetPenSize    STemWin532_CM3_Keil.lib(gui_pen.o)
    0x08001d08   0x00000014   Code   RO         4085    i.GUI_SetTextAlign  STemWin532_CM3_Keil.lib(gui_settextalign.o)
    0x08001d1c   0x00000014   Code   RO         5218    i.GUI_SetTextMode   STemWin532_CM3_Keil.lib(gui_settextmode.o)
    0x08001d30   0x00000010   Code   RO         4144    i.GUI_SignalEvent   STemWin532_CM3_Keil.lib(gui_waitevent.o)
    0x08001d40   0x00000010   Code   RO         4038    i.GUI_StoreKey      STemWin532_CM3_Keil.lib(gui_onkey.o)
    0x08001d50   0x0000001c   Code   RO         5221    i.GUI_TIMER_Delete  STemWin532_CM3_Keil.lib(gui_timer.o)
    0x08001d6c   0x00000026   Code   RO         5223    i.GUI_TIMER_GetFlag  STemWin532_CM3_Keil.lib(gui_timer.o)
    0x08001d92   0x00000002   PAD
    0x08001d94   0x00000028   Code   RO         5229    i.GUI_TIMER__GetFirstTimer  STemWin532_CM3_Keil.lib(gui_timer.o)
    0x08001dbc   0x00000036   Code   RO         5231    i.GUI_TIMER__GetNextTimerLin  STemWin532_CM3_Keil.lib(gui_timer.o)
    0x08001df2   0x00000002   PAD
    0x08001df4   0x00000064   Code   RO         4096    i.GUI_TOUCH_CalibratePoint  STemWin532_CM3_Keil.lib(gui_touch_calibrate.o)
    0x08001e58   0x0000009c   Code   RO         2629    i.GUI_TOUCH_Exec    STemWin532_CM3_Keil.lib(gui_touch_driveranalog.o)
    0x08001ef4   0x0000000c   Code   RO         4109    i.GUI_TOUCH_GetLayer  STemWin532_CM3_Keil.lib(gui_touch_storestate.o)
    0x08001f00   0x00000048   Code   RO         4089    i.GUI_TOUCH_StoreStateEx  STemWin532_CM3_Keil.lib(gui_touch.o)
    0x08001f48   0x0000009c   Code   RO         4098    i.GUI_TOUCH_TransformPoint  STemWin532_CM3_Keil.lib(gui_touch_calibrate.o)
    0x08001fe4   0x00000002   Code   RO         2173    i.GUI_TOUCH_X_ActivateX  gui_x_touch_analog.o
    0x08001fe6   0x00000002   Code   RO         2174    i.GUI_TOUCH_X_ActivateY  gui_x_touch_analog.o
    0x08001fe8   0x00000004   Code   RO         2175    i.GUI_TOUCH_X_MeasureX  gui_x_touch_analog.o
    0x08001fec   0x00000004   Code   RO         2176    i.GUI_TOUCH_X_MeasureY  gui_x_touch_analog.o
    0x08001ff0   0x0000002c   Code   RO         4120    i.GUI_UC__GetCharCodeInc  STemWin532_CM3_Keil.lib(gui_uc.o)
    0x0800201c   0x00000028   Code   RO         4122    i.GUI_UC__NumChars2NumBytes  STemWin532_CM3_Keil.lib(gui_uc.o)
    0x08002044   0x00000028   Code   RO         4457    i.GUI_USAGE_AddRect  STemWin532_CM3_Keil.lib(guidev_usage.o)
    0x0800206c   0x00000074   Code   RO         5452    i.GUI_USAGE_BM_AddHLine  STemWin532_CM3_Keil.lib(guidev_usagebm.o)
    0x080020e0   0x0000002c   Code   RO         5453    i.GUI_USAGE_BM_AddPixel  STemWin532_CM3_Keil.lib(guidev_usagebm.o)
    0x0800210c   0x0000000e   Code   RO         5454    i.GUI_USAGE_BM_Clear  STemWin532_CM3_Keil.lib(guidev_usagebm.o)
    0x0800211a   0x00000002   PAD
    0x0800211c   0x00000054   Code   RO         5455    i.GUI_USAGE_BM_Create  STemWin532_CM3_Keil.lib(guidev_usagebm.o)
    0x08002170   0x0000009a   Code   RO         5456    i.GUI_USAGE_BM_GetNextDirty  STemWin532_CM3_Keil.lib(guidev_usagebm.o)
    0x0800220a   0x00000024   Code   RO         4458    i.GUI_USAGE_DecUseCnt  STemWin532_CM3_Keil.lib(guidev_usage.o)
    0x0800222e   0x00000002   PAD
    0x08002230   0x0000002c   Code   RO         1897    i.GUI_X_Config      guiconf.o
    0x0800225c   0x00000018   Code   RO         2122    i.GUI_X_Delay       gui_x.o
    0x08002274   0x00000002   Code   RO         2124    i.GUI_X_ExecIdle    gui_x.o
    0x08002276   0x00000002   PAD
    0x08002278   0x0000000c   Code   RO         2125    i.GUI_X_GetTime     gui_x.o
    0x08002284   0x00000002   Code   RO         2126    i.GUI_X_Init        gui_x.o
    0x08002286   0x00000016   Code   RO         4991    i.GUI__AllocAlphaBuffer  STemWin532_CM3_Keil.lib(gui__alpha.o)
    0x0800229c   0x00000024   Code   RO         5147    i.GUI__AlphaPreserveTrans  STemWin532_CM3_Keil.lib(gui_setalpha.o)
    0x080022c0   0x00000124   Code   RO         5009    i.GUI__CompactPixelIndices  STemWin532_CM3_Keil.lib(gui__compactpixelindices.o)
    0x080023e4   0x0000000c   Code   RO         5010    i.GUI__CompactPixelIndicesEx  STemWin532_CM3_Keil.lib(gui__compactpixelindices.o)
    0x080023f0   0x00000034   Code   RO         2536    i.GUI__Config       STemWin532_CM3_Keil.lib(gui_core.o)
    0x08002424   0x00000168   Code   RO         5011    i.GUI__ConvertColor2Index  STemWin532_CM3_Keil.lib(gui__compactpixelindices.o)
    0x0800258c   0x000000b0   Code   RO         3963    i.GUI__DispLine     STemWin532_CM3_Keil.lib(gui_charline.o)
    0x0800263c   0x000001d0   Code   RO         4992    i.GUI__DoAlphaBlending  STemWin532_CM3_Keil.lib(gui__alpha.o)
    0x0800280c   0x00000142   Code   RO         5810    i.GUI__ExpandPixelIndicesEx  STemWin532_CM3_Keil.lib(gui__expandpixelindices.o)
    0x0800294e   0x00000002   PAD
    0x08002950   0x0000009c   Code   RO         4993    i.GUI__GetAlphaBuffer  STemWin532_CM3_Keil.lib(gui__alpha.o)
    0x080029ec   0x00000054   Code   RO         3964    i.GUI__GetLineDistX  STemWin532_CM3_Keil.lib(gui_charline.o)
    0x08002a40   0x00000038   Code   RO         3965    i.GUI__GetLineNumChars  STemWin532_CM3_Keil.lib(gui_charline.o)
    0x08002a78   0x0000001c   Code   RO         5111    i.GUI__GetOrg       STemWin532_CM3_Keil.lib(gui_getorg.o)
    0x08002a94   0x00000018   Code   RO         3966    i.GUI__GetOverlap   STemWin532_CM3_Keil.lib(gui_charline.o)
    0x08002aac   0x0000003a   Code   RO         3923    i.GUI__IntersectRect  STemWin532_CM3_Keil.lib(gui__intersectrect.o)
    0x08002ae6   0x00000052   Code   RO         3925    i.GUI__IntersectRects  STemWin532_CM3_Keil.lib(gui__intersectrects.o)
    0x08002b38   0x00000010   Code   RO         3929    i.GUI__ManageCache  STemWin532_CM3_Keil.lib(gui__managecache.o)
    0x08002b48   0x000000d4   Code   RO         3930    i.GUI__ManageCacheEx  STemWin532_CM3_Keil.lib(gui__managecache.o)
    0x08002c1c   0x00000060   Code   RO         4994    i.GUI__MixColors    STemWin532_CM3_Keil.lib(gui__alpha.o)
    0x08002c7c   0x0000004e   Code   RO         4995    i.GUI__MixColorsBulk  STemWin532_CM3_Keil.lib(gui__alpha.o)
    0x08002cca   0x00000002   PAD
    0x08002ccc   0x00000010   Code   RO         2537    i.GUI__RegisterExit  STemWin532_CM3_Keil.lib(gui_core.o)
    0x08002cdc   0x0000004c   Code   RO         3940    i.GUI__memset       STemWin532_CM3_Keil.lib(gui__memset.o)
    0x08002d28   0x0000003c   Code   RO         3942    i.GUI__memset16     STemWin532_CM3_Keil.lib(gui__memset16.o)
    0x08002d64   0x00000072   Code   RO         1620    i.GetPoint          ili93xx.o
    0x08002dd6   0x00000004   Code   RO          230    i.HardFault_Handler  stm32f10x_it.o
    0x08002dda   0x00000002   PAD
    0x08002ddc   0x00000058   Code   RO         1876    i.KEY_GPIO_Init     key.o
    0x08002e34   0x00000010   Code   RO         5988    i.LCD_AA_SetAndMask  STemWin532_CM3_Keil.lib(lcd_aa.o)
    0x08002e44   0x0000001c   Code   RO         4154    i.LCD_Color2Index   STemWin532_CM3_Keil.lib(lcd.o)
    0x08002e60   0x00000204   Code   RO         4155    i.LCD_DrawBitmap    STemWin532_CM3_Keil.lib(lcd.o)
    0x08003064   0x00000058   Code   RO         4156    i.LCD_DrawHLine     STemWin532_CM3_Keil.lib(lcd.o)
    0x080030bc   0x00000068   Code   RO         4157    i.LCD_DrawPixel     STemWin532_CM3_Keil.lib(lcd.o)
    0x08003124   0x00000058   Code   RO         4159    i.LCD_FillRect      STemWin532_CM3_Keil.lib(lcd.o)
    0x0800317c   0x000000d4   Code   RO         1621    i.LCD_GPIO_Config   ili93xx.o
    0x08003250   0x00000006   Code   RO         2657    i.LCD_GetBitsPerPixelEx  STemWin532_CM3_Keil.lib(lcd_getex.o)
    0x08003256   0x00000002   PAD
    0x08003258   0x00000010   Code   RO         5277    i.LCD_GetBkColorIndex  STemWin532_CM3_Keil.lib(lcd_getcolorindex.o)
    0x08003268   0x00000010   Code   RO         5278    i.LCD_GetColorIndex  STemWin532_CM3_Keil.lib(lcd_getcolorindex.o)
    0x08003278   0x00000010   Code   RO         2664    i.LCD_GetNumColors  STemWin532_CM3_Keil.lib(lcd_getex.o)
    0x08003288   0x00000006   Code   RO         2665    i.LCD_GetNumColorsEx  STemWin532_CM3_Keil.lib(lcd_getex.o)
    0x0800328e   0x0000001a   Code   RO         5281    i.LCD_GetNumLayers  STemWin532_CM3_Keil.lib(lcd_getnumdisplays.o)
    0x080032a8   0x00000010   Code   RO         2666    i.LCD_GetPalette    STemWin532_CM3_Keil.lib(lcd_getex.o)
    0x080032b8   0x00000018   Code   RO         2667    i.LCD_GetPaletteEx  STemWin532_CM3_Keil.lib(lcd_getex.o)
    0x080032d0   0x0000002c   Code   RO         2739    i.LCD_GetPosEx      STemWin532_CM3_Keil.lib(lcd_set.o)
    0x080032fc   0x00000006   Code   RO         2671    i.LCD_GetVXSizeEx   STemWin532_CM3_Keil.lib(lcd_getex.o)
    0x08003302   0x00000006   Code   RO         2672    i.LCD_GetVXSizeMax  STemWin532_CM3_Keil.lib(lcd_getex.o)
    0x08003308   0x00000006   Code   RO         2674    i.LCD_GetVYSizeEx   STemWin532_CM3_Keil.lib(lcd_getex.o)
    0x0800330e   0x00000002   PAD
    0x08003310   0x00000010   Code   RO         2678    i.LCD_GetXSize      STemWin532_CM3_Keil.lib(lcd_getex.o)
    0x08003320   0x0000000c   Code   RO         2679    i.LCD_GetXSizeDisplay  STemWin532_CM3_Keil.lib(lcd_getex.o)
    0x0800332c   0x00000006   Code   RO         2680    i.LCD_GetXSizeEx    STemWin532_CM3_Keil.lib(lcd_getex.o)
    0x08003332   0x00000006   Code   RO         2681    i.LCD_GetXSizeMax   STemWin532_CM3_Keil.lib(lcd_getex.o)
    0x08003338   0x00000010   Code   RO         2684    i.LCD_GetYSize      STemWin532_CM3_Keil.lib(lcd_getex.o)
    0x08003348   0x0000000c   Code   RO         2685    i.LCD_GetYSizeDisplay  STemWin532_CM3_Keil.lib(lcd_getex.o)
    0x08003354   0x00000006   Code   RO         2686    i.LCD_GetYSizeEx    STemWin532_CM3_Keil.lib(lcd_getex.o)
    0x0800335a   0x00000006   Code   RO         2687    i.LCD_GetYSizeMax   STemWin532_CM3_Keil.lib(lcd_getex.o)
    0x08003360   0x00000004   Code   RO         4193    i.LCD_GetpPalConvTableBM  STemWin532_CM3_Keil.lib(lcd_color.o)
    0x08003364   0x00000048   Code   RO         4194    i.LCD_GetpPalConvTableUncached  STemWin532_CM3_Keil.lib(lcd_color.o)
    0x080033ac   0x00000038   Code   RO         1622    i.LCD_IN            ili93xx.o
    0x080033e4   0x0000001c   Code   RO         4160    i.LCD_Index2Color   STemWin532_CM3_Keil.lib(lcd.o)
    0x08003400   0x00000002   Code   RO         5982    i.LCD_Index2Color_888  STemWin532_CM3_Keil.lib(guicc_888_index2color.o)
    0x08003402   0x00000002   Code   RO         5984    i.LCD_Index2Color_8888  STemWin532_CM3_Keil.lib(guicc_8888_index2color.o)
    0x08003404   0x0000002c   Code   RO         2640    i.LCD_Index2Color_M565  STemWin532_CM3_Keil.lib(guicc_m565.o)
    0x08003430   0x00000034   Code   RO         4195    i.LCD_InitColors    STemWin532_CM3_Keil.lib(lcd_color.o)
    0x08003464   0x0000007c   Code   RO         4196    i.LCD_InitLUT       STemWin532_CM3_Keil.lib(lcd_color.o)
    0x080034e0   0x00000038   Code   RO         1623    i.LCD_OUT           ili93xx.o
    0x08003518   0x00000148   Code   RO         1625    i.LCD_Read          ili93xx.o
    0x08003660   0x00000198   Code   RO         6006    i.LCD_ReadRectEx    STemWin532_CM3_Keil.lib(lcd_readrect.o)
    0x080037f8   0x00000040   Code   RO         6013    i.LCD_SelectLCD     STemWin532_CM3_Keil.lib(lcd_selectlcd.o)
    0x08003838   0x0000000c   Code   RO         4161    i.LCD_SetBkColor    STemWin532_CM3_Keil.lib(lcd.o)
    0x08003844   0x00000018   Code   RO         4162    i.LCD_SetBkColorIndex  STemWin532_CM3_Keil.lib(lcd.o)
    0x0800385c   0x00000030   Code   RO         4208    i.LCD_SetClipRectEx  STemWin532_CM3_Keil.lib(lcd_setcliprectex.o)
    0x0800388c   0x0000001c   Code   RO         4163    i.LCD_SetClipRectMax  STemWin532_CM3_Keil.lib(lcd.o)
    0x080038a8   0x0000000c   Code   RO         4164    i.LCD_SetColor      STemWin532_CM3_Keil.lib(lcd.o)
    0x080038b4   0x00000018   Code   RO         4165    i.LCD_SetColorIndex  STemWin532_CM3_Keil.lib(lcd.o)
    0x080038cc   0x0000000c   Code   RO         2690    i.LCD_SetDisplaySize  STemWin532_CM3_Keil.lib(lcd_getex.o)
    0x080038d8   0x0000000c   Code   RO         4166    i.LCD_SetDrawMode   STemWin532_CM3_Keil.lib(lcd.o)
    0x080038e4   0x0000002c   Code   RO         2752    i.LCD_SetLUTEntryEx  STemWin532_CM3_Keil.lib(lcd_set.o)
    0x08003910   0x0000002c   Code   RO         2754    i.LCD_SetPosEx      STemWin532_CM3_Keil.lib(lcd_set.o)
    0x0800393c   0x0000002c   Code   RO         2756    i.LCD_SetSizeEx     STemWin532_CM3_Keil.lib(lcd_set.o)
    0x08003968   0x0000002c   Code   RO         2760    i.LCD_SetVSizeEx    STemWin532_CM3_Keil.lib(lcd_set.o)
    0x08003994   0x00000024   Code   RO         5297    i.LCD_UpdateColorIndices  STemWin532_CM3_Keil.lib(lcd_updatecolorindices.o)
    0x080039b8   0x00000048   Code   RO         2075    i.LCD_X_Config      lcdconf_flexcolor_template.o
    0x08003a00   0x00000024   Code   RO         2076    i.LCD_X_DisplayDriver  lcdconf_flexcolor_template.o
    0x08003a24   0x000001b4   Code   RO         4167    i.LCD__DrawBitmap_1bpp  STemWin532_CM3_Keil.lib(lcd.o)
    0x08003bd8   0x0000005c   Code   RO         2691    i.LCD__GetBPP       STemWin532_CM3_Keil.lib(lcd_getex.o)
    0x08003c34   0x00000032   Code   RO         2692    i.LCD__GetBPPDevice  STemWin532_CM3_Keil.lib(lcd_getex.o)
    0x08003c66   0x00000002   PAD
    0x08003c68   0x00000028   Code   RO         1628    i.LCD_rst           ili93xx.o
    0x08003c90   0x0000004c   Code   RO         1864    i.LED_GPIO_Init     led.o
    0x08003cdc   0x0000033c   Code   RO         1631    i.Lcd_Initialize    ili93xx.o
    0x08004018   0x00000004   Code   RO          231    i.MemManage_Handler  stm32f10x_it.o
    0x0800401c   0x00000002   Code   RO          232    i.NMI_Handler       stm32f10x_it.o
    0x0800401e   0x00000002   PAD
    0x08004020   0x00000070   Code   RO          657    i.NVIC_Init         misc.o
    0x08004090   0x00000014   Code   RO          658    i.NVIC_PriorityGroupConfig  misc.o
    0x080040a4   0x00000002   Code   RO          233    i.PendSV_Handler    stm32f10x_it.o
    0x080040a6   0x00000002   PAD
    0x080040a8   0x00000020   Code   RO          458    i.RCC_AHBPeriphClockCmd  stm32f10x_rcc.o
    0x080040c8   0x00000020   Code   RO          459    i.RCC_APB1PeriphClockCmd  stm32f10x_rcc.o
    0x080040e8   0x00000020   Code   RO          461    i.RCC_APB2PeriphClockCmd  stm32f10x_rcc.o
    0x08004108   0x00000002   Code   RO          234    i.SVC_Handler       stm32f10x_it.o
    0x0800410a   0x00000008   Code   RO          291    i.SetSysClock       system_stm32f10x.o
    0x08004112   0x00000002   PAD
    0x08004114   0x000000e0   Code   RO          292    i.SetSysClockTo72   system_stm32f10x.o
    0x080041f4   0x00000028   Code   RO          661    i.SysTick_CLKSourceConfig  misc.o
    0x0800421c   0x00000002   Code   RO          235    i.SysTick_Handler   stm32f10x_it.o
    0x0800421e   0x00000002   PAD
    0x08004220   0x00000060   Code   RO          294    i.SystemInit        system_stm32f10x.o
    0x08004280   0x00000028   Code   RO         1724    i.TIM3_IRQHandler   timer.o
    0x080042a8   0x00000060   Code   RO         1725    i.TIM3_Int_Init     timer.o
    0x08004308   0x00000020   Code   RO         1726    i.TIM6_IRQHandler   timer.o
    0x08004328   0x00000006   Code   RO         1004    i.TIM_ClearITPendingBit  stm32f10x_tim.o
    0x0800432e   0x00000018   Code   RO         1009    i.TIM_Cmd           stm32f10x_tim.o
    0x08004346   0x00000022   Code   RO         1030    i.TIM_GetITStatus   stm32f10x_tim.o
    0x08004368   0x00000012   Code   RO         1034    i.TIM_ITConfig      stm32f10x_tim.o
    0x0800437a   0x00000002   PAD
    0x0800437c   0x000000a4   Code   RO         1080    i.TIM_TimeBaseInit  stm32f10x_tim.o
    0x08004420   0x00000094   Code   RO         1577    i.USART1_IRQHandler  usart.o
    0x080044b4   0x00000054   Code   RO          701    i.USART_GetITStatus  stm32f10x_usart.o
    0x08004508   0x0000000a   Code   RO          711    i.USART_ReceiveData  stm32f10x_usart.o
    0x08004512   0x00000004   Code   RO          236    i.UsageFault_Handler  stm32f10x_it.o
    0x08004516   0x00000002   PAD
    0x08004518   0x00000010   Code   RO         3791    i.WM_Activate       STemWin532_CM3_Keil.lib(wm.o)
    0x08004528   0x0000007e   Code   RO         4837    i.WM_BringToBottom  STemWin532_CM3_Keil.lib(wm_bringtobottom.o)
    0x080045a6   0x00000002   PAD
    0x080045a8   0x00000148   Code   RO         3793    i.WM_CreateWindowAsChild  STemWin532_CM3_Keil.lib(wm.o)
    0x080046f0   0x00000014   Code   RO         3794    i.WM_Deactivate     STemWin532_CM3_Keil.lib(wm.o)
    0x08004704   0x00000046   Code   RO         3795    i.WM_DefaultProc    STemWin532_CM3_Keil.lib(wm.o)
    0x0800474a   0x00000020   Code   RO         4951    i.WM_DeleteTimer    STemWin532_CM3_Keil.lib(wm_timer.o)
    0x0800476a   0x00000002   PAD
    0x0800476c   0x000000e8   Code   RO         3796    i.WM_DeleteWindow   STemWin532_CM3_Keil.lib(wm.o)
    0x08004854   0x00000078   Code   RO         3797    i.WM_Exec           STemWin532_CM3_Keil.lib(wm.o)
    0x080048cc   0x00000018   Code   RO         3905    i.WM_GetDesktopWindow  STemWin532_CM3_Keil.lib(wm_getdesktopwindow.o)
    0x080048e4   0x00000014   Code   RO         5763    i.WM_GetDesktopWindowEx  STemWin532_CM3_Keil.lib(wm_getdesktopwindowex.o)
    0x080048f8   0x0000000e   Code   RO         4857    i.WM_GetFirstChild  STemWin532_CM3_Keil.lib(wm_getfirstchild.o)
    0x08004906   0x0000000e   Code   RO         4871    i.WM_GetParent      STemWin532_CM3_Keil.lib(wm_getparent.o)
    0x08004914   0x00000016   Code   RO         4865    i.WM_GetWindowOrgX  STemWin532_CM3_Keil.lib(wm_getorg.o)
    0x0800492a   0x00000002   PAD
    0x0800492c   0x00000370   Code   RO         4962    i.WM_HandlePID      STemWin532_CM3_Keil.lib(wm_touch.o)
    0x08004c9c   0x000000d4   Code   RO         3800    i.WM_Init           STemWin532_CM3_Keil.lib(wm.o)
    0x08004d70   0x00000076   Code   RO         3801    i.WM_InvalidateRect  STemWin532_CM3_Keil.lib(wm.o)
    0x08004de6   0x00000006   Code   RO         3802    i.WM_InvalidateWindow  STemWin532_CM3_Keil.lib(wm.o)
    0x08004dec   0x0000005e   Code   RO         3803    i.WM_InvalidateWindowAndDescsEx  STemWin532_CM3_Keil.lib(wm.o)
    0x08004e4a   0x00000004   Code   RO         4889    i.WM_IsWindow       STemWin532_CM3_Keil.lib(wm_iswindow.o)
    0x08004e4e   0x00000004   Code   RO         4896    i.WM_MoveWindow     STemWin532_CM3_Keil.lib(wm_move.o)
    0x08004e52   0x00000010   Code   RO         4907    i.WM_NotifyParent   STemWin532_CM3_Keil.lib(wm_notifyparent.o)
    0x08004e62   0x00000002   PAD
    0x08004e64   0x00000038   Code   RO         5779    i.WM_OnKey          STemWin532_CM3_Keil.lib(wm_onkey.o)
    0x08004e9c   0x00000018   Code   RO         5782    i.WM_PID__SetPrevState  STemWin532_CM3_Keil.lib(wm_pid__getprevstate.o)
    0x08004eb4   0x00000004   Code   RO         5788    i.WM_ReleaseCapture  STemWin532_CM3_Keil.lib(wm_setcapture.o)
    0x08004eb8   0x000000ec   Code   RO         5786    i.WM_ResizeWindow   STemWin532_CM3_Keil.lib(wm_resizewindow.o)
    0x08004fa4   0x0000000a   Code   RO         4909    i.WM_Screen2hWin    STemWin532_CM3_Keil.lib(wm_screen2win.o)
    0x08004fae   0x00000002   PAD
    0x08004fb0   0x0000003c   Code   RO         3804    i.WM_SelectWindow   STemWin532_CM3_Keil.lib(wm.o)
    0x08004fec   0x00000004   Code   RO         4919    i.WM_SendMessageNoPara  STemWin532_CM3_Keil.lib(wm_sendmessagenopara.o)
    0x08004ff0   0x0000001e   Code   RO         4921    i.WM_SendToParent   STemWin532_CM3_Keil.lib(wm_sendtoparent.o)
    0x0800500e   0x00000002   PAD
    0x08005010   0x00000014   Code   RO         3806    i.WM_SetDefault     STemWin532_CM3_Keil.lib(wm.o)
    0x08005024   0x0000003e   Code   RO         4936    i.WM_SetSize        STemWin532_CM3_Keil.lib(wm_setsize.o)
    0x08005062   0x00000002   PAD
    0x08005064   0x00000048   Code   RO         3807    i.WM__ActivateClipRect  STemWin532_CM3_Keil.lib(wm.o)
    0x080050ac   0x00000010   Code   RO         4845    i.WM__AddCriticalHandle  STemWin532_CM3_Keil.lib(wm_criticalhandle.o)
    0x080050bc   0x00000010   Code   RO         3808    i.WM__Client2Screen  STemWin532_CM3_Keil.lib(wm.o)
    0x080050cc   0x0000004e   Code   RO         3809    i.WM__ClipAtParentBorders  STemWin532_CM3_Keil.lib(wm.o)
    0x0800511a   0x0000004a   Code   RO         4954    i.WM__DeleteAssocTimer  STemWin532_CM3_Keil.lib(wm_timer.o)
    0x08005164   0x00000028   Code   RO         3811    i.WM__DetachWindow  STemWin532_CM3_Keil.lib(wm.o)
    0x0800518c   0x00000020   Code   RO         4851    i.WM__GetClientRectEx  STemWin532_CM3_Keil.lib(wm_getclientrect.o)
    0x080051ac   0x00000018   Code   RO         3812    i.WM__GetClientRectWin  STemWin532_CM3_Keil.lib(wm.o)
    0x080051c4   0x00000012   Code   RO         6037    i.WM__GetFirstSibling  STemWin532_CM3_Keil.lib(wm__getfirstsibling.o)
    0x080051d6   0x00000002   PAD
    0x080051d8   0x00000040   Code   RO         3813    i.WM__GetNextIVR    STemWin532_CM3_Keil.lib(wm.o)
    0x08005218   0x00000024   Code   RO         5741    i.WM__GetPrevSibling  STemWin532_CM3_Keil.lib(wm__getprevsibling.o)
    0x0800523c   0x00000018   Code   RO         3814    i.WM__GetTopLevelLayer  STemWin532_CM3_Keil.lib(wm.o)
    0x08005254   0x000000f0   Code   RO         3815    i.WM__InitIVRSearch  STemWin532_CM3_Keil.lib(wm.o)
    0x08005344   0x000000a4   Code   RO         3816    i.WM__InsertWindowIntoList  STemWin532_CM3_Keil.lib(wm.o)
    0x080053e8   0x00000006   Code   RO         3817    i.WM__Invalidate1Abs  STemWin532_CM3_Keil.lib(wm.o)
    0x080053ee   0x00000002   PAD
    0x080053f0   0x00000054   Code   RO         3818    i.WM__InvalidateDrawAndDescs  STemWin532_CM3_Keil.lib(wm.o)
    0x08005444   0x0000002a   Code   RO         3819    i.WM__InvalidateParent  STemWin532_CM3_Keil.lib(wm.o)
    0x0800546e   0x00000076   Code   RO         3820    i.WM__InvalidateRect  STemWin532_CM3_Keil.lib(wm.o)
    0x080054e4   0x00000006   Code   RO         3821    i.WM__InvalidateRectEx  STemWin532_CM3_Keil.lib(wm.o)
    0x080054ea   0x00000002   PAD
    0x080054ec   0x00000022   Code   RO         4822    i.WM__IsAncestor    STemWin532_CM3_Keil.lib(wm__isancestor.o)
    0x0800550e   0x00000016   Code   RO         5743    i.WM__IsEnabled     STemWin532_CM3_Keil.lib(wm__isenabled.o)
    0x08005524   0x00000068   Code   RO         4963    i.WM__IsInModalArea  STemWin532_CM3_Keil.lib(wm_touch.o)
    0x0800558c   0x00000030   Code   RO         4911    i.WM__IsInWindow    STemWin532_CM3_Keil.lib(wm_screen2win.o)
    0x080055bc   0x00000024   Code   RO         3822    i.WM__IsWindow      STemWin532_CM3_Keil.lib(wm.o)
    0x080055e0   0x0000009a   Code   RO         4898    i.WM__MoveWindow    STemWin532_CM3_Keil.lib(wm_move.o)
    0x0800567a   0x00000002   PAD
    0x0800567c   0x000000a0   Code   RO         3823    i.WM__Paint         STemWin532_CM3_Keil.lib(wm.o)
    0x0800571c   0x0000008c   Code   RO         3824    i.WM__Paint1        STemWin532_CM3_Keil.lib(wm.o)
    0x080057a8   0x00000078   Code   RO         3825    i.WM__PaintWinAndOverlays  STemWin532_CM3_Keil.lib(wm.o)
    0x08005820   0x00000020   Code   RO         3826    i.WM__RectIsNZ      STemWin532_CM3_Keil.lib(wm.o)
    0x08005840   0x0000002c   Code   RO         5790    i.WM__ReleaseCapture  STemWin532_CM3_Keil.lib(wm_setcapture.o)
    0x0800586c   0x0000002c   Code   RO         4846    i.WM__RemoveCriticalHandle  STemWin532_CM3_Keil.lib(wm_criticalhandle.o)
    0x08005898   0x00000040   Code   RO         3827    i.WM__RemoveWindowFromList  STemWin532_CM3_Keil.lib(wm.o)
    0x080058d8   0x00000014   Code   RO         3828    i.WM__SelectTopLevelLayer  STemWin532_CM3_Keil.lib(wm.o)
    0x080058ec   0x0000003c   Code   RO         4828    i.WM__SendMessage   STemWin532_CM3_Keil.lib(wm__sendmessage.o)
    0x08005928   0x0000001c   Code   RO         5747    i.WM__SendMessageIfEnabled  STemWin532_CM3_Keil.lib(wm__sendmessageifenabled.o)
    0x08005944   0x00000026   Code   RO         5749    i.WM__SendMessageNoPara  STemWin532_CM3_Keil.lib(wm__sendmessagenopara.o)
    0x0800596a   0x0000000e   Code   RO         3829    i.WM__SendMsgNoData  STemWin532_CM3_Keil.lib(wm.o)
    0x08005978   0x0000003e   Code   RO         4964    i.WM__SendPIDMessage  STemWin532_CM3_Keil.lib(wm_touch.o)
    0x080059b6   0x00000036   Code   RO         4965    i.WM__SendTouchMessage  STemWin532_CM3_Keil.lib(wm_touch.o)
    0x080059ec   0x000000dc   Code   RO         5751    i.WM__UpdateChildPositions  STemWin532_CM3_Keil.lib(wm__updatechildpositions.o)
    0x08005ac8   0x000000f4   Code   RO         1632    i.WriteComm         ili93xx.o
    0x08005bbc   0x000000f0   Code   RO         1633    i.WriteData         ili93xx.o
    0x08005cac   0x00000090   Code   RO         2478    i._AddFreeMemory    STemWin532_CM3_Keil.lib(gui_alloc.o)
    0x08005d3c   0x000000b8   Code   RO         2479    i._Alloc            STemWin532_CM3_Keil.lib(gui_alloc.o)
    0x08005df4   0x00000004   Code   RO         4131    i._CalcSizeOfChar   STemWin532_CM3_Keil.lib(gui_uc_encodenone.o)
    0x08005df8   0x00000048   Code   RO         2641    i._Color2IndexBulk  STemWin532_CM3_Keil.lib(guicc_m565.o)
    0x08005e40   0x0000000e   Code   RO         5268    i._Color2IndexBulk  STemWin532_CM3_Keil.lib(guicc_8888.o)
    0x08005e4e   0x00000002   PAD
    0x08005e50   0x00000054   Code   RO         5259    i._Color2Index_0    STemWin532_CM3_Keil.lib(guicc_0.o)
    0x08005ea4   0x00000002   Code   RO         5269    i._Color2Index_8888  STemWin532_CM3_Keil.lib(guicc_8888.o)
    0x08005ea6   0x00000002   PAD
    0x08005ea8   0x00000028   Code   RO         2642    i._Color2Index_M565  STemWin532_CM3_Keil.lib(guicc_m565.o)
    0x08005ed0   0x0000003e   Code   RO         4464    i._Convert16        STemWin532_CM3_Keil.lib(guidev_writetoactiveopaque.o)
    0x08005f0e   0x0000003e   Code   RO         4465    i._Convert8         STemWin532_CM3_Keil.lib(guidev_writetoactiveopaque.o)
    0x08005f4c   0x000000a2   Code   RO         5907    i._CreateBuffer     STemWin532_CM3_Keil.lib(gui_sprite.o)
    0x08005fee   0x00000002   PAD
    0x08005ff0   0x00000148   Code   RO         4443    i._CreateStaticDevice  STemWin532_CM3_Keil.lib(guidev_staticdevices.o)
    0x08006138   0x00000014   Code   RO         5128    i._DecPointer       STemWin532_CM3_Keil.lib(gui_pid.o)
    0x0800614c   0x00000012   Code   RO         3830    i._DeleteAllChildren  STemWin532_CM3_Keil.lib(wm.o)
    0x0800615e   0x00000002   PAD
    0x08006160   0x00000020   Code   RO         3831    i._DesktopHandle2Index  STemWin532_CM3_Keil.lib(wm.o)
    0x08006180   0x00000074   Code   RO         3967    i._DispLine         STemWin532_CM3_Keil.lib(gui_charline.o)
    0x080061f4   0x0000007a   Code   RO         1909    i._DrawBitLine16BPP  guidrv_template.o
    0x0800626e   0x00000002   PAD
    0x08006270   0x000000f0   Code   RO         1910    i._DrawBitLine1BPP  guidrv_template.o
    0x08006360   0x00000148   Code   RO         3493    i._DrawBitLine1BPP  STemWin532_CM3_Keil.lib(guidev_16.o)
    0x080064a8   0x0000011c   Code   RO         5397    i._DrawBitLine1BPP  STemWin532_CM3_Keil.lib(guidev_32.o)
    0x080065c4   0x0000016c   Code   RO         1911    i._DrawBitLine2BPP  guidrv_template.o
    0x08006730   0x000000e0   Code   RO         3494    i._DrawBitLine2BPP  STemWin532_CM3_Keil.lib(guidev_16.o)
    0x08006810   0x000000e0   Code   RO         5398    i._DrawBitLine2BPP  STemWin532_CM3_Keil.lib(guidev_32.o)
    0x080068f0   0x0000002a   Code   RO         1912    i._DrawBitLine32BPP  guidrv_template.o
    0x0800691a   0x000000a0   Code   RO         5399    i._DrawBitLine32BPP_DDB  STemWin532_CM3_Keil.lib(guidev_32.o)
    0x080069ba   0x00000002   PAD
    0x080069bc   0x0000016c   Code   RO         1913    i._DrawBitLine4BPP  guidrv_template.o
    0x08006b28   0x00000160   Code   RO         3495    i._DrawBitLine4BPP  STemWin532_CM3_Keil.lib(guidev_16.o)
    0x08006c88   0x00000158   Code   RO         5400    i._DrawBitLine4BPP  STemWin532_CM3_Keil.lib(guidev_32.o)
    0x08006de0   0x000000b0   Code   RO         1914    i._DrawBitLine8BPP  guidrv_template.o
    0x08006e90   0x000000fa   Code   RO         1915    i._DrawBitmap       guidrv_template.o
    0x08006f8a   0x00000002   PAD
    0x08006f8c   0x000002a0   Code   RO         3496    i._DrawBitmap       STemWin532_CM3_Keil.lib(guidev_16.o)
    0x0800722c   0x000002a4   Code   RO         5401    i._DrawBitmap       STemWin532_CM3_Keil.lib(guidev_32.o)
    0x080074d0   0x0000001a   Code   RO         1916    i._DrawHLine        guidrv_template.o
    0x080074ea   0x0000000a   Code   RO         3497    i._DrawHLine        STemWin532_CM3_Keil.lib(guidev_16.o)
    0x080074f4   0x0000000a   Code   RO         5402    i._DrawHLine        STemWin532_CM3_Keil.lib(guidev_32.o)
    0x080074fe   0x00000002   PAD
    0x08007500   0x0000005c   Code   RO         3832    i._DrawNext         STemWin532_CM3_Keil.lib(wm.o)
    0x0800755c   0x0000001a   Code   RO         1917    i._DrawVLine        guidrv_template.o
    0x08007576   0x00000002   PAD
    0x08007578   0x000000b8   Code   RO         3498    i._DrawVLine        STemWin532_CM3_Keil.lib(guidev_16.o)
    0x08007630   0x000000ac   Code   RO         5403    i._DrawVLine        STemWin532_CM3_Keil.lib(guidev_32.o)
    0x080076dc   0x00000006   Code   RO         4132    i._Encode           STemWin532_CM3_Keil.lib(gui_uc_encodenone.o)
    0x080076e2   0x00000002   PAD
    0x080076e4   0x00000098   Code   RO         2480    i._EnlargeBlocks    STemWin532_CM3_Keil.lib(gui_alloc.o)
    0x0800777c   0x00000070   Code   RO         3833    i._Exec1Input       STemWin532_CM3_Keil.lib(wm.o)
    0x080077ec   0x0000004c   Code   RO         1918    i._FillRect         guidrv_template.o
    0x08007838   0x000000ac   Code   RO         3499    i._FillRect         STemWin532_CM3_Keil.lib(guidev_16.o)
    0x080078e4   0x000000a4   Code   RO         5404    i._FillRect         STemWin532_CM3_Keil.lib(guidev_32.o)
    0x08007988   0x00000148   Code   RO         3834    i._FindNext_IVR     STemWin532_CM3_Keil.lib(wm.o)
    0x08007ad0   0x0000007c   Code   RO         3835    i._Findx0           STemWin532_CM3_Keil.lib(wm.o)
    0x08007b4c   0x00000072   Code   RO         3836    i._Findx1           STemWin532_CM3_Keil.lib(wm.o)
    0x08007bbe   0x000000a6   Code   RO         3837    i._Findy1           STemWin532_CM3_Keil.lib(wm.o)
    0x08007c64   0x0000007a   Code   RO         5913    i._FlushBuffer      STemWin532_CM3_Keil.lib(gui_sprite.o)
    0x08007cde   0x00000004   Code   RO         5457    i._GUI_USAGE_BM_Delete  STemWin532_CM3_Keil.lib(guidev_usagebm.o)
    0x08007ce2   0x0000006c   Code   RO         5914    i._GetBkIndex       STemWin532_CM3_Keil.lib(gui_sprite.o)
    0x08007d4e   0x00000080   Code   RO         5915    i._GetBkIndexAlpha  STemWin532_CM3_Keil.lib(gui_sprite.o)
    0x08007dce   0x00000004   Code   RO         4133    i._GetCharCode      STemWin532_CM3_Keil.lib(gui_uc_encodenone.o)
    0x08007dd2   0x00000004   Code   RO         4134    i._GetCharSize      STemWin532_CM3_Keil.lib(gui_uc_encodenone.o)
    0x08007dd6   0x00000002   PAD
    0x08007dd8   0x00000014   Code   RO         1919    i._GetDevData       guidrv_template.o
    0x08007dec   0x00000010   Code   RO         3500    i._GetDevData       STemWin532_CM3_Keil.lib(guidev_16.o)
    0x08007dfc   0x00000010   Code   RO         5405    i._GetDevData       STemWin532_CM3_Keil.lib(guidev_32.o)
    0x08007e0c   0x00000054   Code   RO         1920    i._GetDevFunc       guidrv_template.o
    0x08007e60   0x00000010   Code   RO         3501    i._GetDevFunc       STemWin532_CM3_Keil.lib(guidev_16.o)
    0x08007e70   0x00000010   Code   RO         5406    i._GetDevFunc       STemWin532_CM3_Keil.lib(guidev_32.o)
    0x08007e80   0x00000050   Code   RO         1921    i._GetDevProp       guidrv_template.o
    0x08007ed0   0x0000001e   Code   RO         2693    i._GetDevProp       STemWin532_CM3_Keil.lib(lcd_getex.o)
    0x08007eee   0x00000010   Code   RO         3502    i._GetDevProp       STemWin532_CM3_Keil.lib(guidev_16.o)
    0x08007efe   0x0000000c   Code   RO         5407    i._GetDevProp       STemWin532_CM3_Keil.lib(guidev_32.o)
    0x08007f0a   0x00000002   PAD
    0x08007f0c   0x00000040   Code   RO         5921    i._GetDeviceRect    STemWin532_CM3_Keil.lib(gui_sprite.o)
    0x08007f4c   0x00000052   Code   RO         5260    i._GetIndexMask_0   STemWin532_CM3_Keil.lib(guicc_0.o)
    0x08007f9e   0x00000006   Code   RO         5270    i._GetIndexMask_8888  STemWin532_CM3_Keil.lib(guicc_8888.o)
    0x08007fa4   0x00000006   Code   RO         2643    i._GetIndexMask_M565  STemWin532_CM3_Keil.lib(guicc_m565.o)
    0x08007faa   0x0000001e   Code   RO         2694    i._GetMaxValue      STemWin532_CM3_Keil.lib(lcd_getex.o)
    0x08007fc8   0x0000001c   Code   RO         2481    i._GetMinIndex      STemWin532_CM3_Keil.lib(gui_alloc.o)
    0x08007fe4   0x0000001a   Code   RO         1922    i._GetPixelIndex    guidrv_template.o
    0x08007ffe   0x0000000e   Code   RO         3503    i._GetPixelIndex    STemWin532_CM3_Keil.lib(guidev_16.o)
    0x0800800c   0x0000000e   Code   RO         5408    i._GetPixelIndex    STemWin532_CM3_Keil.lib(guidev_32.o)
    0x0800801a   0x0000001a   Code   RO         1923    i._GetRect          guidrv_template.o
    0x08008034   0x00000030   Code   RO         3504    i._GetRect          STemWin532_CM3_Keil.lib(guidev_16.o)
    0x08008064   0x00000030   Code   RO         5409    i._GetRect          STemWin532_CM3_Keil.lib(guidev_32.o)
    0x08008094   0x00000010   Code   RO         4021    i._GotoX            STemWin532_CM3_Keil.lib(gui_goto.o)
    0x080080a4   0x00000010   Code   RO         4022    i._GotoY            STemWin532_CM3_Keil.lib(gui_goto.o)
    0x080080b4   0x0000001c   Code   RO         4040    i._IncPointer       STemWin532_CM3_Keil.lib(gui_onkey.o)
    0x080080d0   0x00000014   Code   RO         5129    i._IncPointer       STemWin532_CM3_Keil.lib(gui_pid.o)
    0x080080e4   0x00000006   Code   RO         4041    i._IncReadPointer   STemWin532_CM3_Keil.lib(gui_onkey.o)
    0x080080ea   0x00000002   PAD
    0x080080ec   0x00000058   Code   RO         2644    i._Index2ColorBulk  STemWin532_CM3_Keil.lib(guicc_m565.o)
    0x08008144   0x0000000e   Code   RO         5271    i._Index2ColorBulk  STemWin532_CM3_Keil.lib(guicc_8888.o)
    0x08008152   0x00000020   Code   RO         5261    i._Index2Color_0    STemWin532_CM3_Keil.lib(guicc_0.o)
    0x08008172   0x0000001c   Code   RO         1924    i._Init             guidrv_template.o
    0x0800818e   0x00000002   PAD
    0x08008190   0x00000070   Code   RO         2538    i._InitContext      STemWin532_CM3_Keil.lib(gui_core.o)
    0x08008200   0x0000002c   Code   RO         1925    i._InitOnce         guidrv_template.o
    0x0800822c   0x000000a8   Code   RO         2482    i._InitOnce         STemWin532_CM3_Keil.lib(gui_alloc.o)
    0x080082d4   0x00000080   Code   RO         3838    i._Invalidate1Abs   STemWin532_CM3_Keil.lib(wm.o)
    0x08008354   0x00000002   Code   RO         3968    i._Log2VisBuffered  STemWin532_CM3_Keil.lib(gui_charline.o)
    0x08008356   0x00000008   Code   RO         4429    i._Min              STemWin532_CM3_Keil.lib(guidev_banding.o)
    0x0800835e   0x0000006e   Code   RO         4899    i._MoveDescendents  STemWin532_CM3_Keil.lib(wm_move.o)
    0x080083cc   0x00000010   Code   RO         1926    i._Off              guidrv_template.o
    0x080083dc   0x00000010   Code   RO         1927    i._On               guidrv_template.o
    0x080083ec   0x00000034   Code   RO         2483    i._OnExit           STemWin532_CM3_Keil.lib(gui_alloc.o)
    0x08008420   0x0000002c   Code   RO         2539    i._OnExit           STemWin532_CM3_Keil.lib(gui_core.o)
    0x0800844c   0x00000034   Code   RO         3839    i._OnExit           STemWin532_CM3_Keil.lib(wm.o)
    0x08008480   0x00000014   Code   RO         4198    i._OnExit           STemWin532_CM3_Keil.lib(lcd_color.o)
    0x08008494   0x00000028   Code   RO         4997    i._OnExit           STemWin532_CM3_Keil.lib(gui__alpha.o)
    0x080084bc   0x00000024   Code   RO         3840    i._Paint1           STemWin532_CM3_Keil.lib(wm.o)
    0x080084e0   0x0000008c   Code   RO         3841    i._Paint1Trans      STemWin532_CM3_Keil.lib(wm.o)
    0x0800856c   0x0000009a   Code   RO         3842    i._PaintTransChildren  STemWin532_CM3_Keil.lib(wm.o)
    0x08008606   0x00000002   PAD
    0x08008608   0x00000040   Code   RO         2484    i._PopFreeBlock     STemWin532_CM3_Keil.lib(gui_alloc.o)
    0x08008648   0x00000028   Code   RO         2485    i._PushFreeBlock    STemWin532_CM3_Keil.lib(gui_alloc.o)
    0x08008670   0x0000001c   Code   RO         5926    i._ReleaseBuffer    STemWin532_CM3_Keil.lib(gui_sprite.o)
    0x0800868c   0x00000034   Code   RO         2486    i._RemoveFreeBlock  STemWin532_CM3_Keil.lib(gui_alloc.o)
    0x080086c0   0x0000005c   Code   RO         5236    i._RemoveFromLinList  STemWin532_CM3_Keil.lib(gui_timer.o)
    0x0800871c   0x000000a0   Code   RO         2487    i._RemoveHoles      STemWin532_CM3_Keil.lib(gui_alloc.o)
    0x080087bc   0x0000005a   Code   RO         4912    i._Screen2hWin      STemWin532_CM3_Keil.lib(wm_screen2win.o)
    0x08008816   0x00000002   PAD
    0x08008818   0x00000024   Code   RO         4913    i._Screen2hWinStop  STemWin532_CM3_Keil.lib(wm_screen2win.o)
    0x0800883c   0x00000020   Code   RO         4168    i._SetBkColor       STemWin532_CM3_Keil.lib(lcd.o)
    0x0800885c   0x0000004a   Code   RO         5929    i._SetBkIndexBuffered  STemWin532_CM3_Keil.lib(gui_sprite.o)
    0x080088a6   0x00000002   PAD
    0x080088a8   0x0000004c   Code   RO         3843    i._SetClipRectUserIntersect  STemWin532_CM3_Keil.lib(wm.o)
    0x080088f4   0x00000020   Code   RO         4169    i._SetColor         STemWin532_CM3_Keil.lib(lcd.o)
    0x08008914   0x0000002c   Code   RO         4170    i._SetDrawMode      STemWin532_CM3_Keil.lib(lcd.o)
    0x08008940   0x00000020   Code   RO         1928    i._SetLUTEntry      guidrv_template.o
    0x08008960   0x0000001e   Code   RO         1929    i._SetOrg           guidrv_template.o
    0x0800897e   0x0000000e   Code   RO         3505    i._SetOrg           STemWin532_CM3_Keil.lib(guidev_16.o)
    0x0800898c   0x00000008   Code   RO         5410    i._SetOrg           STemWin532_CM3_Keil.lib(guidev_32.o)
    0x08008994   0x0000001a   Code   RO         1930    i._SetPixelIndex    guidrv_template.o
    0x080089ae   0x00000002   PAD
    0x080089b0   0x00000048   Code   RO         3506    i._SetPixelIndex    STemWin532_CM3_Keil.lib(guidev_16.o)
    0x080089f8   0x00000048   Code   RO         5411    i._SetPixelIndex    STemWin532_CM3_Keil.lib(guidev_32.o)
    0x08008a40   0x0000045c   Code   RO         5932    i._SetPosition      STemWin532_CM3_Keil.lib(gui_sprite.o)
    0x08008e9c   0x0000003e   Code   RO         1931    i._SetSize          guidrv_template.o
    0x08008eda   0x00000026   Code   RO         1932    i._SetVRAMAddr      guidrv_template.o
    0x08008f00   0x00000020   Code   RO         1933    i._SetVSize         guidrv_template.o
    0x08008f20   0x00000068   Code   RO         5130    i._StoreState       STemWin532_CM3_Keil.lib(gui_pid.o)
    0x08008f88   0x000000ea   Code   RO         2488    i._TestRAM          STemWin532_CM3_Keil.lib(gui_alloc.o)
    0x08009072   0x00000002   PAD
    0x08009074   0x00000050   Code   RO         5237    i._Unlink           STemWin532_CM3_Keil.lib(gui_timer.o)
    0x080090c4   0x0000000e   Code   RO         2489    i._WriteTagData     STemWin532_CM3_Keil.lib(gui_alloc.o)
    0x080090d2   0x00000002   PAD
    0x080090d4   0x00000340   Code   RO         4466    i._WriteToActiveOpaque_8  STemWin532_CM3_Keil.lib(guidev_writetoactiveopaque.o)
    0x08009414   0x00000344   Code   RO         4467    i._WriteToActiveOpaque_HT  STemWin532_CM3_Keil.lib(guidev_writetoactiveopaque.o)
    0x08009758   0x0000003c   Code   RO         3507    i._XY2PTR           STemWin532_CM3_Keil.lib(guidev_16.o)
    0x08009794   0x0000003c   Code   RO         5412    i._XY2PTR           STemWin532_CM3_Keil.lib(guidev_32.o)
    0x080097d0   0x00000030   Code   RO         1934    i._XorPixel         guidrv_template.o
    0x08009800   0x00000054   Code   RO         3508    i._XorPixel         STemWin532_CM3_Keil.lib(guidev_16.o)
    0x08009854   0x00000058   Code   RO         5413    i._XorPixel         STemWin532_CM3_Keil.lib(guidev_32.o)
    0x080098ac   0x00000050   Code   RO         3844    i._cbBackWin        STemWin532_CM3_Keil.lib(wm.o)
    0x080098fc   0x00000044   Code   RO         3845    i._cbPaintMemDev    STemWin532_CM3_Keil.lib(wm.o)
    0x08009940   0x00000006   Code   RO         1578    i._sys_exit         usart.o
    0x08009946   0x00000002   PAD
    0x08009948   0x00000024   Code   RO         1541    i.delay_init        delay.o
    0x0800996c   0x00000036   Code   RO         1542    i.delay_ms          delay.o
    0x080099a2   0x00000002   PAD
    0x080099a4   0x0000004c   Code   RO         1543    i.delay_us          delay.o
    0x080099f0   0x0000008a   Code   RO         4171    i.emWin_LCD_Init    STemWin532_CM3_Keil.lib(lcd.o)
    0x08009a7a   0x00000002   PAD
    0x08009a7c   0x0000008c   Code   RO            2    i.main              main.o
    0x08009b08   0x00000044   Code   RO         2204    i.my_mem_init       malloc.o
    0x08009b4c   0x000000a8   Code   RO         2205    i.my_mem_malloc     malloc.o
    0x08009bf4   0x00000040   Code   RO         2206    i.my_mem_perused    malloc.o
    0x08009c34   0x00000028   Code   RO         2208    i.mymalloc          malloc.o
    0x08009c5c   0x00000014   Code   RO         2210    i.mymemset          malloc.o
    0x08009c70   0x00000150   Code   RO         6114    x$fpl$dadd          fz_ws.l(daddsub_clz.o)
    0x08009dc0   0x0000005e   Code   RO         6120    x$fpl$dfix          fz_ws.l(dfix.o)
    0x08009e1e   0x0000009c   Code   RO         6155    x$fpl$dnaninf       fz_ws.l(dnaninf.o)
    0x08009eba   0x0000000c   Code   RO         6157    x$fpl$dretinf       fz_ws.l(dretinf.o)
    0x08009ec6   0x00000002   PAD
    0x08009ec8   0x000001d4   Code   RO         6116    x$fpl$dsub          fz_ws.l(daddsub_clz.o)
    0x0800a09c   0x00000056   Code   RO         6124    x$fpl$f2d           fz_ws.l(f2d.o)
    0x0800a0f2   0x00000002   PAD
    0x0800a0f4   0x000000c4   Code   RO         6126    x$fpl$fadd          fz_ws.l(faddsub_clz.o)
    0x0800a1b8   0x00000030   Code   RO         6141    x$fpl$fflt          fz_ws.l(fflt_clz.o)
    0x0800a1e8   0x00000102   Code   RO         6146    x$fpl$fmul          fz_ws.l(fmul.o)
    0x0800a2ea   0x0000008c   Code   RO         6159    x$fpl$fnaninf       fz_ws.l(fnaninf.o)
    0x0800a376   0x0000000a   Code   RO         6161    x$fpl$fretinf       fz_ws.l(fretinf.o)
    0x0800a380   0x000000ea   Code   RO         6128    x$fpl$fsub          fz_ws.l(faddsub_clz.o)
    0x0800a46a   0x00000000   Code   RO         6163    x$fpl$usenofp       fz_ws.l(usenofp.o)
    0x0800a46a   0x00000002   PAD
    0x0800a46c   0x00000034   Data   RO         1935    .constdata          guidrv_template.o
    0x0800a4a0   0x00000018   Data   RO         2215    .constdata          malloc.o
    0x0800a4b8   0x00000008   Data   RO         2541    .constdata          STemWin532_CM3_Keil.lib(gui_core.o)
    0x0800a4c0   0x00000018   Data   RO         2645    .constdata          STemWin532_CM3_Keil.lib(guicc_m565.o)
    0x0800a4d8   0x00000518   Data   RO         2788    .constdata          STemWin532_CM3_Keil.lib(f6x8.o)
    0x0800a9f0   0x000001c0   Data   RO         2789    .constdata          STemWin532_CM3_Keil.lib(f6x8.o)
    0x0800abb0   0x00000008   Data   RO         2790    .constdata          STemWin532_CM3_Keil.lib(f6x8.o)
    0x0800abb8   0x00000014   Data   RO         2791    .constdata          STemWin532_CM3_Keil.lib(f6x8.o)
    0x0800abcc   0x00000024   Data   RO         2792    .constdata          STemWin532_CM3_Keil.lib(f6x8.o)
    0x0800abf0   0x00000018   Data   RO         3297    .constdata          STemWin532_CM3_Keil.lib(f24b_ascii.o)
    0x0800ac08   0x00000018   Data   RO         3298    .constdata          STemWin532_CM3_Keil.lib(f24b_ascii.o)
    0x0800ac20   0x00000030   Data   RO         3299    .constdata          STemWin532_CM3_Keil.lib(f24b_ascii.o)
    0x0800ac50   0x00000030   Data   RO         3300    .constdata          STemWin532_CM3_Keil.lib(f24b_ascii.o)
    0x0800ac80   0x00000030   Data   RO         3301    .constdata          STemWin532_CM3_Keil.lib(f24b_ascii.o)
    0x0800acb0   0x00000048   Data   RO         3302    .constdata          STemWin532_CM3_Keil.lib(f24b_ascii.o)
    0x0800acf8   0x00000030   Data   RO         3303    .constdata          STemWin532_CM3_Keil.lib(f24b_ascii.o)
    0x0800ad28   0x00000018   Data   RO         3304    .constdata          STemWin532_CM3_Keil.lib(f24b_ascii.o)
    0x0800ad40   0x00000018   Data   RO         3305    .constdata          STemWin532_CM3_Keil.lib(f24b_ascii.o)
    0x0800ad58   0x00000018   Data   RO         3306    .constdata          STemWin532_CM3_Keil.lib(f24b_ascii.o)
    0x0800ad70   0x00000018   Data   RO         3307    .constdata          STemWin532_CM3_Keil.lib(f24b_ascii.o)
    0x0800ad88   0x00000030   Data   RO         3308    .constdata          STemWin532_CM3_Keil.lib(f24b_ascii.o)
    0x0800adb8   0x00000018   Data   RO         3309    .constdata          STemWin532_CM3_Keil.lib(f24b_ascii.o)
    0x0800add0   0x00000018   Data   RO         3310    .constdata          STemWin532_CM3_Keil.lib(f24b_ascii.o)
    0x0800ade8   0x00000018   Data   RO         3311    .constdata          STemWin532_CM3_Keil.lib(f24b_ascii.o)
    0x0800ae00   0x00000018   Data   RO         3312    .constdata          STemWin532_CM3_Keil.lib(f24b_ascii.o)
    0x0800ae18   0x00000030   Data   RO         3313    .constdata          STemWin532_CM3_Keil.lib(f24b_ascii.o)
    0x0800ae48   0x00000030   Data   RO         3314    .constdata          STemWin532_CM3_Keil.lib(f24b_ascii.o)
    0x0800ae78   0x00000030   Data   RO         3315    .constdata          STemWin532_CM3_Keil.lib(f24b_ascii.o)
    0x0800aea8   0x00000030   Data   RO         3316    .constdata          STemWin532_CM3_Keil.lib(f24b_ascii.o)
    0x0800aed8   0x00000030   Data   RO         3317    .constdata          STemWin532_CM3_Keil.lib(f24b_ascii.o)
    0x0800af08   0x00000030   Data   RO         3318    .constdata          STemWin532_CM3_Keil.lib(f24b_ascii.o)
    0x0800af38   0x00000030   Data   RO         3319    .constdata          STemWin532_CM3_Keil.lib(f24b_ascii.o)
    0x0800af68   0x00000030   Data   RO         3320    .constdata          STemWin532_CM3_Keil.lib(f24b_ascii.o)
    0x0800af98   0x00000030   Data   RO         3321    .constdata          STemWin532_CM3_Keil.lib(f24b_ascii.o)
    0x0800afc8   0x00000030   Data   RO         3322    .constdata          STemWin532_CM3_Keil.lib(f24b_ascii.o)
    0x0800aff8   0x00000018   Data   RO         3323    .constdata          STemWin532_CM3_Keil.lib(f24b_ascii.o)
    0x0800b010   0x00000018   Data   RO         3324    .constdata          STemWin532_CM3_Keil.lib(f24b_ascii.o)
    0x0800b028   0x00000030   Data   RO         3325    .constdata          STemWin532_CM3_Keil.lib(f24b_ascii.o)
    0x0800b058   0x00000030   Data   RO         3326    .constdata          STemWin532_CM3_Keil.lib(f24b_ascii.o)
    0x0800b088   0x00000030   Data   RO         3327    .constdata          STemWin532_CM3_Keil.lib(f24b_ascii.o)
    0x0800b0b8   0x00000030   Data   RO         3328    .constdata          STemWin532_CM3_Keil.lib(f24b_ascii.o)
    0x0800b0e8   0x00000048   Data   RO         3329    .constdata          STemWin532_CM3_Keil.lib(f24b_ascii.o)
    0x0800b130   0x00000030   Data   RO         3330    .constdata          STemWin532_CM3_Keil.lib(f24b_ascii.o)
    0x0800b160   0x00000030   Data   RO         3331    .constdata          STemWin532_CM3_Keil.lib(f24b_ascii.o)
    0x0800b190   0x00000030   Data   RO         3332    .constdata          STemWin532_CM3_Keil.lib(f24b_ascii.o)
    0x0800b1c0   0x00000030   Data   RO         3333    .constdata          STemWin532_CM3_Keil.lib(f24b_ascii.o)
    0x0800b1f0   0x00000030   Data   RO         3334    .constdata          STemWin532_CM3_Keil.lib(f24b_ascii.o)
    0x0800b220   0x00000030   Data   RO         3335    .constdata          STemWin532_CM3_Keil.lib(f24b_ascii.o)
    0x0800b250   0x00000030   Data   RO         3336    .constdata          STemWin532_CM3_Keil.lib(f24b_ascii.o)
    0x0800b280   0x00000030   Data   RO         3337    .constdata          STemWin532_CM3_Keil.lib(f24b_ascii.o)
    0x0800b2b0   0x00000018   Data   RO         3338    .constdata          STemWin532_CM3_Keil.lib(f24b_ascii.o)
    0x0800b2c8   0x00000030   Data   RO         3339    .constdata          STemWin532_CM3_Keil.lib(f24b_ascii.o)
    0x0800b2f8   0x00000030   Data   RO         3340    .constdata          STemWin532_CM3_Keil.lib(f24b_ascii.o)
    0x0800b328   0x00000030   Data   RO         3341    .constdata          STemWin532_CM3_Keil.lib(f24b_ascii.o)
    0x0800b358   0x00000048   Data   RO         3342    .constdata          STemWin532_CM3_Keil.lib(f24b_ascii.o)
    0x0800b3a0   0x00000030   Data   RO         3343    .constdata          STemWin532_CM3_Keil.lib(f24b_ascii.o)
    0x0800b3d0   0x00000030   Data   RO         3344    .constdata          STemWin532_CM3_Keil.lib(f24b_ascii.o)
    0x0800b400   0x00000030   Data   RO         3345    .constdata          STemWin532_CM3_Keil.lib(f24b_ascii.o)
    0x0800b430   0x00000030   Data   RO         3346    .constdata          STemWin532_CM3_Keil.lib(f24b_ascii.o)
    0x0800b460   0x00000030   Data   RO         3347    .constdata          STemWin532_CM3_Keil.lib(f24b_ascii.o)
    0x0800b490   0x00000030   Data   RO         3348    .constdata          STemWin532_CM3_Keil.lib(f24b_ascii.o)
    0x0800b4c0   0x00000030   Data   RO         3349    .constdata          STemWin532_CM3_Keil.lib(f24b_ascii.o)
    0x0800b4f0   0x00000030   Data   RO         3350    .constdata          STemWin532_CM3_Keil.lib(f24b_ascii.o)
    0x0800b520   0x00000030   Data   RO         3351    .constdata          STemWin532_CM3_Keil.lib(f24b_ascii.o)
    0x0800b550   0x00000048   Data   RO         3352    .constdata          STemWin532_CM3_Keil.lib(f24b_ascii.o)
    0x0800b598   0x00000030   Data   RO         3353    .constdata          STemWin532_CM3_Keil.lib(f24b_ascii.o)
    0x0800b5c8   0x00000030   Data   RO         3354    .constdata          STemWin532_CM3_Keil.lib(f24b_ascii.o)
    0x0800b5f8   0x00000030   Data   RO         3355    .constdata          STemWin532_CM3_Keil.lib(f24b_ascii.o)
    0x0800b628   0x00000018   Data   RO         3356    .constdata          STemWin532_CM3_Keil.lib(f24b_ascii.o)
    0x0800b640   0x00000018   Data   RO         3357    .constdata          STemWin532_CM3_Keil.lib(f24b_ascii.o)
    0x0800b658   0x00000018   Data   RO         3358    .constdata          STemWin532_CM3_Keil.lib(f24b_ascii.o)
    0x0800b670   0x00000030   Data   RO         3359    .constdata          STemWin532_CM3_Keil.lib(f24b_ascii.o)
    0x0800b6a0   0x00000030   Data   RO         3360    .constdata          STemWin532_CM3_Keil.lib(f24b_ascii.o)
    0x0800b6d0   0x00000018   Data   RO         3361    .constdata          STemWin532_CM3_Keil.lib(f24b_ascii.o)
    0x0800b6e8   0x00000030   Data   RO         3362    .constdata          STemWin532_CM3_Keil.lib(f24b_ascii.o)
    0x0800b718   0x00000030   Data   RO         3363    .constdata          STemWin532_CM3_Keil.lib(f24b_ascii.o)
    0x0800b748   0x00000030   Data   RO         3364    .constdata          STemWin532_CM3_Keil.lib(f24b_ascii.o)
    0x0800b778   0x00000030   Data   RO         3365    .constdata          STemWin532_CM3_Keil.lib(f24b_ascii.o)
    0x0800b7a8   0x00000030   Data   RO         3366    .constdata          STemWin532_CM3_Keil.lib(f24b_ascii.o)
    0x0800b7d8   0x00000018   Data   RO         3367    .constdata          STemWin532_CM3_Keil.lib(f24b_ascii.o)
    0x0800b7f0   0x00000030   Data   RO         3368    .constdata          STemWin532_CM3_Keil.lib(f24b_ascii.o)
    0x0800b820   0x00000030   Data   RO         3369    .constdata          STemWin532_CM3_Keil.lib(f24b_ascii.o)
    0x0800b850   0x00000018   Data   RO         3370    .constdata          STemWin532_CM3_Keil.lib(f24b_ascii.o)
    0x0800b868   0x00000018   Data   RO         3371    .constdata          STemWin532_CM3_Keil.lib(f24b_ascii.o)
    0x0800b880   0x00000030   Data   RO         3372    .constdata          STemWin532_CM3_Keil.lib(f24b_ascii.o)
    0x0800b8b0   0x00000018   Data   RO         3373    .constdata          STemWin532_CM3_Keil.lib(f24b_ascii.o)
    0x0800b8c8   0x00000048   Data   RO         3374    .constdata          STemWin532_CM3_Keil.lib(f24b_ascii.o)
    0x0800b910   0x00000030   Data   RO         3375    .constdata          STemWin532_CM3_Keil.lib(f24b_ascii.o)
    0x0800b940   0x00000030   Data   RO         3376    .constdata          STemWin532_CM3_Keil.lib(f24b_ascii.o)
    0x0800b970   0x00000030   Data   RO         3377    .constdata          STemWin532_CM3_Keil.lib(f24b_ascii.o)
    0x0800b9a0   0x00000030   Data   RO         3378    .constdata          STemWin532_CM3_Keil.lib(f24b_ascii.o)
    0x0800b9d0   0x00000018   Data   RO         3379    .constdata          STemWin532_CM3_Keil.lib(f24b_ascii.o)
    0x0800b9e8   0x00000030   Data   RO         3380    .constdata          STemWin532_CM3_Keil.lib(f24b_ascii.o)
    0x0800ba18   0x00000018   Data   RO         3381    .constdata          STemWin532_CM3_Keil.lib(f24b_ascii.o)
    0x0800ba30   0x00000030   Data   RO         3382    .constdata          STemWin532_CM3_Keil.lib(f24b_ascii.o)
    0x0800ba60   0x00000030   Data   RO         3383    .constdata          STemWin532_CM3_Keil.lib(f24b_ascii.o)
    0x0800ba90   0x00000030   Data   RO         3384    .constdata          STemWin532_CM3_Keil.lib(f24b_ascii.o)
    0x0800bac0   0x00000030   Data   RO         3385    .constdata          STemWin532_CM3_Keil.lib(f24b_ascii.o)
    0x0800baf0   0x00000030   Data   RO         3386    .constdata          STemWin532_CM3_Keil.lib(f24b_ascii.o)
    0x0800bb20   0x00000030   Data   RO         3387    .constdata          STemWin532_CM3_Keil.lib(f24b_ascii.o)
    0x0800bb50   0x00000018   Data   RO         3388    .constdata          STemWin532_CM3_Keil.lib(f24b_ascii.o)
    0x0800bb68   0x00000018   Data   RO         3389    .constdata          STemWin532_CM3_Keil.lib(f24b_ascii.o)
    0x0800bb80   0x00000018   Data   RO         3390    .constdata          STemWin532_CM3_Keil.lib(f24b_ascii.o)
    0x0800bb98   0x00000030   Data   RO         3391    .constdata          STemWin532_CM3_Keil.lib(f24b_ascii.o)
    0x0800bbc8   0x000002f8   Data   RO         3392    .constdata          STemWin532_CM3_Keil.lib(f24b_ascii.o)
    0x0800bec0   0x0000000c   Data   RO         3393    .constdata          STemWin532_CM3_Keil.lib(f24b_ascii.o)
    0x0800becc   0x00000024   Data   RO         3394    .constdata          STemWin532_CM3_Keil.lib(f24b_ascii.o)
    0x0800bef0   0x00000074   Data   RO         3509    .constdata          STemWin532_CM3_Keil.lib(guidev_16.o)
    0x0800bf64   0x00000020   Data   RO         3917    .constdata          STemWin532_CM3_Keil.lib(gui__divtbl_31_255.o)
    0x0800bf84   0x00000040   Data   RO         3918    .constdata          STemWin532_CM3_Keil.lib(gui__divtbl_63_255.o)
    0x0800bfc4   0x00000100   Data   RO         3919    .constdata          STemWin532_CM3_Keil.lib(gui__divtbl_255_31.o)
    0x0800c0c4   0x00000100   Data   RO         3920    .constdata          STemWin532_CM3_Keil.lib(gui__divtbl_255_63.o)
    0x0800c1c4   0x00000010   Data   RO         3947    .constdata          STemWin532_CM3_Keil.lib(gui_addhex.o)
    0x0800c1d4   0x00000010   Data   RO         4135    .constdata          STemWin532_CM3_Keil.lib(gui_uc_encodenone.o)
    0x0800c1e4   0x0000000c   Data   RO         4172    .constdata          STemWin532_CM3_Keil.lib(lcd.o)
    0x0800c1f0   0x00000100   Data   RO         4207    .constdata          STemWin532_CM3_Keil.lib(lcd_mirror.o)
    0x0800c2f0   0x00000008   Data   RO         4468    .constdata          STemWin532_CM3_Keil.lib(guidev_writetoactiveopaque.o)
    0x0800c2f8   0x00000018   Data   RO         5262    .constdata          STemWin532_CM3_Keil.lib(guicc_0.o)
    0x0800c310   0x00000018   Data   RO         5272    .constdata          STemWin532_CM3_Keil.lib(guicc_8888.o)
    0x0800c328   0x00000074   Data   RO         5414    .constdata          STemWin532_CM3_Keil.lib(guidev_32.o)
    0x0800c39c   0x00000018   Data   RO         5458    .constdata          STemWin532_CM3_Keil.lib(guidev_usagebm.o)
    0x0800c3b4   0x00000020   Data   RO         6311    Region$$Table       anon$$obj.o


    Execution Region RW_IRAM1 (Base: 0x20000000, Size: 0x00008f70, Max: 0x0000c000, ABSOLUTE, COMPRESSED[0x0000005c])

    Base Addr    Size         Type   Attr      Idx    E Section Name        Object

    0x20000000   0x00000004   Data   RW         1544    .data               delay.o
    0x20000004   0x00000006   Data   RW         1582    .data               usart.o
    0x2000000a   0x00000002   PAD
    0x2000000c   0x00000004   Data   RW         2129    .data               gui_x.o
    0x20000010   0x0000001c   Data   RW         2216    .data               malloc.o
    0x2000002c   0x00000008   Data   RW         2491    .data               STemWin532_CM3_Keil.lib(gui_alloc.o)
    0x20000034   0x0000002c   Data   RW         2542    .data               STemWin532_CM3_Keil.lib(gui_core.o)
    0x20000060   0x00000004   Data   RW         2543    .data               STemWin532_CM3_Keil.lib(gui_core.o)
    0x20000064   0x00000004   Data   RW         2545    .data               STemWin532_CM3_Keil.lib(gui_core.o)
    0x20000068   0x00000004   Data   RW         2546    .data               STemWin532_CM3_Keil.lib(gui_core.o)
    0x2000006c   0x00000004   Data   RW         2547    .data               STemWin532_CM3_Keil.lib(gui_core.o)
    0x20000070   0x00000004   Data   RW         2548    .data               STemWin532_CM3_Keil.lib(gui_core.o)
    0x20000074   0x00000004   Data   RW         2549    .data               STemWin532_CM3_Keil.lib(gui_core.o)
    0x20000078   0x00000002   Data   RW         2550    .data               STemWin532_CM3_Keil.lib(gui_core.o)
    0x2000007a   0x00000001   Data   RW         2551    .data               STemWin532_CM3_Keil.lib(gui_core.o)
    0x2000007b   0x00000001   PAD
    0x2000007c   0x00000004   Data   RW         2552    .data               STemWin532_CM3_Keil.lib(gui_core.o)
    0x20000080   0x00000002   Data   RW         2553    .data               STemWin532_CM3_Keil.lib(gui_core.o)
    0x20000082   0x00000002   Data   RW         2554    .data               STemWin532_CM3_Keil.lib(gui_core.o)
    0x20000084   0x00000038   Data   RW         2633    .data               STemWin532_CM3_Keil.lib(gui_touch_driveranalog.o)
    0x200000bc   0x00000008   Data   RW         2646    .data               STemWin532_CM3_Keil.lib(guicc_m565.o)
    0x200000c4   0x00000008   Data   RW         2695    .data               STemWin532_CM3_Keil.lib(lcd_getex.o)
    0x200000cc   0x00000064   Data   RW         3848    .data               STemWin532_CM3_Keil.lib(wm.o)
    0x20000130   0x00000001   Data   RW         3849    .data               STemWin532_CM3_Keil.lib(wm.o)
    0x20000131   0x00000003   PAD
    0x20000134   0x00000018   Data   RW         3933    .data               STemWin532_CM3_Keil.lib(gui__managecache.o)
    0x2000014c   0x00000004   Data   RW         3969    .data               STemWin532_CM3_Keil.lib(gui_charline.o)
    0x20000150   0x00000010   Data   RW         4043    .data               STemWin532_CM3_Keil.lib(gui_onkey.o)
    0x20000160   0x00000008   Data   RW         4069    .data               STemWin532_CM3_Keil.lib(gui_selectlayer.o)
    0x20000168   0x00000004   Data   RW         4091    .data               STemWin532_CM3_Keil.lib(gui_touch.o)
    0x2000016c   0x0000001c   Data   RW         4102    .data               STemWin532_CM3_Keil.lib(gui_touch_calibrate.o)
    0x20000188   0x0000000c   Data   RW         4147    .data               STemWin532_CM3_Keil.lib(gui_waitevent.o)
    0x20000194   0x00000004   Data   RW         4173    .data               STemWin532_CM3_Keil.lib(lcd.o)
    0x20000198   0x00000010   Data   RW         4199    .data               STemWin532_CM3_Keil.lib(lcd_color.o)
    0x200001a8   0x00000004   Data   RW         4430    .data               STemWin532_CM3_Keil.lib(guidev_banding.o)
    0x200001ac   0x00000001   Data   RW         4445    .data               STemWin532_CM3_Keil.lib(guidev_staticdevices.o)
    0x200001ad   0x00000003   PAD
    0x200001b0   0x00000004   Data   RW         4829    .data               STemWin532_CM3_Keil.lib(wm__sendmessage.o)
    0x200001b4   0x0000000c   Data   RW         4970    .data               STemWin532_CM3_Keil.lib(wm_touch.o)
    0x200001c0   0x00000028   Data   RW         4998    .data               STemWin532_CM3_Keil.lib(gui__alpha.o)
    0x200001e8   0x0000000c   Data   RW         5132    .data               STemWin532_CM3_Keil.lib(gui_pid.o)
    0x200001f4   0x00000014   Data   RW         5238    .data               STemWin532_CM3_Keil.lib(gui_timer.o)
    0x20000208   0x00000004   Data   RW         5994    .data               STemWin532_CM3_Keil.lib(lcd_aa.o)
    0x2000020c   0x000000c8   Zero   RW         1581    .bss                usart.o
    0x200002d4   0x0000000c   PAD
    0x200002e0   0x00007f80   Zero   RW         2214    .bss                malloc.o
    0x20008260   0x000000cc   Zero   RW         2490    .bss                STemWin532_CM3_Keil.lib(gui_alloc.o)
    0x2000832c   0x00000070   Zero   RW         2540    .bss                STemWin532_CM3_Keil.lib(gui_core.o)
    0x2000839c   0x00000018   Zero   RW         3846    .bss                STemWin532_CM3_Keil.lib(wm.o)
    0x200083b4   0x00000058   Zero   RW         4042    .bss                STemWin532_CM3_Keil.lib(gui_onkey.o)
    0x2000840c   0x0000000c   Zero   RW         4090    .bss                STemWin532_CM3_Keil.lib(gui_touch.o)
    0x20008418   0x00000018   Zero   RW         4101    .bss                STemWin532_CM3_Keil.lib(gui_touch_calibrate.o)
    0x20008430   0x0000000c   Zero   RW         4112    .bss                STemWin532_CM3_Keil.lib(gui_touch_storestate.o)
    0x2000843c   0x00000048   Zero   RW         4969    .bss                STemWin532_CM3_Keil.lib(wm_touch.o)
    0x20008484   0x00000028   Zero   RW         5069    .bss                STemWin532_CM3_Keil.lib(gui_curs1.o)
    0x200084ac   0x00000048   Zero   RW         5131    .bss                STemWin532_CM3_Keil.lib(gui_pid.o)
    0x200084f4   0x00000018   Zero   RW         5783    .bss                STemWin532_CM3_Keil.lib(wm_pid__getprevstate.o)
    0x2000850c   0x00000060   Zero   RW         6190    .bss                c_w.l(libspace.o)
    0x2000856c   0x00000004   PAD
    0x20008570   0x00000200   Zero   RW          337    HEAP                startup_stm32f10x_hd.o
    0x20008770   0x00000800   Zero   RW          336    STACK               startup_stm32f10x_hd.o



  Load Region LR$$.ARM.__AT_0x68000000 (Base: 0x68000000, Size: 0x00000000, Max: 0x000f0000, ABSOLUTE)

    Execution Region ER$$.ARM.__AT_0x68000000 (Base: 0x68000000, Size: 0x000f0000, Max: 0x000f0000, ABSOLUTE, UNINIT)

    Base Addr    Size         Type   Attr      Idx    E Section Name        Object

    0x68000000   0x000f0000   Zero   RW         2212    .ARM.__AT_0x68000000  malloc.o



  Load Region LR$$.ARM.__AT_0x680F0000 (Base: 0x680f0000, Size: 0x00000000, Max: 0x0000f000, ABSOLUTE)

    Execution Region ER$$.ARM.__AT_0x680F0000 (Base: 0x680f0000, Size: 0x0000f000, Max: 0x0000f000, ABSOLUTE, UNINIT)

    Base Addr    Size         Type   Attr      Idx    E Section Name        Object

    0x680f0000   0x0000f000   Zero   RW         2213    .ARM.__AT_0x680F0000  malloc.o


==============================================================================

Image component sizes


      Code (inc. data)   RO Data    RW Data    ZI Data      Debug   Object Name

         0          0          0          0          0         32   core_cm3.o
       166         10          0          4          0       1683   delay.o
        40         10          0          4          0       1852   gui_x.o
        12          0          0          0          0       1814   gui_x_touch_analog.o
        44          6          0          0          0        531   guiconf.o
      2294         88         52          0          0      66114   guidrv_template.o
      2232        124          0          0          0       6671   ili93xx.o
        88         14          0          0          0        484   key.o
       108         10          0          0          0       4120   lcdconf_flexcolor_template.o
        76          6          0          0          0        476   led.o
       140          8          0          0          0     292531   main.o
       360         42         24         28    1077120       4382   malloc.o
       172         22          0          0          0       2025   misc.o
        64         26        304          0       2560        772   startup_stm32f10x_hd.o
       286          0          0          0          0       2988   stm32f10x_gpio.o
        26          0          0          0          0       3418   stm32f10x_it.o
        96         18          0          0          0       1678   stm32f10x_rcc.o
       246         42          0          0          0       3490   stm32f10x_tim.o
        94          0          0          0          0       2684   stm32f10x_usart.o
       328         26          0          0          0       1673   system_stm32f10x.o
       168         20          0          0          0       1496   timer.o
       154         14          0          6        200       2764   usart.o

    ----------------------------------------------------------------------
      7226        486        412         44    1079892     403678   Object Totals
         0          0         32          0          0          0   (incl. Generated)
        32          0          0          2         12          0   (incl. Padding)

    ----------------------------------------------------------------------

      Code (inc. data)   RO Data    RW Data    ZI Data      Debug   Library Member Name

         0          0       4864          0          0          0   f24b_ascii.o
         0          0       1816          0          0          0   f6x8.o
       856         38          0         40          0        512   gui__alpha.o
       664          0          0          0          0        240   gui__compactpixelindices.o
         0          0        256          0          0          0   gui__divtbl_255_31.o
         0          0        256          0          0          0   gui__divtbl_255_63.o
         0          0         32          0          0          0   gui__divtbl_31_255.o
         0          0         64          0          0          0   gui__divtbl_63_255.o
       322          0          0          0          0        108   gui__expandpixelindices.o
        58          0          0          0          0         68   gui__intersectrect.o
        82          0          0          0          0         80   gui__intersectrects.o
       228          8          0         24          0        156   gui__managecache.o
        76          0          0          0          0         76   gui__memset.o
        60          0          0          0          0         76   gui__memset16.o
        44          6         16          0          0         76   gui_addhex.o
      1806        104          0          8        204       1764   gui_alloc.o
        36          0          0          0          0         80   gui_alloc_alloczero.o
        60          0          0          0          0         76   gui_calccolordist.o
        96         22          0          0          0        272   gui_char.o
       458         36          0          4          0        472   gui_charline.o
       394         10          0          0          0        300   gui_charm.o
       308         10          0          0          0        384   gui_charp.o
       492         76          8         79        112        628   gui_core.o
       112          6          0          0         40         92   gui_curs1.o
       344         24          0          0          0        448   gui_device.o
        30          0          0          0          0         80   gui_disphex.o
       256          4          0          0          0         88   gui_dispstring.o
        16          4          0          0          0         68   gui_dispstringat.o
        68          8          0          0          0        152   gui_exec.o
       160          0          0          0          0        152   gui_getbitmappixelindex.o
        28          0          0          0          0        160   gui_getcolor.o
        32         10          0          0          0        136   gui_getorg.o
        52         12          0          0          0        216   gui_goto.o
        88          0          0          0          0         76   gui_mergerect.o
        30          0          0          0          0         68   gui_moverect.o
        94         14          0         16         88        284   gui_onkey.o
        16          4          0          0          0         68   gui_pen.o
       264         38          0         12         72        456   gui_pid.o
        56          0          0          0          0         68   gui_rectsintersect.o
        32         10          0          0          0        136   gui_savecontext.o
        94         14          0          8          0        296   gui_selectlayer.o
        18          0          0          0          0         80   gui_selectlcd.o
        36          4          0          0          0         76   gui_setalpha.o
         8          0          0          0          0        136   gui_setcolor.o
        64          6          0          0          0         80   gui_setdefault.o
         4          0          0          0          0         68   gui_setdrawmode.o
        20          6          0          0          0         68   gui_setfont.o
        16          4          0          0          0         68   gui_setlinestyle.o
        56         18          0          0          0         80   gui_setorg.o
        20          6          0          0          0         68   gui_settextalign.o
        20          6          0          0          0         68   gui_settextmode.o
      1812         20          0          0          0        808   gui_sprite.o
        42          0          0          0          0         80   gui_time.o
       332         16          0         20          0        484   gui_timer.o
        72         10          0          4         12         80   gui_touch.o
       256         20          0         28         24        184   gui_touch_calibrate.o
       156          6          0         56          0         88   gui_touch_driveranalog.o
        12          6          0          0         12         68   gui_touch_storestate.o
        84         10          0          0          0        168   gui_uc.o
        18          0         16          0          0        272   gui_uc_encodenone.o
        16          4          0         12          0         68   gui_waitevent.o
       198          0         24          0          0        244   guicc_0.o
        36          0         24          0          0        288   guicc_8888.o
         2          0          0          0          0         68   guicc_8888_index2color.o
         2          0          0          0          0         68   guicc_888_index2color.o
       250         42         24          8          0        412   guicc_m565.o
       756         38          0          0          0        680   guidev.o
      2282         60        116          0          0       1336   guidev_16.o
      2368         62        116          0          0       1440   guidev_32.o
       340         12          0          4          0        168   guidev_banding.o
        60          6          0          0          0         76   guidev_clear.o
        26          0          0          0          0         80   guidev_getdataptr.o
        40          6          0          0          0         80   guidev_getysize.o
        44          4          0          0          0         80   guidev_reduceysize.o
        88          4          0          0          0         80   guidev_setorg.o
       358         20          0          1          0        188   guidev_staticdevices.o
        76          0          0          0          0        164   guidev_usage.o
       416          6         24          0          0        460   guidev_usagebm.o
       106          4          0          0          0        148   guidev_write.o
       400         14          0          0          0         96   guidev_writetoactivealpha.o
      1854         18          8          0          0        492   guidev_writetoactiveopaque.o
      1646        110         12          4          0       1348   lcd.o
        16          6          0          4          0         68   lcd_aa.o
       272         30          0         16          0        392   lcd_color.o
        32         12          0          0          0        136   lcd_getcolorindex.o
       432         48          0          8          0       1680   lcd_getex.o
        26          0          0          0          0         80   lcd_getnumdisplays.o
         0          0        256          0          0          0   lcd_mirror.o
       504         18          0          0          0        184   lcd_readrect.o
        64          8          0          0          0         80   lcd_selectlcd.o
       220          0          0          0          0        420   lcd_set.o
        48         10          0          0          0         80   lcd_setcliprectex.o
        36          4          0          0          0         80   lcd_updatecolorindices.o
      4580        224          0        101         24       4040   wm.o
        18          0          0          0          0         76   wm__getfirstsibling.o
        36          0          0          0          0         80   wm__getprevsibling.o
        34          0          0          0          0         80   wm__isancestor.o
        22          0          0          0          0         76   wm__isenabled.o
        60          6          0          4          0         88   wm__sendmessage.o
        28          0          0          0          0         92   wm__sendmessageifenabled.o
        38          0          0          0          0         80   wm__sendmessagenopara.o
       220          0          0          0          0         96   wm__updatechildpositions.o
       126          0          0          0          0         92   wm_bringtobottom.o
        60         12          0          0          0        136   wm_criticalhandle.o
        32          0          0          0          0         80   wm_getclientrect.o
        24         10          0          0          0         68   wm_getdesktopwindow.o
        20          4          0          0          0         68   wm_getdesktopwindowex.o
        14          0          0          0          0         76   wm_getfirstchild.o
        22          0          0          0          0         76   wm_getorg.o
        14          0          0          0          0         76   wm_getparent.o
         4          0          0          0          0         68   wm_iswindow.o
       268          0          0          0          0        252   wm_move.o
        16          0          0          0          0         76   wm_notifyparent.o
        56          8          0          0          0         84   wm_onkey.o
        24          6          0          0         24         68   wm_pid__getprevstate.o
       236          0          0          0          0         88   wm_resizewindow.o
       184          6          0          0          0        312   wm_screen2win.o
         4          0          0          0          0         68   wm_sendmessagenopara.o
        30          0          0          0          0         92   wm_sendtoparent.o
        48          8          0          0          0        148   wm_setcapture.o
        62          0          0          0          0         84   wm_setsize.o
       106          0          0          0          0        164   wm_timer.o
      1100         46          0         12         72        344   wm_touch.o
        90          0          0          0          0          0   __dczerorl2.o
         8          0          0          0          0         68   __main.o
         0          0          0          0          0          0   __rtentry.o
        12          0          0          0          0          0   __rtentry2.o
         6          0          0          0          0          0   __rtentry4.o
        52          8          0          0          0          0   __scatter.o
        28          0          0          0          0          0   __scatter_zi.o
        16          0          0          0          0         68   aeabi_memset.o
        12          0          0          0          0         72   exit.o
         6          0          0          0          0        152   heapauxi.o
         2          0          0          0          0          0   libinit.o
         2          0          0          0          0          0   libinit2.o
         2          0          0          0          0          0   libshutdown.o
         2          0          0          0          0          0   libshutdown2.o
         8          4          0          0         96         68   libspace.o
        88          0          0          0          0         76   memcmp.o
        68          0          0          0          0         68   rt_memclr.o
        78          0          0          0          0         80   rt_memclr_w.o
       138          0          0          0          0         68   rt_memcpy_v6.o
       100          0          0          0          0         80   rt_memcpy_w.o
       132          0          0          0          0         68   rt_memmove_v6.o
       122          0          0          0          0         80   rt_memmove_w.o
         2          0          0          0          0          0   rtexit.o
        10          0          0          0          0          0   rtexit2.o
        74          0          0          0          0         80   sys_stackheap_outer.o
         2          0          0          0          0         68   use_no_semi.o
         2          0          0          0          0         68   use_no_semi_2.o
       804         16          0          0          0        272   daddsub_clz.o
        94          4          0          0          0         92   dfix.o
       156          4          0          0          0         92   dnaninf.o
        12          0          0          0          0         68   dretinf.o
        86          4          0          0          0         84   f2d.o
       430          8          0          0          0        168   faddsub_clz.o
        48          0          0          0          0         68   fflt_clz.o
       258          4          0          0          0         84   fmul.o
       140          4          0          0          0         84   fnaninf.o
        10          0          0          0          0         68   fretinf.o
         0          0          0          0          0          0   usenofp.o

    ----------------------------------------------------------------------
     34562       1528       7932        480        784      32172   Library Totals
       104          0          0          7          4          0   (incl. Padding)

    ----------------------------------------------------------------------

      Code (inc. data)   RO Data    RW Data    ZI Data      Debug   Library Name

     31358       1472       7932        473        684      29928   STemWin532_CM3_Keil.lib
      1062         12          0          0         96       1164   c_w.l
      2038         44          0          0          0       1080   fz_ws.l

    ----------------------------------------------------------------------
     34562       1528       7932        480        784      32172   Library Totals

    ----------------------------------------------------------------------

==============================================================================


      Code (inc. data)   RO Data    RW Data    ZI Data      Debug   

     41788       2014       8344        524    1080676     410626   Grand Totals
     41788       2014       8344         92    1080676     410626   ELF Image Totals (compressed)
     41788       2014       8344         92          0          0   ROM Totals

==============================================================================

    Total RO  Size (Code + RO Data)                50132 (  48.96kB)
    Total RW  Size (RW Data + ZI Data)           1081200 (1055.86kB)
    Total ROM Size (Code + RO Data + RW Data)      50224 (  49.05kB)

==============================================================================

