Component: ARM Compiler 5.05 update 2 (build 169) Tool: armlink [4d0f33]

==============================================================================

Section Cross References

    main.o(i.ceshi_ID) refers to ili93xx.o(i.WriteComm) for WriteComm
    main.o(i.ceshi_ID) refers to delay.o(i.delay_us) for delay_us
    main.o(i.ceshi_ID) refers to ili93xx.o(i.LCD_RD_DATA) for LCD_RD_DATA
    main.o(i.ceshi_ID) refers to gui_disphex.o(i.GUI_DispHexAt) for GUI_DispHexAt
    main.o(i.main) refers to delay.o(i.delay_init) for delay_init
    main.o(i.main) refers to misc.o(i.NVIC_PriorityGroupConfig) for NVIC_PriorityGroupConfig
    main.o(i.main) refers to timer.o(i.TIM3_Int_Init) for TIM3_Int_Init
    main.o(i.main) refers to malloc.o(i.my_mem_init) for my_mem_init
    main.o(i.main) refers to stm32f10x_rcc.o(i.RCC_AHBPeriphClockCmd) for RCC_AHBPeriphClockCmd
    main.o(i.main) refers to test.o(i.MainTask) for MainTask
    system_stm32f10x.o(i.SetSysClock) refers to system_stm32f10x.o(i.SetSysClockTo72) for SetSysClockTo72
    system_stm32f10x.o(i.SystemCoreClockUpdate) refers to system_stm32f10x.o(.data) for SystemCoreClock
    system_stm32f10x.o(i.SystemInit) refers to system_stm32f10x.o(i.SetSysClock) for SetSysClock
    startup_stm32f10x_hd.o(STACK) refers (Special) to heapauxi.o(.text) for __use_two_region_memory
    startup_stm32f10x_hd.o(HEAP) refers (Special) to heapauxi.o(.text) for __use_two_region_memory
    startup_stm32f10x_hd.o(RESET) refers (Special) to heapauxi.o(.text) for __use_two_region_memory
    startup_stm32f10x_hd.o(RESET) refers to startup_stm32f10x_hd.o(STACK) for __initial_sp
    startup_stm32f10x_hd.o(RESET) refers to startup_stm32f10x_hd.o(.text) for Reset_Handler
    startup_stm32f10x_hd.o(RESET) refers to stm32f10x_it.o(i.NMI_Handler) for NMI_Handler
    startup_stm32f10x_hd.o(RESET) refers to stm32f10x_it.o(i.HardFault_Handler) for HardFault_Handler
    startup_stm32f10x_hd.o(RESET) refers to stm32f10x_it.o(i.MemManage_Handler) for MemManage_Handler
    startup_stm32f10x_hd.o(RESET) refers to stm32f10x_it.o(i.BusFault_Handler) for BusFault_Handler
    startup_stm32f10x_hd.o(RESET) refers to stm32f10x_it.o(i.UsageFault_Handler) for UsageFault_Handler
    startup_stm32f10x_hd.o(RESET) refers to stm32f10x_it.o(i.SVC_Handler) for SVC_Handler
    startup_stm32f10x_hd.o(RESET) refers to stm32f10x_it.o(i.DebugMon_Handler) for DebugMon_Handler
    startup_stm32f10x_hd.o(RESET) refers to stm32f10x_it.o(i.PendSV_Handler) for PendSV_Handler
    startup_stm32f10x_hd.o(RESET) refers to stm32f10x_it.o(i.SysTick_Handler) for SysTick_Handler
    startup_stm32f10x_hd.o(RESET) refers to timer.o(i.TIM3_IRQHandler) for TIM3_IRQHandler
    startup_stm32f10x_hd.o(RESET) refers to usart.o(i.USART1_IRQHandler) for USART1_IRQHandler
    startup_stm32f10x_hd.o(RESET) refers to timer.o(i.TIM6_IRQHandler) for TIM6_IRQHandler
    startup_stm32f10x_hd.o(.text) refers (Special) to heapauxi.o(.text) for __use_two_region_memory
    startup_stm32f10x_hd.o(.text) refers to system_stm32f10x.o(i.SystemInit) for SystemInit
    startup_stm32f10x_hd.o(.text) refers to __main.o(!!!main) for __main
    startup_stm32f10x_hd.o(.text) refers to startup_stm32f10x_hd.o(HEAP) for Heap_Mem
    startup_stm32f10x_hd.o(.text) refers to startup_stm32f10x_hd.o(STACK) for Stack_Mem
    stm32f10x_gpio.o(i.GPIO_AFIODeInit) refers to stm32f10x_rcc.o(i.RCC_APB2PeriphResetCmd) for RCC_APB2PeriphResetCmd
    stm32f10x_gpio.o(i.GPIO_DeInit) refers to stm32f10x_rcc.o(i.RCC_APB2PeriphResetCmd) for RCC_APB2PeriphResetCmd
    stm32f10x_rcc.o(i.RCC_GetClocksFreq) refers to stm32f10x_rcc.o(.data) for APBAHBPrescTable
    stm32f10x_rcc.o(i.RCC_WaitForHSEStartUp) refers to stm32f10x_rcc.o(i.RCC_GetFlagStatus) for RCC_GetFlagStatus
    stm32f10x_usart.o(i.USART_DeInit) refers to stm32f10x_rcc.o(i.RCC_APB2PeriphResetCmd) for RCC_APB2PeriphResetCmd
    stm32f10x_usart.o(i.USART_DeInit) refers to stm32f10x_rcc.o(i.RCC_APB1PeriphResetCmd) for RCC_APB1PeriphResetCmd
    stm32f10x_usart.o(i.USART_Init) refers to stm32f10x_rcc.o(i.RCC_GetClocksFreq) for RCC_GetClocksFreq
    stm32f10x_tim.o(i.TIM_DeInit) refers to stm32f10x_rcc.o(i.RCC_APB2PeriphResetCmd) for RCC_APB2PeriphResetCmd
    stm32f10x_tim.o(i.TIM_DeInit) refers to stm32f10x_rcc.o(i.RCC_APB1PeriphResetCmd) for RCC_APB1PeriphResetCmd
    stm32f10x_tim.o(i.TIM_ETRClockMode1Config) refers to stm32f10x_tim.o(i.TIM_ETRConfig) for TIM_ETRConfig
    stm32f10x_tim.o(i.TIM_ETRClockMode2Config) refers to stm32f10x_tim.o(i.TIM_ETRConfig) for TIM_ETRConfig
    stm32f10x_tim.o(i.TIM_ICInit) refers to stm32f10x_tim.o(i.TI1_Config) for TI1_Config
    stm32f10x_tim.o(i.TIM_ICInit) refers to stm32f10x_tim.o(i.TIM_SetIC1Prescaler) for TIM_SetIC1Prescaler
    stm32f10x_tim.o(i.TIM_ICInit) refers to stm32f10x_tim.o(i.TI2_Config) for TI2_Config
    stm32f10x_tim.o(i.TIM_ICInit) refers to stm32f10x_tim.o(i.TIM_SetIC2Prescaler) for TIM_SetIC2Prescaler
[...]
    0x0800316c   0x00000010   Code   RO         3403    i.GUI__ManageCache  STemWin526_CM3_Keil.lib(gui__managecache.o)
    0x0800317c   0x000000c8   Code   RO         3404    i.GUI__ManageCacheEx  STemWin526_CM3_Keil.lib(gui__managecache.o)
    0x08003244   0x00000060   Code   RO         3375    i.GUI__MixColors    STemWin526_CM3_Keil.lib(gui__alpha.o)
    0x080032a4   0x0000004e   Code   RO         3376    i.GUI__MixColorsBulk  STemWin526_CM3_Keil.lib(gui__alpha.o)
    0x080032f2   0x00000002   PAD
    0x080032f4   0x00000010   Code   RO         2289    i.GUI__RegisterExit  STemWin526_CM3_Keil.lib(gui_core.o)
    0x08003304   0x00000074   Code   RO         3018    i.GUI__SinHQ        STemWin526_CM3_Keil.lib(gui__sinhq.o)
    0x08003378   0x0000004c   Code   RO         3011    i.GUI__memset       STemWin526_CM3_Keil.lib(gui__memset.o)
    0x080033c4   0x0000003c   Code   RO         3013    i.GUI__memset16     STemWin526_CM3_Keil.lib(gui__memset16.o)
    0x08003400   0x00000004   Code   RO          224    i.HardFault_Handler  stm32f10x_it.o
    0x08003404   0x00000010   Code   RO         3559    i.LCD_AA_SetAndMask  STemWin526_CM3_Keil.lib(lcd_aa.o)
    0x08003414   0x0000001c   Code   RO         3155    i.LCD_Color2Index   STemWin526_CM3_Keil.lib(lcd.o)
    0x08003430   0x00000204   Code   RO         3156    i.LCD_DrawBitmap    STemWin526_CM3_Keil.lib(lcd.o)
    0x08003634   0x00000058   Code   RO         3157    i.LCD_DrawHLine     STemWin526_CM3_Keil.lib(lcd.o)
    0x0800368c   0x00000068   Code   RO         3158    i.LCD_DrawPixel     STemWin526_CM3_Keil.lib(lcd.o)
    0x080036f4   0x00000064   Code   RO         1615    i.LCD_FSMC_Config   ili93xx.o
    0x08003758   0x00000058   Code   RO         3160    i.LCD_FillRect      STemWin526_CM3_Keil.lib(lcd.o)
    0x080037b0   0x000000d4   Code   RO         1616    i.LCD_GPIO_Config   ili93xx.o
    0x08003884   0x00000006   Code   RO         2464    i.LCD_GetBitsPerPixelEx  STemWin526_CM3_Keil.lib(lcd_getex.o)
    0x0800388a   0x00000002   PAD
    0x0800388c   0x00000010   Code   RO         3781    i.LCD_GetBkColorIndex  STemWin526_CM3_Keil.lib(lcd_getcolorindex.o)
    0x0800389c   0x00000010   Code   RO         3782    i.LCD_GetColorIndex  STemWin526_CM3_Keil.lib(lcd_getcolorindex.o)
    0x080038ac   0x00000010   Code   RO         2471    i.LCD_GetNumColors  STemWin526_CM3_Keil.lib(lcd_getex.o)
    0x080038bc   0x00000006   Code   RO         2472    i.LCD_GetNumColorsEx  STemWin526_CM3_Keil.lib(lcd_getex.o)
    0x080038c2   0x0000001a   Code   RO         3574    i.LCD_GetNumLayers  STemWin526_CM3_Keil.lib(lcd_getnumdisplays.o)
    0x080038dc   0x00000010   Code   RO         2473    i.LCD_GetPalette    STemWin526_CM3_Keil.lib(lcd_getex.o)
    0x080038ec   0x00000018   Code   RO         2474    i.LCD_GetPaletteEx  STemWin526_CM3_Keil.lib(lcd_getex.o)
    0x08003904   0x0000002c   Code   RO         2539    i.LCD_GetPosEx      STemWin526_CM3_Keil.lib(lcd_set.o)
    0x08003930   0x00000006   Code   RO         2478    i.LCD_GetVXSizeEx   STemWin526_CM3_Keil.lib(lcd_getex.o)
    0x08003936   0x00000006   Code   RO         2479    i.LCD_GetVXSizeMax  STemWin526_CM3_Keil.lib(lcd_getex.o)
    0x0800393c   0x00000006   Code   RO         2481    i.LCD_GetVYSizeEx   STemWin526_CM3_Keil.lib(lcd_getex.o)
    0x08003942   0x00000002   PAD
    0x08003944   0x00000010   Code   RO         2485    i.LCD_GetXSize      STemWin526_CM3_Keil.lib(lcd_getex.o)
    0x08003954   0x00000006   Code   RO         2486    i.LCD_GetXSizeEx    STemWin526_CM3_Keil.lib(lcd_getex.o)
    0x0800395a   0x00000002   PAD
    0x0800395c   0x00000010   Code   RO         2490    i.LCD_GetYSize      STemWin526_CM3_Keil.lib(lcd_getex.o)
    0x0800396c   0x00000006   Code   RO         2491    i.LCD_GetYSizeEx    STemWin526_CM3_Keil.lib(lcd_getex.o)
    0x08003972   0x00000004   Code   RO         3194    i.LCD_GetpPalConvTableBM  STemWin526_CM3_Keil.lib(lcd_color.o)
    0x08003976   0x00000002   PAD
    0x08003978   0x00000048   Code   RO         3195    i.LCD_GetpPalConvTableUncached  STemWin526_CM3_Keil.lib(lcd_color.o)
    0x080039c0   0x0000001c   Code   RO         3161    i.LCD_Index2Color   STemWin526_CM3_Keil.lib(lcd.o)
    0x080039dc   0x00000002   Code   RO         3777    i.LCD_Index2Color_888  STemWin526_CM3_Keil.lib(guicc_888_index2color.o)
    0x080039de   0x00000002   Code   RO         3779    i.LCD_Index2Color_8888  STemWin526_CM3_Keil.lib(guicc_8888_index2color.o)
    0x080039e0   0x0000002c   Code   RO         2447    i.LCD_Index2Color_M565  STemWin526_CM3_Keil.lib(guicc_m565.o)
    0x08003a0c   0x00000034   Code   RO         3196    i.LCD_InitColors    STemWin526_CM3_Keil.lib(lcd_color.o)
    0x08003a40   0x00000070   Code   RO         3197    i.LCD_InitLUT       STemWin526_CM3_Keil.lib(lcd_color.o)
    0x08003ab0   0x00000198   Code   RO         3790    i.LCD_ReadRectEx    STemWin526_CM3_Keil.lib(lcd_readrect.o)
    0x08003c48   0x00000040   Code   RO         3797    i.LCD_SelectLCD     STemWin526_CM3_Keil.lib(lcd_selectlcd.o)
    0x08003c88   0x0000000c   Code   RO         3162    i.LCD_SetBkColor    STemWin526_CM3_Keil.lib(lcd.o)
    0x08003c94   0x00000018   Code   RO         3163    i.LCD_SetBkColorIndex  STemWin526_CM3_Keil.lib(lcd.o)
    0x08003cac   0x00000030   Code   RO         3576    i.LCD_SetClipRectEx  STemWin526_CM3_Keil.lib(lcd_setcliprectex.o)
    0x08003cdc   0x0000001c   Code   RO         3164    i.LCD_SetClipRectMax  STemWin526_CM3_Keil.lib(lcd.o)
    0x08003cf8   0x0000000c   Code   RO         3165    i.LCD_SetColor      STemWin526_CM3_Keil.lib(lcd.o)
    0x08003d04   0x00000018   Code   RO         3166    i.LCD_SetColorIndex  STemWin526_CM3_Keil.lib(lcd.o)
    0x08003d1c   0x0000000c   Code   RO         3167    i.LCD_SetDrawMode   STemWin526_CM3_Keil.lib(lcd.o)
    0x08003d28   0x0000002c   Code   RO         2552    i.LCD_SetLUTEntryEx  STemWin526_CM3_Keil.lib(lcd_set.o)
    0x08003d54   0x0000002c   Code   RO         2554    i.LCD_SetPosEx      STemWin526_CM3_Keil.lib(lcd_set.o)
    0x08003d80   0x0000002c   Code   RO         2556    i.LCD_SetSizeEx     STemWin526_CM3_Keil.lib(lcd_set.o)
    0x08003dac   0x0000002c   Code   RO         2560    i.LCD_SetVSizeEx    STemWin526_CM3_Keil.lib(lcd_set.o)
    0x08003dd8   0x00000024   Code   RO         3578    i.LCD_UpdateColorIndices  STemWin526_CM3_Keil.lib(lcd_updatecolorindices.o)
    0x08003dfc   0x00000094   Code   RO         2019    i.LCD_X_Config      lcdconf_flexcolor_template.o
    0x08003e90   0x00000024   Code   RO         2020    i.LCD_X_DisplayDriver  lcdconf_flexcolor_template.o
    0x08003eb4   0x000001b4   Code   RO         3168    i.LCD__DrawBitmap_1bpp  STemWin526_CM3_Keil.lib(lcd.o)
    0x08004068   0x0000005c   Code   RO         2495    i.LCD__GetBPP       STemWin526_CM3_Keil.lib(lcd_getex.o)
    0x080040c4   0x00000032   Code   RO         2496    i.LCD__GetBPPDevice  STemWin526_CM3_Keil.lib(lcd_getex.o)
    0x080040f6   0x00000002   PAD
    0x080040f8   0x00000028   Code   RO         1620    i.LCD_rst           ili93xx.o
    0x08004120   0x00000018   Code   RO         2021    i.LcdReadDataMultiple  lcdconf_flexcolor_template.o
    0x08004138   0x0000000c   Code   RO         2022    i.LcdWriteData      lcdconf_flexcolor_template.o
    0x08004144   0x00000018   Code   RO         2023    i.LcdWriteDataMultiple  lcdconf_flexcolor_template.o
    0x0800415c   0x00000008   Code   RO         2024    i.LcdWriteReg       lcdconf_flexcolor_template.o
    0x08004164   0x00000340   Code   RO         1623    i.Lcd_Initialize    ili93xx.o
    0x080044a4   0x00000012   Code   RO         1744    i.MainTask          test.o
    0x080044b6   0x00000004   Code   RO          225    i.MemManage_Handler  stm32f10x_it.o
    0x080044ba   0x00000002   Code   RO          226    i.NMI_Handler       stm32f10x_it.o
    0x080044bc   0x00000070   Code   RO          651    i.NVIC_Init         misc.o
    0x0800452c   0x00000014   Code   RO          652    i.NVIC_PriorityGroupConfig  misc.o
    0x08004540   0x00000002   Code   RO          227    i.PendSV_Handler    stm32f10x_it.o
    0x08004542   0x00000002   PAD
    0x08004544   0x00000020   Code   RO          452    i.RCC_AHBPeriphClockCmd  stm32f10x_rcc.o
    0x08004564   0x00000020   Code   RO          453    i.RCC_APB1PeriphClockCmd  stm32f10x_rcc.o
    0x08004584   0x00000020   Code   RO          455    i.RCC_APB2PeriphClockCmd  stm32f10x_rcc.o
    0x080045a4   0x00000002   Code   RO          228    i.SVC_Handler       stm32f10x_it.o
    0x080045a6   0x00000008   Code   RO          285    i.SetSysClock       system_stm32f10x.o
    0x080045ae   0x00000002   PAD
    0x080045b0   0x000000e0   Code   RO          286    i.SetSysClockTo72   system_stm32f10x.o
    0x08004690   0x00000028   Code   RO          655    i.SysTick_CLKSourceConfig  misc.o
    0x080046b8   0x00000002   Code   RO          229    i.SysTick_Handler   stm32f10x_it.o
    0x080046ba   0x00000002   PAD
    0x080046bc   0x00000060   Code   RO          288    i.SystemInit        system_stm32f10x.o
    0x0800471c   0x00000028   Code   RO         1705    i.TIM3_IRQHandler   timer.o
    0x08004744   0x00000060   Code   RO         1706    i.TIM3_Int_Init     timer.o
    0x080047a4   0x00000020   Code   RO         1707    i.TIM6_IRQHandler   timer.o
    0x080047c4   0x00000006   Code   RO          998    i.TIM_ClearITPendingBit  stm32f10x_tim.o
    0x080047ca   0x00000018   Code   RO         1003    i.TIM_Cmd           stm32f10x_tim.o
    0x080047e2   0x00000022   Code   RO         1024    i.TIM_GetITStatus   stm32f10x_tim.o
    0x08004804   0x00000012   Code   RO         1028    i.TIM_ITConfig      stm32f10x_tim.o
    0x08004816   0x00000002   PAD
    0x08004818   0x000000a4   Code   RO         1074    i.TIM_TimeBaseInit  stm32f10x_tim.o
    0x080048bc   0x00000094   Code   RO         1571    i.USART1_IRQHandler  usart.o
    0x08004950   0x00000054   Code   RO          695    i.USART_GetITStatus  stm32f10x_usart.o
    0x080049a4   0x0000000a   Code   RO          705    i.USART_ReceiveData  stm32f10x_usart.o
    0x080049ae   0x00000004   Code   RO          230    i.UsageFault_Handler  stm32f10x_it.o
    0x080049b2   0x00000002   PAD
    0x080049b4   0x00000010   Code   RO         3254    i.WM_Activate       STemWin526_CM3_Keil.lib(wm.o)
    0x080049c4   0x0000007e   Code   RO         3623    i.WM_BringToBottom  STemWin526_CM3_Keil.lib(wm_bringtobottom.o)
    0x08004a42   0x00000002   PAD
    0x08004a44   0x00000148   Code   RO         3256    i.WM_CreateWindowAsChild  STemWin526_CM3_Keil.lib(wm.o)
    0x08004b8c   0x00000014   Code   RO         3257    i.WM_Deactivate     STemWin526_CM3_Keil.lib(wm.o)
    0x08004ba0   0x00000046   Code   RO         3258    i.WM_DefaultProc    STemWin526_CM3_Keil.lib(wm.o)
    0x08004be6   0x00000020   Code   RO         3644    i.WM_DeleteTimer    STemWin526_CM3_Keil.lib(wm_timer.o)
    0x08004c06   0x00000002   PAD
    0x08004c08   0x000000c4   Code   RO         3259    i.WM_DeleteWindow   STemWin526_CM3_Keil.lib(wm.o)
    0x08004ccc   0x00000078   Code   RO         3260    i.WM_Exec           STemWin526_CM3_Keil.lib(wm.o)
    0x08004d44   0x00000018   Code   RO         3367    i.WM_GetDesktopWindow  STemWin526_CM3_Keil.lib(wm_getdesktopwindow.o)
    0x08004d5c   0x00000014   Code   RO         3996    i.WM_GetDesktopWindowEx  STemWin526_CM3_Keil.lib(wm_getdesktopwindowex.o)
    0x08004d70   0x0000000e   Code   RO         3635    i.WM_GetFirstChild  STemWin526_CM3_Keil.lib(wm_getfirstchild.o)
    0x08004d7e   0x0000000e   Code   RO         3862    i.WM_GetParent      STemWin526_CM3_Keil.lib(wm_getparent.o)
    0x08004d8c   0x00000016   Code   RO         3856    i.WM_GetWindowOrgX  STemWin526_CM3_Keil.lib(wm_getorg.o)
    0x08004da2   0x00000002   PAD
    0x08004da4   0x00000370   Code   RO         3655    i.WM_HandlePID      STemWin526_CM3_Keil.lib(wm_touch.o)
    0x08005114   0x000000d4   Code   RO         3262    i.WM_Init           STemWin526_CM3_Keil.lib(wm.o)
    0x080051e8   0x00000076   Code   RO         3263    i.WM_InvalidateRect  STemWin526_CM3_Keil.lib(wm.o)
    0x0800525e   0x00000006   Code   RO         3264    i.WM_InvalidateWindow  STemWin526_CM3_Keil.lib(wm.o)
    0x08005264   0x0000005e   Code   RO         3265    i.WM_InvalidateWindowAndDescsEx  STemWin526_CM3_Keil.lib(wm.o)
    0x080052c2   0x00000004   Code   RO         3868    i.WM_IsWindow       STemWin526_CM3_Keil.lib(wm_iswindow.o)
    0x080052c6   0x00000004   Code   RO         4010    i.WM_MoveWindow     STemWin526_CM3_Keil.lib(wm_move.o)
    0x080052ca   0x00000010   Code   RO         3637    i.WM_NotifyParent   STemWin526_CM3_Keil.lib(wm_notifyparent.o)
    0x080052da   0x00000002   PAD
    0x080052dc   0x00000038   Code   RO         3870    i.WM_OnKey          STemWin526_CM3_Keil.lib(wm_onkey.o)
    0x08005314   0x00000018   Code   RO         3873    i.WM_PID__SetPrevState  STemWin526_CM3_Keil.lib(wm_pid__getprevstate.o)
    0x0800532c   0x00000004   Code   RO         3887    i.WM_ReleaseCapture  STemWin526_CM3_Keil.lib(wm_setcapture.o)
    0x08005330   0x000000ec   Code   RO         3998    i.WM_ResizeWindow   STemWin526_CM3_Keil.lib(wm_resizewindow.o)
    0x0800541c   0x0000000a   Code   RO         3877    i.WM_Screen2hWin    STemWin526_CM3_Keil.lib(wm_screen2win.o)
    0x08005426   0x00000002   PAD
    0x08005428   0x0000003c   Code   RO         3266    i.WM_SelectWindow   STemWin526_CM3_Keil.lib(wm.o)
    0x08005464   0x00000004   Code   RO         3639    i.WM_SendMessageNoPara  STemWin526_CM3_Keil.lib(wm_sendmessagenopara.o)
    0x08005468   0x0000001e   Code   RO         3641    i.WM_SendToParent   STemWin526_CM3_Keil.lib(wm_sendtoparent.o)
    0x08005486   0x00000002   PAD
    0x08005488   0x00000014   Code   RO         3268    i.WM_SetDefault     STemWin526_CM3_Keil.lib(wm.o)
    0x0800549c   0x0000003e   Code   RO         3893    i.WM_SetSize        STemWin526_CM3_Keil.lib(wm_setsize.o)
    0x080054da   0x00000002   PAD
    0x080054dc   0x00000048   Code   RO         3269    i.WM__ActivateClipRect  STemWin526_CM3_Keil.lib(wm.o)
    0x08005524   0x00000010   Code   RO         3625    i.WM__AddCriticalHandle  STemWin526_CM3_Keil.lib(wm_criticalhandle.o)
    0x08005534   0x00000010   Code   RO         3270    i.WM__Client2Screen  STemWin526_CM3_Keil.lib(wm.o)
    0x08005544   0x0000004e   Code   RO         3271    i.WM__ClipAtParentBorders  STemWin526_CM3_Keil.lib(wm.o)
    0x08005592   0x0000004a   Code   RO         3647    i.WM__DeleteAssocTimer  STemWin526_CM3_Keil.lib(wm_timer.o)
    0x080055dc   0x00000028   Code   RO         3273    i.WM__DetachWindow  STemWin526_CM3_Keil.lib(wm.o)
    0x08005604   0x00000020   Code   RO         3631    i.WM__GetClientRectEx  STemWin526_CM3_Keil.lib(wm_getclientrect.o)
    0x08005624   0x00000018   Code   RO         3274    i.WM__GetClientRectWin  STemWin526_CM3_Keil.lib(wm.o)
    0x0800563c   0x00000012   Code   RO         3994    i.WM__GetFirstSibling  STemWin526_CM3_Keil.lib(wm__getfirstsibling.o)
    0x0800564e   0x00000002   PAD
    0x08005650   0x00000040   Code   RO         3275    i.WM__GetNextIVR    STemWin526_CM3_Keil.lib(wm.o)
    0x08005690   0x00000024   Code   RO         3842    i.WM__GetPrevSibling  STemWin526_CM3_Keil.lib(wm__getprevsibling.o)
    0x080056b4   0x00000018   Code   RO         3276    i.WM__GetTopLevelLayer  STemWin526_CM3_Keil.lib(wm.o)
    0x080056cc   0x000000f0   Code   RO         3277    i.WM__InitIVRSearch  STemWin526_CM3_Keil.lib(wm.o)
    0x080057bc   0x000000a4   Code   RO         3278    i.WM__InsertWindowIntoList  STemWin526_CM3_Keil.lib(wm.o)
    0x08005860   0x00000006   Code   RO         3279    i.WM__Invalidate1Abs  STemWin526_CM3_Keil.lib(wm.o)
    0x08005866   0x00000002   PAD
    0x08005868   0x00000054   Code   RO         3280    i.WM__InvalidateDrawAndDescs  STemWin526_CM3_Keil.lib(wm.o)
    0x080058bc   0x0000002a   Code   RO         3281    i.WM__InvalidateParent  STemWin526_CM3_Keil.lib(wm.o)
    0x080058e6   0x00000076   Code   RO         3282    i.WM__InvalidateRect  STemWin526_CM3_Keil.lib(wm.o)
    0x0800595c   0x00000006   Code   RO         3283    i.WM__InvalidateRectEx  STemWin526_CM3_Keil.lib(wm.o)
    0x08005962   0x00000002   PAD
    0x08005964   0x00000022   Code   RO         3844    i.WM__IsAncestor    STemWin526_CM3_Keil.lib(wm__isancestor.o)
    0x08005986   0x00000016   Code   RO         3848    i.WM__IsEnabled     STemWin526_CM3_Keil.lib(wm__isenabled.o)
    0x0800599c   0x00000068   Code   RO         3656    i.WM__IsInModalArea  STemWin526_CM3_Keil.lib(wm_touch.o)
    0x08005a04   0x00000030   Code   RO         3879    i.WM__IsInWindow    STemWin526_CM3_Keil.lib(wm_screen2win.o)
    0x08005a34   0x00000024   Code   RO         3284    i.WM__IsWindow      STemWin526_CM3_Keil.lib(wm.o)
    0x08005a58   0x0000009a   Code   RO         4012    i.WM__MoveWindow    STemWin526_CM3_Keil.lib(wm_move.o)
    0x08005af2   0x00000002   PAD
    0x08005af4   0x000000a0   Code   RO         3285    i.WM__Paint         STemWin526_CM3_Keil.lib(wm.o)
    0x08005b94   0x0000008c   Code   RO         3286    i.WM__Paint1        STemWin526_CM3_Keil.lib(wm.o)
    0x08005c20   0x00000078   Code   RO         3287    i.WM__PaintWinAndOverlays  STemWin526_CM3_Keil.lib(wm.o)
    0x08005c98   0x00000020   Code   RO         3288    i.WM__RectIsNZ      STemWin526_CM3_Keil.lib(wm.o)
    0x08005cb8   0x0000002c   Code   RO         3889    i.WM__ReleaseCapture  STemWin526_CM3_Keil.lib(wm_setcapture.o)
    0x08005ce4   0x0000002c   Code   RO         3626    i.WM__RemoveCriticalHandle  STemWin526_CM3_Keil.lib(wm_criticalhandle.o)
    0x08005d10   0x00000030   Code   RO         3289    i.WM__RemoveFromLinList  STemWin526_CM3_Keil.lib(wm.o)
    0x08005d40   0x00000040   Code   RO         3290    i.WM__RemoveWindowFromList  STemWin526_CM3_Keil.lib(wm.o)
    0x08005d80   0x00000014   Code   RO         3291    i.WM__SelectTopLevelLayer  STemWin526_CM3_Keil.lib(wm.o)
    0x08005d94   0x0000003c   Code   RO         3620    i.WM__SendMessage   STemWin526_CM3_Keil.lib(wm__sendmessage.o)
    0x08005dd0   0x0000001c   Code   RO         3850    i.WM__SendMessageIfEnabled  STemWin526_CM3_Keil.lib(wm__sendmessageifenabled.o)
    0x08005dec   0x00000026   Code   RO         3852    i.WM__SendMessageNoPara  STemWin526_CM3_Keil.lib(wm__sendmessagenopara.o)
    0x08005e12   0x0000000e   Code   RO         3292    i.WM__SendMsgNoData  STemWin526_CM3_Keil.lib(wm.o)
    0x08005e20   0x0000003e   Code   RO         3657    i.WM__SendPIDMessage  STemWin526_CM3_Keil.lib(wm_touch.o)
    0x08005e5e   0x00000036   Code   RO         3658    i.WM__SendTouchMessage  STemWin526_CM3_Keil.lib(wm_touch.o)
    0x08005e94   0x000000dc   Code   RO         4007    i.WM__UpdateChildPositions  STemWin526_CM3_Keil.lib(wm__updatechildpositions.o)
    0x08005f70   0x00000008   Code   RO         1624    i.WriteComm         ili93xx.o
    0x08005f78   0x0000000c   Code   RO         1625    i.WriteData         ili93xx.o
    0x08005f84   0x00000038   Code   RO         2400    i._Add              STemWin526_CM3_Keil.lib(gui_fillpolygon.o)
    0x08005fbc   0x00000078   Code   RO         2234    i._AddFreeMemory    STemWin526_CM3_Keil.lib(gui_alloc.o)
    0x08006034   0x000000bc   Code   RO         2235    i._Alloc            STemWin526_CM3_Keil.lib(gui_alloc.o)
    0x080060f0   0x00000004   Code   RO         3145    i._CalcSizeOfChar   STemWin526_CM3_Keil.lib(gui_uc_encodenone.o)
    0x080060f4   0x00000048   Code   RO         2448    i._Color2IndexBulk  STemWin526_CM3_Keil.lib(guicc_m565.o)
    0x0800613c   0x0000000e   Code   RO         3548    i._Color2IndexBulk  STemWin526_CM3_Keil.lib(guicc_8888.o)
    0x0800614a   0x00000002   PAD
    0x0800614c   0x00000054   Code   RO         3539    i._Color2Index_0    STemWin526_CM3_Keil.lib(guicc_0.o)
    0x080061a0   0x00000002   Code   RO         3549    i._Color2Index_8888  STemWin526_CM3_Keil.lib(guicc_8888.o)
    0x080061a2   0x00000002   PAD
    0x080061a4   0x00000028   Code   RO         2449    i._Color2Index_M565  STemWin526_CM3_Keil.lib(guicc_m565.o)
    0x080061cc   0x0000003e   Code   RO         3244    i._Convert16        STemWin526_CM3_Keil.lib(guidev_writetoactiveopaque.o)
    0x0800620a   0x0000003e   Code   RO         3245    i._Convert8         STemWin526_CM3_Keil.lib(guidev_writetoactiveopaque.o)
    0x08006248   0x0000009a   Code   RO         3915    i._CreateBuffer     STemWin526_CM3_Keil.lib(gui_sprite.o)
    0x080062e2   0x00000002   PAD
    0x080062e4   0x00000148   Code   RO         3595    i._CreateStaticDevice  STemWin526_CM3_Keil.lib(guidev_staticdevices.o)
    0x0800642c   0x0000001c   Code   RO         2717    i._Data2Index_16bpp_B16  STemWin526_CM3_Keil.lib(guidrv_flexcolor_func66709.o)
    0x08006448   0x00000016   Code   RO         2718    i._Data2Index_16bpp_B8  STemWin526_CM3_Keil.lib(guidrv_flexcolor_func66709.o)
    0x0800645e   0x00000002   PAD
    0x08006460   0x00000014   Code   RO         3720    i._DecPointer       STemWin526_CM3_Keil.lib(gui_pid.o)
    0x08006474   0x00000012   Code   RO         3293    i._DeleteAllChildren  STemWin526_CM3_Keil.lib(wm.o)
    0x08006486   0x00000002   PAD
    0x08006488   0x00000118   Code   RO         1810    i._DemoBandingMemdev  example.o
    0x080065a0   0x00000020   Code   RO         3294    i._DesktopHandle2Index  STemWin526_CM3_Keil.lib(wm.o)
    0x080065c0   0x00000074   Code   RO         3431    i._DispLine         STemWin526_CM3_Keil.lib(gui_charline.o)
    0x08006634   0x00000148   Code   RO         2698    i._DrawBitLine1BPP  STemWin526_CM3_Keil.lib(guidrv_flexcolor_16bpp_c0b16.o)
    0x0800677c   0x00000148   Code   RO         2965    i._DrawBitLine1BPP  STemWin526_CM3_Keil.lib(guidev_16.o)
    0x080068c4   0x0000011c   Code   RO         3799    i._DrawBitLine1BPP  STemWin526_CM3_Keil.lib(guidev_32.o)
    0x080069e0   0x00000118   Code   RO         2699    i._DrawBitLine2BPP  STemWin526_CM3_Keil.lib(guidrv_flexcolor_16bpp_c0b16.o)
    0x08006af8   0x000000e0   Code   RO         2966    i._DrawBitLine2BPP  STemWin526_CM3_Keil.lib(guidev_16.o)
    0x08006bd8   0x000000e0   Code   RO         3800    i._DrawBitLine2BPP  STemWin526_CM3_Keil.lib(guidev_32.o)
    0x08006cb8   0x00000094   Code   RO         3801    i._DrawBitLine32BPP_DDB  STemWin526_CM3_Keil.lib(guidev_32.o)
    0x08006d4c   0x00000118   Code   RO         2700    i._DrawBitLine4BPP  STemWin526_CM3_Keil.lib(guidrv_flexcolor_16bpp_c0b16.o)
    0x08006e64   0x00000160   Code   RO         2967    i._DrawBitLine4BPP  STemWin526_CM3_Keil.lib(guidev_16.o)
    0x08006fc4   0x00000158   Code   RO         3802    i._DrawBitLine4BPP  STemWin526_CM3_Keil.lib(guidev_32.o)
    0x0800711c   0x000000d4   Code   RO         2701    i._DrawBitLine8BPP  STemWin526_CM3_Keil.lib(guidrv_flexcolor_16bpp_c0b16.o)
    0x080071f0   0x00000022   Code   RO         2603    i._DrawBitmap       STemWin526_CM3_Keil.lib(guidrv_flexcolor.o)
    0x08007212   0x00000002   PAD
    0x08007214   0x000000f4   Code   RO         2702    i._DrawBitmap       STemWin526_CM3_Keil.lib(guidrv_flexcolor_16bpp_c0b16.o)
    0x08007308   0x000002d8   Code   RO         2968    i._DrawBitmap       STemWin526_CM3_Keil.lib(guidev_16.o)
    0x080075e0   0x000002a4   Code   RO         3803    i._DrawBitmap       STemWin526_CM3_Keil.lib(guidev_32.o)
    0x08007884   0x0000000e   Code   RO         2604    i._DrawHLine        STemWin526_CM3_Keil.lib(guidrv_flexcolor.o)
    0x08007892   0x0000000a   Code   RO         2969    i._DrawHLine        STemWin526_CM3_Keil.lib(guidev_16.o)
    0x0800789c   0x0000000a   Code   RO         3804    i._DrawHLine        STemWin526_CM3_Keil.lib(guidev_32.o)
    0x080078a6   0x00000002   PAD
    0x080078a8   0x00000070   Code   RO         1811    i._DrawIt           example.o
    0x08007918   0x0000005c   Code   RO         3295    i._DrawNext         STemWin526_CM3_Keil.lib(wm.o)
    0x08007974   0x00000010   Code   RO         2605    i._DrawVLine        STemWin526_CM3_Keil.lib(guidrv_flexcolor.o)
    0x08007984   0x000000b8   Code   RO         2970    i._DrawVLine        STemWin526_CM3_Keil.lib(guidev_16.o)
    0x08007a3c   0x000000ac   Code   RO         3805    i._DrawVLine        STemWin526_CM3_Keil.lib(guidev_32.o)
    0x08007ae8   0x00000006   Code   RO         3146    i._Encode           STemWin526_CM3_Keil.lib(gui_uc_encodenone.o)
    0x08007aee   0x00000002   PAD
    0x08007af0   0x00000098   Code   RO         2236    i._EnlargeBlocks    STemWin526_CM3_Keil.lib(gui_alloc.o)
    0x08007b88   0x00000070   Code   RO         3296    i._Exec1Input       STemWin526_CM3_Keil.lib(wm.o)
    0x08007bf8   0x00000010   Code   RO         2606    i._FillRect         STemWin526_CM3_Keil.lib(guidrv_flexcolor.o)
    0x08007c08   0x000000f8   Code   RO         2703    i._FillRect         STemWin526_CM3_Keil.lib(guidrv_flexcolor_16bpp_c0b16.o)
    0x08007d00   0x000000ac   Code   RO         2971    i._FillRect         STemWin526_CM3_Keil.lib(guidev_16.o)
    0x08007dac   0x000000a4   Code   RO         3806    i._FillRect         STemWin526_CM3_Keil.lib(guidev_32.o)
    0x08007e50   0x00000148   Code   RO         3297    i._FindNext_IVR     STemWin526_CM3_Keil.lib(wm.o)
    0x08007f98   0x0000007c   Code   RO         3298    i._Findx0           STemWin526_CM3_Keil.lib(wm.o)
    0x08008014   0x00000072   Code   RO         3299    i._Findx1           STemWin526_CM3_Keil.lib(wm.o)
    0x08008086   0x000000a6   Code   RO         3300    i._Findy1           STemWin526_CM3_Keil.lib(wm.o)
    0x0800812c   0x00000074   Code   RO         3921    i._FlushBuffer      STemWin526_CM3_Keil.lib(gui_sprite.o)
    0x080081a0   0x00000004   Code   RO         3612    i._GUI_USAGE_BM_Delete  STemWin526_CM3_Keil.lib(guidev_usagebm.o)
    0x080081a4   0x0000006c   Code   RO         3922    i._GetBkPixel       STemWin526_CM3_Keil.lib(gui_sprite.o)
    0x08008210   0x00000004   Code   RO         3147    i._GetCharCode      STemWin526_CM3_Keil.lib(gui_uc_encodenone.o)
    0x08008214   0x00000004   Code   RO         3148    i._GetCharSize      STemWin526_CM3_Keil.lib(gui_uc_encodenone.o)
    0x08008218   0x0000000e   Code   RO         2607    i._GetDevData       STemWin526_CM3_Keil.lib(guidrv_flexcolor.o)
    0x08008226   0x00000002   PAD
    0x08008228   0x00000010   Code   RO         2972    i._GetDevData       STemWin526_CM3_Keil.lib(guidev_16.o)
    0x08008238   0x00000010   Code   RO         3807    i._GetDevData       STemWin526_CM3_Keil.lib(guidev_32.o)
    0x08008248   0x00000070   Code   RO         2608    i._GetDevFunc       STemWin526_CM3_Keil.lib(guidrv_flexcolor.o)
    0x080082b8   0x00000010   Code   RO         2973    i._GetDevFunc       STemWin526_CM3_Keil.lib(guidev_16.o)
    0x080082c8   0x00000010   Code   RO         3808    i._GetDevFunc       STemWin526_CM3_Keil.lib(guidev_32.o)
    0x080082d8   0x0000004c   Code   RO         2609    i._GetDevFunc_Init  STemWin526_CM3_Keil.lib(guidrv_flexcolor.o)
    0x08008324   0x00000002   Code   RO         2610    i._GetDevFunc_SetRect  STemWin526_CM3_Keil.lib(guidrv_flexcolor.o)
    0x08008326   0x00000002   PAD
    0x08008328   0x00000040   Code   RO         2611    i._GetDevFunc_SetRectOutside  STemWin526_CM3_Keil.lib(guidrv_flexcolor.o)
    0x08008368   0x00000014   Code   RO         2612    i._GetDevFunc_SetSize  STemWin526_CM3_Keil.lib(guidrv_flexcolor.o)
    0x0800837c   0x00000014   Code   RO         2613    i._GetDevFunc_SetVSize  STemWin526_CM3_Keil.lib(guidrv_flexcolor.o)
    0x08008390   0x0000001e   Code   RO         2497    i._GetDevProp       STemWin526_CM3_Keil.lib(lcd_getex.o)
    0x080083ae   0x00000066   Code   RO         2614    i._GetDevProp       STemWin526_CM3_Keil.lib(guidrv_flexcolor.o)
    0x08008414   0x00000008   Code   RO         2974    i._GetDevProp       STemWin526_CM3_Keil.lib(guidev_16.o)
    0x0800841c   0x0000000c   Code   RO         3809    i._GetDevProp       STemWin526_CM3_Keil.lib(guidev_32.o)
    0x08008428   0x00000040   Code   RO         3928    i._GetDeviceRect    STemWin526_CM3_Keil.lib(gui_sprite.o)
    0x08008468   0x00000052   Code   RO         3540    i._GetIndexMask_0   STemWin526_CM3_Keil.lib(guicc_0.o)
    0x080084ba   0x00000006   Code   RO         3550    i._GetIndexMask_8888  STemWin526_CM3_Keil.lib(guicc_8888.o)
    0x080084c0   0x00000006   Code   RO         2450    i._GetIndexMask_M565  STemWin526_CM3_Keil.lib(guicc_m565.o)
    0x080084c6   0x0000001e   Code   RO         2498    i._GetMaxValue      STemWin526_CM3_Keil.lib(lcd_getex.o)
    0x080084e4   0x0000001c   Code   RO         2237    i._GetMinIndex      STemWin526_CM3_Keil.lib(gui_alloc.o)
    0x08008500   0x00000008   Code   RO         2615    i._GetPixelIndex    STemWin526_CM3_Keil.lib(guidrv_flexcolor.o)
    0x08008508   0x0000000e   Code   RO         2975    i._GetPixelIndex    STemWin526_CM3_Keil.lib(guidev_16.o)
    0x08008516   0x0000000e   Code   RO         3810    i._GetPixelIndex    STemWin526_CM3_Keil.lib(guidev_32.o)
    0x08008524   0x00000016   Code   RO         2616    i._GetRect          STemWin526_CM3_Keil.lib(guidrv_flexcolor.o)
    0x0800853a   0x00000030   Code   RO         2976    i._GetRect          STemWin526_CM3_Keil.lib(guidev_16.o)
    0x0800856a   0x00000030   Code   RO         3811    i._GetRect          STemWin526_CM3_Keil.lib(guidev_32.o)
    0x0800859a   0x00000002   PAD
    0x0800859c   0x00000010   Code   RO         3060    i._GotoX            STemWin526_CM3_Keil.lib(gui_goto.o)
    0x080085ac   0x00000010   Code   RO         3061    i._GotoY            STemWin526_CM3_Keil.lib(gui_goto.o)
    0x080085bc   0x0000001c   Code   RO         3459    i._IncPointer       STemWin526_CM3_Keil.lib(gui_onkey.o)
    0x080085d8   0x00000014   Code   RO         3721    i._IncPointer       STemWin526_CM3_Keil.lib(gui_pid.o)
    0x080085ec   0x00000006   Code   RO         3460    i._IncReadPointer   STemWin526_CM3_Keil.lib(gui_onkey.o)
    0x080085f2   0x00000002   PAD
    0x080085f4   0x00000058   Code   RO         2451    i._Index2ColorBulk  STemWin526_CM3_Keil.lib(guicc_m565.o)
    0x0800864c   0x0000000e   Code   RO         3551    i._Index2ColorBulk  STemWin526_CM3_Keil.lib(guicc_8888.o)
    0x0800865a   0x00000020   Code   RO         3541    i._Index2Color_0    STemWin526_CM3_Keil.lib(guicc_0.o)
    0x0800867a   0x00000002   PAD
    0x0800867c   0x00000070   Code   RO         2290    i._InitContext      STemWin526_CM3_Keil.lib(gui_core.o)
    0x080086ec   0x000000a8   Code   RO         2238    i._InitOnce         STemWin526_CM3_Keil.lib(gui_alloc.o)
    0x08008794   0x00000080   Code   RO         3301    i._Invalidate1Abs   STemWin526_CM3_Keil.lib(wm.o)
    0x08008814   0x00000004   Code   RO         2617    i._Log2PhysX_X0Y0S0  STemWin526_CM3_Keil.lib(guidrv_flexcolor.o)
    0x08008818   0x00000004   Code   RO         2618    i._Log2PhysX_X0Y0S1  STemWin526_CM3_Keil.lib(guidrv_flexcolor.o)
    0x0800881c   0x00000004   Code   RO         2619    i._Log2PhysX_X0Y1S0  STemWin526_CM3_Keil.lib(guidrv_flexcolor.o)
    0x08008820   0x00000004   Code   RO         2620    i._Log2PhysX_X0Y1S1  STemWin526_CM3_Keil.lib(guidrv_flexcolor.o)
    0x08008824   0x00000008   Code   RO         2621    i._Log2PhysX_X1Y0S0  STemWin526_CM3_Keil.lib(guidrv_flexcolor.o)
    0x0800882c   0x00000008   Code   RO         2622    i._Log2PhysX_X1Y0S1  STemWin526_CM3_Keil.lib(guidrv_flexcolor.o)
    0x08008834   0x00000008   Code   RO         2623    i._Log2PhysX_X1Y1S0  STemWin526_CM3_Keil.lib(guidrv_flexcolor.o)
    0x0800883c   0x00000008   Code   RO         2624    i._Log2PhysX_X1Y1S1  STemWin526_CM3_Keil.lib(guidrv_flexcolor.o)
    0x08008844   0x00000004   Code   RO         2625    i._Log2PhysY_X0Y0S0  STemWin526_CM3_Keil.lib(guidrv_flexcolor.o)
    0x08008848   0x00000004   Code   RO         2626    i._Log2PhysY_X0Y0S1  STemWin526_CM3_Keil.lib(guidrv_flexcolor.o)
    0x0800884c   0x00000008   Code   RO         2627    i._Log2PhysY_X0Y1S0  STemWin526_CM3_Keil.lib(guidrv_flexcolor.o)
    0x08008854   0x00000008   Code   RO         2628    i._Log2PhysY_X0Y1S1  STemWin526_CM3_Keil.lib(guidrv_flexcolor.o)
    0x0800885c   0x00000004   Code   RO         2629    i._Log2PhysY_X1Y0S0  STemWin526_CM3_Keil.lib(guidrv_flexcolor.o)
    0x08008860   0x00000004   Code   RO         2630    i._Log2PhysY_X1Y0S1  STemWin526_CM3_Keil.lib(guidrv_flexcolor.o)
    0x08008864   0x00000008   Code   RO         2631    i._Log2PhysY_X1Y1S0  STemWin526_CM3_Keil.lib(guidrv_flexcolor.o)
    0x0800886c   0x00000008   Code   RO         2632    i._Log2PhysY_X1Y1S1  STemWin526_CM3_Keil.lib(guidrv_flexcolor.o)
    0x08008874   0x00000002   Code   RO         3432    i._Log2VisBuffered  STemWin526_CM3_Keil.lib(gui_charline.o)
    0x08008876   0x00000008   Code   RO         3002    i._Min              STemWin526_CM3_Keil.lib(guidev_banding.o)
    0x0800887e   0x0000006e   Code   RO         4013    i._MoveDescendents  STemWin526_CM3_Keil.lib(wm_move.o)
    0x080088ec   0x00000034   Code   RO         2239    i._OnExit           STemWin526_CM3_Keil.lib(gui_alloc.o)
    0x08008920   0x0000002c   Code   RO         2291    i._OnExit           STemWin526_CM3_Keil.lib(gui_core.o)
    0x0800894c   0x00000014   Code   RO         3199    i._OnExit           STemWin526_CM3_Keil.lib(lcd_color.o)
    0x08008960   0x00000034   Code   RO         3302    i._OnExit           STemWin526_CM3_Keil.lib(wm.o)
    0x08008994   0x00000028   Code   RO         3378    i._OnExit           STemWin526_CM3_Keil.lib(gui__alpha.o)
    0x080089bc   0x00000024   Code   RO         3303    i._Paint1           STemWin526_CM3_Keil.lib(wm.o)
    0x080089e0   0x0000008c   Code   RO         3304    i._Paint1Trans      STemWin526_CM3_Keil.lib(wm.o)
    0x08008a6c   0x0000009a   Code   RO         3305    i._PaintTransChildren  STemWin526_CM3_Keil.lib(wm.o)
    0x08008b06   0x00000002   PAD
    0x08008b08   0x00000040   Code   RO         2240    i._PopFreeBlock     STemWin526_CM3_Keil.lib(gui_alloc.o)
    0x08008b48   0x00000028   Code   RO         2241    i._PushFreeBlock    STemWin526_CM3_Keil.lib(gui_alloc.o)
    0x08008b70   0x00000006   Code   RO         2704    i._ReadData         STemWin526_CM3_Keil.lib(guidrv_flexcolor_16bpp_c0b16.o)
    0x08008b76   0x0000000c   Code   RO         2633    i._ReadPixelCust_16bpp  STemWin526_CM3_Keil.lib(guidrv_flexcolor.o)
    0x08008b82   0x0000000c   Code   RO         2634    i._ReadPixelCust_18bpp  STemWin526_CM3_Keil.lib(guidrv_flexcolor.o)
    0x08008b8e   0x00000028   Code   RO         2719    i._ReadPixel_16bpp_B16_I  STemWin526_CM3_Keil.lib(guidrv_flexcolor_func66709.o)
    0x08008bb6   0x00000020   Code   RO         2720    i._ReadPixel_16bpp_B16_II  STemWin526_CM3_Keil.lib(guidrv_flexcolor_func66709.o)
    0x08008bd6   0x00000038   Code   RO         2721    i._ReadPixel_16bpp_B16_III  STemWin526_CM3_Keil.lib(guidrv_flexcolor_func66709.o)
    0x08008c0e   0x00000024   Code   RO         2722    i._ReadPixel_16bpp_B8  STemWin526_CM3_Keil.lib(guidrv_flexcolor_func66709.o)
    0x08008c32   0x00000030   Code   RO         2635    i._ReadRectCust_16bpp  STemWin526_CM3_Keil.lib(guidrv_flexcolor.o)
    0x08008c62   0x00000030   Code   RO         2636    i._ReadRectCust_18bpp  STemWin526_CM3_Keil.lib(guidrv_flexcolor.o)
    0x08008c92   0x0000004c   Code   RO         2723    i._ReadRect_16bpp_B16_I  STemWin526_CM3_Keil.lib(guidrv_flexcolor_func66709.o)
    0x08008cde   0x00000040   Code   RO         2724    i._ReadRect_16bpp_B16_II  STemWin526_CM3_Keil.lib(guidrv_flexcolor_func66709.o)
    0x08008d1e   0x0000008a   Code   RO         2725    i._ReadRect_16bpp_B16_III  STemWin526_CM3_Keil.lib(guidrv_flexcolor_func66709.o)
    0x08008da8   0x00000048   Code   RO         2726    i._ReadRect_16bpp_B8  STemWin526_CM3_Keil.lib(guidrv_flexcolor_func66709.o)
    0x08008df0   0x0000001c   Code   RO         3933    i._ReleaseBuffer    STemWin526_CM3_Keil.lib(gui_sprite.o)
    0x08008e0c   0x00000034   Code   RO         2242    i._RemoveFreeBlock  STemWin526_CM3_Keil.lib(gui_alloc.o)
    0x08008e40   0x0000005c   Code   RO         3751    i._RemoveFromLinList  STemWin526_CM3_Keil.lib(gui_timer.o)
    0x08008e9c   0x000000a0   Code   RO         2243    i._RemoveHoles      STemWin526_CM3_Keil.lib(gui_alloc.o)
    0x08008f3c   0x0000005a   Code   RO         3880    i._Screen2hWin      STemWin526_CM3_Keil.lib(wm_screen2win.o)
    0x08008f96   0x00000002   PAD
    0x08008f98   0x00000024   Code   RO         3881    i._Screen2hWinStop  STemWin526_CM3_Keil.lib(wm_screen2win.o)
    0x08008fbc   0x00000020   Code   RO         3169    i._SetBkColor       STemWin526_CM3_Keil.lib(lcd.o)
    0x08008fdc   0x0000004c   Code   RO         3306    i._SetClipRectUserIntersect  STemWin526_CM3_Keil.lib(wm.o)
    0x08009028   0x00000020   Code   RO         3170    i._SetColor         STemWin526_CM3_Keil.lib(lcd.o)
    0x08009048   0x00000080   Code   RO         2637    i._SetDevFunc       STemWin526_CM3_Keil.lib(guidrv_flexcolor.o)
    0x080090c8   0x0000002c   Code   RO         3171    i._SetDrawMode      STemWin526_CM3_Keil.lib(lcd.o)
    0x080090f4   0x00000030   Code   RO         2727    i._SetInterface     STemWin526_CM3_Keil.lib(guidrv_flexcolor_func66709.o)
    0x08009124   0x00000034   Code   RO         2431    i._SetMinMax        STemWin526_CM3_Keil.lib(gui_touch_driveranalog.o)
    0x08009158   0x00000012   Code   RO         2638    i._SetOrg           STemWin526_CM3_Keil.lib(guidrv_flexcolor.o)
    0x0800916a   0x00000008   Code   RO         2977    i._SetOrg           STemWin526_CM3_Keil.lib(guidev_16.o)
    0x08009172   0x00000008   Code   RO         3812    i._SetOrg           STemWin526_CM3_Keil.lib(guidev_32.o)
    0x0800917a   0x00000002   PAD
    0x0800917c   0x00000038   Code   RO         2728    i._SetOrientation   STemWin526_CM3_Keil.lib(guidrv_flexcolor_func66709.o)
    0x080091b4   0x000000a8   Code   RO         2729    i._SetPhysRAMAddr   STemWin526_CM3_Keil.lib(guidrv_flexcolor_func66709.o)
    0x0800925c   0x0000000e   Code   RO         2639    i._SetPixelIndex    STemWin526_CM3_Keil.lib(guidrv_flexcolor.o)
    0x0800926a   0x00000002   PAD
    0x0800926c   0x00000048   Code   RO         2978    i._SetPixelIndex    STemWin526_CM3_Keil.lib(guidev_16.o)
    0x080092b4   0x00000048   Code   RO         3813    i._SetPixelIndex    STemWin526_CM3_Keil.lib(guidev_32.o)
    0x080092fc   0x0000029c   Code   RO         3938    i._SetPosition      STemWin526_CM3_Keil.lib(gui_sprite.o)
    0x08009598   0x000000b4   Code   RO         2730    i._SetRect          STemWin526_CM3_Keil.lib(guidrv_flexcolor_func66709.o)
    0x0800964c   0x00000008   Code   RO         2731    i._SetReg_B16       STemWin526_CM3_Keil.lib(guidrv_flexcolor_func66709.o)
    0x08009654   0x0000001a   Code   RO         2732    i._SetReg_B8        STemWin526_CM3_Keil.lib(guidrv_flexcolor_func66709.o)
    0x0800966e   0x0000004a   Code   RO         3939    i._SetSpriteBkPixel  STemWin526_CM3_Keil.lib(gui_sprite.o)
    0x080096b8   0x00000058   Code   RO         3722    i._StoreState       STemWin526_CM3_Keil.lib(gui_pid.o)
    0x08009710   0x00000030   Code   RO         2432    i._StoreUnstable    STemWin526_CM3_Keil.lib(gui_touch_driveranalog.o)
    0x08009740   0x000000ea   Code   RO         2244    i._TestRAM          STemWin526_CM3_Keil.lib(gui_alloc.o)
    0x0800982a   0x00000002   PAD
    0x0800982c   0x00000050   Code   RO         3752    i._Unlink           STemWin526_CM3_Keil.lib(gui_timer.o)
    0x0800987c   0x00000030   Code   RO         2324    i._UnlinkDevice     STemWin526_CM3_Keil.lib(gui_device.o)
    0x080098ac   0x0000000a   Code   RO         2705    i._WriteData        STemWin526_CM3_Keil.lib(guidrv_flexcolor_16bpp_c0b16.o)
    0x080098b6   0x00000008   Code   RO         2733    i._WritePara_B16    STemWin526_CM3_Keil.lib(guidrv_flexcolor_func66709.o)
    0x080098be   0x0000000a   Code   RO         2734    i._WritePara_B8     STemWin526_CM3_Keil.lib(guidrv_flexcolor_func66709.o)
    0x080098c8   0x0000000e   Code   RO         2245    i._WriteTagData     STemWin526_CM3_Keil.lib(gui_alloc.o)
    0x080098d6   0x00000002   PAD
    0x080098d8   0x00000340   Code   RO         3246    i._WriteToActiveOpaque_8  STemWin526_CM3_Keil.lib(guidev_writetoactiveopaque.o)
    0x08009c18   0x00000354   Code   RO         3247    i._WriteToActiveOpaque_HT  STemWin526_CM3_Keil.lib(guidev_writetoactiveopaque.o)
    0x08009f6c   0x0000003c   Code   RO         2979    i._XY2PTR           STemWin526_CM3_Keil.lib(guidev_16.o)
    0x08009fa8   0x0000003c   Code   RO         3814    i._XY2PTR           STemWin526_CM3_Keil.lib(guidev_32.o)
    0x08009fe4   0x00000024   Code   RO         2640    i._XorPixel         STemWin526_CM3_Keil.lib(guidrv_flexcolor.o)
    0x0800a008   0x00000054   Code   RO         2980    i._XorPixel         STemWin526_CM3_Keil.lib(guidev_16.o)
    0x0800a05c   0x00000058   Code   RO         3815    i._XorPixel         STemWin526_CM3_Keil.lib(guidev_32.o)
    0x0800a0b4   0x00000044   Code   RO         3307    i._cbPaintMemDev    STemWin526_CM3_Keil.lib(wm.o)
    0x0800a0f8   0x00000006   Code   RO         1572    i._sys_exit         usart.o
    0x0800a0fe   0x00000002   PAD
    0x0800a100   0x00000050   Code   RO         3308    i.cbBackWin         STemWin526_CM3_Keil.lib(wm.o)
    0x0800a150   0x00000024   Code   RO         1535    i.delay_init        delay.o
    0x0800a174   0x00000036   Code   RO         1536    i.delay_ms          delay.o
    0x0800a1aa   0x00000002   PAD
    0x0800a1ac   0x0000004c   Code   RO         1537    i.delay_us          delay.o
    0x0800a1f8   0x0000008a   Code   RO         3172    i.emWin_LCD_Init    STemWin526_CM3_Keil.lib(lcd.o)
    0x0800a282   0x00000008   Code   RO         1812    i.example           example.o
    0x0800a28a   0x0000002e   Code   RO            2    i.main              main.o
    0x0800a2b8   0x00000044   Code   RO         2143    i.my_mem_init       malloc.o
    0x0800a2fc   0x000000a8   Code   RO         2144    i.my_mem_malloc     malloc.o
    0x0800a3a4   0x00000040   Code   RO         2145    i.my_mem_perused    malloc.o
    0x0800a3e4   0x00000028   Code   RO         2147    i.mymalloc          malloc.o
    0x0800a40c   0x00000014   Code   RO         2149    i.mymemset          malloc.o
    0x0800a420   0x00000062   Code   RO         4039    x$fpl$d2f           fz_ws.l(d2f.o)
    0x0800a482   0x00000002   PAD
    0x0800a484   0x000002b0   Code   RO         4042    x$fpl$ddiv          fz_ws.l(ddiv.o)
    0x0800a734   0x0000002e   Code   RO         4046    x$fpl$dflt          fz_ws.l(dflt_clz.o)
    0x0800a762   0x00000002   PAD
    0x0800a764   0x00000154   Code   RO         4051    x$fpl$dmul          fz_ws.l(dmul.o)
    0x0800a8b8   0x0000009c   Code   RO         4070    x$fpl$dnaninf       fz_ws.l(dnaninf.o)
    0x0800a954   0x0000000c   Code   RO         4072    x$fpl$dretinf       fz_ws.l(dretinf.o)
    0x0800a960   0x00000184   Code   RO         4054    x$fpl$fdiv          fz_ws.l(fdiv.o)
    0x0800aae4   0x00000036   Code   RO         4057    x$fpl$ffix          fz_ws.l(ffix.o)
    0x0800ab1a   0x00000002   PAD
    0x0800ab1c   0x00000102   Code   RO         4061    x$fpl$fmul          fz_ws.l(fmul.o)
    0x0800ac1e   0x0000008c   Code   RO         4074    x$fpl$fnaninf       fz_ws.l(fnaninf.o)
    0x0800acaa   0x0000000a   Code   RO         4076    x$fpl$fretinf       fz_ws.l(fretinf.o)
    0x0800acb4   0x00000000   Code   RO         4078    x$fpl$usenofp       fz_ws.l(usenofp.o)
    0x0800acb4   0x00000028   Data   RO         1813    .constdata          example.o
    0x0800acdc   0x00000018   Data   RO         2154    .constdata          malloc.o
    0x0800acf4   0x00000008   Data   RO         2293    .constdata          STemWin526_CM3_Keil.lib(gui_core.o)
    0x0800acfc   0x00000018   Data   RO         2452    .constdata          STemWin526_CM3_Keil.lib(guicc_m565.o)
    0x0800ad14   0x00000034   Data   RO         2641    .constdata          STemWin526_CM3_Keil.lib(guidrv_flexcolor.o)
    0x0800ad48   0x00000040   Data   RO         2642    .constdata          STemWin526_CM3_Keil.lib(guidrv_flexcolor.o)
    0x0800ad88   0x00000518   Data   RO         2756    .constdata          STemWin526_CM3_Keil.lib(f6x8.o)
    0x0800b2a0   0x000001c0   Data   RO         2757    .constdata          STemWin526_CM3_Keil.lib(f6x8.o)
    0x0800b460   0x00000008   Data   RO         2758    .constdata          STemWin526_CM3_Keil.lib(f6x8.o)
    0x0800b468   0x00000014   Data   RO         2759    .constdata          STemWin526_CM3_Keil.lib(f6x8.o)
    0x0800b47c   0x00000024   Data   RO         2760    .constdata          STemWin526_CM3_Keil.lib(f6x8.o)
    0x0800b4a0   0x00000518   Data   RO         2762    .constdata          STemWin526_CM3_Keil.lib(f8x8.o)
    0x0800b9b8   0x000001c0   Data   RO         2763    .constdata          STemWin526_CM3_Keil.lib(f8x8.o)
    0x0800bb78   0x00000008   Data   RO         2764    .constdata          STemWin526_CM3_Keil.lib(f8x8.o)
    0x0800bb80   0x00000014   Data   RO         2765    .constdata          STemWin526_CM3_Keil.lib(f8x8.o)
    0x0800bb94   0x00000024   Data   RO         2766    .constdata          STemWin526_CM3_Keil.lib(f8x8.o)
    0x0800bbb8   0x00000010   Data   RO         2768    .constdata          STemWin526_CM3_Keil.lib(f16_ascii.o)
    0x0800bbc8   0x00000010   Data   RO         2769    .constdata          STemWin526_CM3_Keil.lib(f16_ascii.o)
    0x0800bbd8   0x00000010   Data   RO         2770    .constdata          STemWin526_CM3_Keil.lib(f16_ascii.o)
    0x0800bbe8   0x00000010   Data   RO         2771    .constdata          STemWin526_CM3_Keil.lib(f16_ascii.o)
    0x0800bbf8   0x00000010   Data   RO         2772    .constdata          STemWin526_CM3_Keil.lib(f16_ascii.o)
    0x0800bc08   0x00000020   Data   RO         2773    .constdata          STemWin526_CM3_Keil.lib(f16_ascii.o)
    0x0800bc28   0x00000020   Data   RO         2774    .constdata          STemWin526_CM3_Keil.lib(f16_ascii.o)
    0x0800bc48   0x00000010   Data   RO         2775    .constdata          STemWin526_CM3_Keil.lib(f16_ascii.o)
    0x0800bc58   0x00000010   Data   RO         2776    .constdata          STemWin526_CM3_Keil.lib(f16_ascii.o)
    0x0800bc68   0x00000010   Data   RO         2777    .constdata          STemWin526_CM3_Keil.lib(f16_ascii.o)
    0x0800bc78   0x00000010   Data   RO         2778    .constdata          STemWin526_CM3_Keil.lib(f16_ascii.o)
    0x0800bc88   0x00000010   Data   RO         2779    .constdata          STemWin526_CM3_Keil.lib(f16_ascii.o)
    0x0800bc98   0x00000010   Data   RO         2780    .constdata          STemWin526_CM3_Keil.lib(f16_ascii.o)
    0x0800bca8   0x00000010   Data   RO         2781    .constdata          STemWin526_CM3_Keil.lib(f16_ascii.o)
    0x0800bcb8   0x00000010   Data   RO         2782    .constdata          STemWin526_CM3_Keil.lib(f16_ascii.o)
    0x0800bcc8   0x00000010   Data   RO         2783    .constdata          STemWin526_CM3_Keil.lib(f16_ascii.o)
    0x0800bcd8   0x00000010   Data   RO         2784    .constdata          STemWin526_CM3_Keil.lib(f16_ascii.o)
    0x0800bce8   0x00000010   Data   RO         2785    .constdata          STemWin526_CM3_Keil.lib(f16_ascii.o)
    0x0800bcf8   0x00000010   Data   RO         2786    .constdata          STemWin526_CM3_Keil.lib(f16_ascii.o)
    0x0800bd08   0x00000010   Data   RO         2787    .constdata          STemWin526_CM3_Keil.lib(f16_ascii.o)
    0x0800bd18   0x00000010   Data   RO         2788    .constdata          STemWin526_CM3_Keil.lib(f16_ascii.o)
    0x0800bd28   0x00000010   Data   RO         2789    .constdata          STemWin526_CM3_Keil.lib(f16_ascii.o)
    0x0800bd38   0x00000010   Data   RO         2790    .constdata          STemWin526_CM3_Keil.lib(f16_ascii.o)
    0x0800bd48   0x00000010   Data   RO         2791    .constdata          STemWin526_CM3_Keil.lib(f16_ascii.o)
    0x0800bd58   0x00000010   Data   RO         2792    .constdata          STemWin526_CM3_Keil.lib(f16_ascii.o)
    0x0800bd68   0x00000010   Data   RO         2793    .constdata          STemWin526_CM3_Keil.lib(f16_ascii.o)
    0x0800bd78   0x00000010   Data   RO         2794    .constdata          STemWin526_CM3_Keil.lib(f16_ascii.o)
    0x0800bd88   0x00000010   Data   RO         2795    .constdata          STemWin526_CM3_Keil.lib(f16_ascii.o)
    0x0800bd98   0x00000010   Data   RO         2796    .constdata          STemWin526_CM3_Keil.lib(f16_ascii.o)
    0x0800bda8   0x00000010   Data   RO         2797    .constdata          STemWin526_CM3_Keil.lib(f16_ascii.o)
    0x0800bdb8   0x00000010   Data   RO         2798    .constdata          STemWin526_CM3_Keil.lib(f16_ascii.o)
    0x0800bdc8   0x00000010   Data   RO         2799    .constdata          STemWin526_CM3_Keil.lib(f16_ascii.o)
    0x0800bdd8   0x00000020   Data   RO         2800    .constdata          STemWin526_CM3_Keil.lib(f16_ascii.o)
    0x0800bdf8   0x00000020   Data   RO         2801    .constdata          STemWin526_CM3_Keil.lib(f16_ascii.o)
    0x0800be18   0x00000020   Data   RO         2802    .constdata          STemWin526_CM3_Keil.lib(f16_ascii.o)
    0x0800be38   0x00000020   Data   RO         2803    .constdata          STemWin526_CM3_Keil.lib(f16_ascii.o)
    0x0800be58   0x00000020   Data   RO         2804    .constdata          STemWin526_CM3_Keil.lib(f16_ascii.o)
    0x0800be78   0x00000020   Data   RO         2805    .constdata          STemWin526_CM3_Keil.lib(f16_ascii.o)
    0x0800be98   0x00000010   Data   RO         2806    .constdata          STemWin526_CM3_Keil.lib(f16_ascii.o)
    0x0800bea8   0x00000020   Data   RO         2807    .constdata          STemWin526_CM3_Keil.lib(f16_ascii.o)
    0x0800bec8   0x00000020   Data   RO         2808    .constdata          STemWin526_CM3_Keil.lib(f16_ascii.o)
    0x0800bee8   0x00000010   Data   RO         2809    .constdata          STemWin526_CM3_Keil.lib(f16_ascii.o)
    0x0800bef8   0x00000010   Data   RO         2810    .constdata          STemWin526_CM3_Keil.lib(f16_ascii.o)
    0x0800bf08   0x00000020   Data   RO         2811    .constdata          STemWin526_CM3_Keil.lib(f16_ascii.o)
    0x0800bf28   0x00000010   Data   RO         2812    .constdata          STemWin526_CM3_Keil.lib(f16_ascii.o)
    0x0800bf38   0x00000020   Data   RO         2813    .constdata          STemWin526_CM3_Keil.lib(f16_ascii.o)
    0x0800bf58   0x00000020   Data   RO         2814    .constdata          STemWin526_CM3_Keil.lib(f16_ascii.o)
    0x0800bf78   0x00000020   Data   RO         2815    .constdata          STemWin526_CM3_Keil.lib(f16_ascii.o)
    0x0800bf98   0x00000020   Data   RO         2816    .constdata          STemWin526_CM3_Keil.lib(f16_ascii.o)
    0x0800bfb8   0x00000020   Data   RO         2817    .constdata          STemWin526_CM3_Keil.lib(f16_ascii.o)
    0x0800bfd8   0x00000020   Data   RO         2818    .constdata          STemWin526_CM3_Keil.lib(f16_ascii.o)
    0x0800bff8   0x00000020   Data   RO         2819    .constdata          STemWin526_CM3_Keil.lib(f16_ascii.o)
    0x0800c018   0x00000010   Data   RO         2820    .constdata          STemWin526_CM3_Keil.lib(f16_ascii.o)
    0x0800c028   0x00000020   Data   RO         2821    .constdata          STemWin526_CM3_Keil.lib(f16_ascii.o)
    0x0800c048   0x00000020   Data   RO         2822    .constdata          STemWin526_CM3_Keil.lib(f16_ascii.o)
    0x0800c068   0x00000020   Data   RO         2823    .constdata          STemWin526_CM3_Keil.lib(f16_ascii.o)
    0x0800c088   0x00000010   Data   RO         2824    .constdata          STemWin526_CM3_Keil.lib(f16_ascii.o)
    0x0800c098   0x00000020   Data   RO         2825    .constdata          STemWin526_CM3_Keil.lib(f16_ascii.o)
    0x0800c0b8   0x00000010   Data   RO         2826    .constdata          STemWin526_CM3_Keil.lib(f16_ascii.o)
    0x0800c0c8   0x00000010   Data   RO         2827    .constdata          STemWin526_CM3_Keil.lib(f16_ascii.o)
    0x0800c0d8   0x00000010   Data   RO         2828    .constdata          STemWin526_CM3_Keil.lib(f16_ascii.o)
    0x0800c0e8   0x00000010   Data   RO         2829    .constdata          STemWin526_CM3_Keil.lib(f16_ascii.o)
    0x0800c0f8   0x00000010   Data   RO         2830    .constdata          STemWin526_CM3_Keil.lib(f16_ascii.o)
    0x0800c108   0x00000010   Data   RO         2831    .constdata          STemWin526_CM3_Keil.lib(f16_ascii.o)
    0x0800c118   0x00000010   Data   RO         2832    .constdata          STemWin526_CM3_Keil.lib(f16_ascii.o)
    0x0800c128   0x00000010   Data   RO         2833    .constdata          STemWin526_CM3_Keil.lib(f16_ascii.o)
    0x0800c138   0x00000010   Data   RO         2834    .constdata          STemWin526_CM3_Keil.lib(f16_ascii.o)
    0x0800c148   0x00000010   Data   RO         2835    .constdata          STemWin526_CM3_Keil.lib(f16_ascii.o)
    0x0800c158   0x00000010   Data   RO         2836    .constdata          STemWin526_CM3_Keil.lib(f16_ascii.o)
    0x0800c168   0x00000010   Data   RO         2837    .constdata          STemWin526_CM3_Keil.lib(f16_ascii.o)
    0x0800c178   0x00000010   Data   RO         2838    .constdata          STemWin526_CM3_Keil.lib(f16_ascii.o)
    0x0800c188   0x00000010   Data   RO         2839    .constdata          STemWin526_CM3_Keil.lib(f16_ascii.o)
    0x0800c198   0x00000010   Data   RO         2840    .constdata          STemWin526_CM3_Keil.lib(f16_ascii.o)
    0x0800c1a8   0x00000010   Data   RO         2841    .constdata          STemWin526_CM3_Keil.lib(f16_ascii.o)
    0x0800c1b8   0x00000010   Data   RO         2842    .constdata          STemWin526_CM3_Keil.lib(f16_ascii.o)
    0x0800c1c8   0x00000010   Data   RO         2843    .constdata          STemWin526_CM3_Keil.lib(f16_ascii.o)
    0x0800c1d8   0x00000010   Data   RO         2844    .constdata          STemWin526_CM3_Keil.lib(f16_ascii.o)
    0x0800c1e8   0x00000020   Data   RO         2845    .constdata          STemWin526_CM3_Keil.lib(f16_ascii.o)
    0x0800c208   0x00000010   Data   RO         2846    .constdata          STemWin526_CM3_Keil.lib(f16_ascii.o)
    0x0800c218   0x00000010   Data   RO         2847    .constdata          STemWin526_CM3_Keil.lib(f16_ascii.o)
    0x0800c228   0x00000010   Data   RO         2848    .constdata          STemWin526_CM3_Keil.lib(f16_ascii.o)
    0x0800c238   0x00000010   Data   RO         2849    .constdata          STemWin526_CM3_Keil.lib(f16_ascii.o)
    0x0800c248   0x00000010   Data   RO         2850    .constdata          STemWin526_CM3_Keil.lib(f16_ascii.o)
    0x0800c258   0x00000010   Data   RO         2851    .constdata          STemWin526_CM3_Keil.lib(f16_ascii.o)
    0x0800c268   0x00000010   Data   RO         2852    .constdata          STemWin526_CM3_Keil.lib(f16_ascii.o)
    0x0800c278   0x00000010   Data   RO         2853    .constdata          STemWin526_CM3_Keil.lib(f16_ascii.o)
    0x0800c288   0x00000010   Data   RO         2854    .constdata          STemWin526_CM3_Keil.lib(f16_ascii.o)
    0x0800c298   0x00000020   Data   RO         2855    .constdata          STemWin526_CM3_Keil.lib(f16_ascii.o)
    0x0800c2b8   0x00000010   Data   RO         2856    .constdata          STemWin526_CM3_Keil.lib(f16_ascii.o)
    0x0800c2c8   0x00000010   Data   RO         2857    .constdata          STemWin526_CM3_Keil.lib(f16_ascii.o)
    0x0800c2d8   0x00000010   Data   RO         2858    .constdata          STemWin526_CM3_Keil.lib(f16_ascii.o)
    0x0800c2e8   0x00000010   Data   RO         2859    .constdata          STemWin526_CM3_Keil.lib(f16_ascii.o)
    0x0800c2f8   0x00000010   Data   RO         2860    .constdata          STemWin526_CM3_Keil.lib(f16_ascii.o)
    0x0800c308   0x00000010   Data   RO         2861    .constdata          STemWin526_CM3_Keil.lib(f16_ascii.o)
    0x0800c318   0x00000010   Data   RO         2862    .constdata          STemWin526_CM3_Keil.lib(f16_ascii.o)
    0x0800c328   0x00000300   Data   RO         2863    .constdata          STemWin526_CM3_Keil.lib(f16_ascii.o)
    0x0800c628   0x0000000c   Data   RO         2864    .constdata          STemWin526_CM3_Keil.lib(f16_ascii.o)
    0x0800c634   0x00000024   Data   RO         2865    .constdata          STemWin526_CM3_Keil.lib(f16_ascii.o)
    0x0800c658   0x00000018   Data   RO         2866    .constdata          STemWin526_CM3_Keil.lib(f24_ascii.o)
    0x0800c670   0x00000018   Data   RO         2867    .constdata          STemWin526_CM3_Keil.lib(f24_ascii.o)
    0x0800c688   0x00000018   Data   RO         2868    .constdata          STemWin526_CM3_Keil.lib(f24_ascii.o)
    0x0800c6a0   0x00000030   Data   RO         2869    .constdata          STemWin526_CM3_Keil.lib(f24_ascii.o)
    0x0800c6d0   0x00000030   Data   RO         2870    .constdata          STemWin526_CM3_Keil.lib(f24_ascii.o)
    0x0800c700   0x00000048   Data   RO         2871    .constdata          STemWin526_CM3_Keil.lib(f24_ascii.o)
    0x0800c748   0x00000030   Data   RO         2872    .constdata          STemWin526_CM3_Keil.lib(f24_ascii.o)
    0x0800c778   0x00000018   Data   RO         2873    .constdata          STemWin526_CM3_Keil.lib(f24_ascii.o)
    0x0800c790   0x00000018   Data   RO         2874    .constdata          STemWin526_CM3_Keil.lib(f24_ascii.o)
    0x0800c7a8   0x00000018   Data   RO         2875    .constdata          STemWin526_CM3_Keil.lib(f24_ascii.o)
    0x0800c7c0   0x00000018   Data   RO         2876    .constdata          STemWin526_CM3_Keil.lib(f24_ascii.o)
    0x0800c7d8   0x00000030   Data   RO         2877    .constdata          STemWin526_CM3_Keil.lib(f24_ascii.o)
    0x0800c808   0x00000018   Data   RO         2878    .constdata          STemWin526_CM3_Keil.lib(f24_ascii.o)
    0x0800c820   0x00000018   Data   RO         2879    .constdata          STemWin526_CM3_Keil.lib(f24_ascii.o)
    0x0800c838   0x00000018   Data   RO         2880    .constdata          STemWin526_CM3_Keil.lib(f24_ascii.o)
    0x0800c850   0x00000018   Data   RO         2881    .constdata          STemWin526_CM3_Keil.lib(f24_ascii.o)
    0x0800c868   0x00000030   Data   RO         2882    .constdata          STemWin526_CM3_Keil.lib(f24_ascii.o)
    0x0800c898   0x00000030   Data   RO         2883    .constdata          STemWin526_CM3_Keil.lib(f24_ascii.o)
    0x0800c8c8   0x00000030   Data   RO         2884    .constdata          STemWin526_CM3_Keil.lib(f24_ascii.o)
    0x0800c8f8   0x00000030   Data   RO         2885    .constdata          STemWin526_CM3_Keil.lib(f24_ascii.o)
    0x0800c928   0x00000030   Data   RO         2886    .constdata          STemWin526_CM3_Keil.lib(f24_ascii.o)
    0x0800c958   0x00000030   Data   RO         2887    .constdata          STemWin526_CM3_Keil.lib(f24_ascii.o)
    0x0800c988   0x00000030   Data   RO         2888    .constdata          STemWin526_CM3_Keil.lib(f24_ascii.o)
    0x0800c9b8   0x00000030   Data   RO         2889    .constdata          STemWin526_CM3_Keil.lib(f24_ascii.o)
    0x0800c9e8   0x00000030   Data   RO         2890    .constdata          STemWin526_CM3_Keil.lib(f24_ascii.o)
    0x0800ca18   0x00000030   Data   RO         2891    .constdata          STemWin526_CM3_Keil.lib(f24_ascii.o)
    0x0800ca48   0x00000018   Data   RO         2892    .constdata          STemWin526_CM3_Keil.lib(f24_ascii.o)
    0x0800ca60   0x00000018   Data   RO         2893    .constdata          STemWin526_CM3_Keil.lib(f24_ascii.o)
    0x0800ca78   0x00000030   Data   RO         2894    .constdata          STemWin526_CM3_Keil.lib(f24_ascii.o)
    0x0800caa8   0x00000030   Data   RO         2895    .constdata          STemWin526_CM3_Keil.lib(f24_ascii.o)
    0x0800cad8   0x00000030   Data   RO         2896    .constdata          STemWin526_CM3_Keil.lib(f24_ascii.o)
    0x0800cb08   0x00000030   Data   RO         2897    .constdata          STemWin526_CM3_Keil.lib(f24_ascii.o)
    0x0800cb38   0x00000048   Data   RO         2898    .constdata          STemWin526_CM3_Keil.lib(f24_ascii.o)
    0x0800cb80   0x00000030   Data   RO         2899    .constdata          STemWin526_CM3_Keil.lib(f24_ascii.o)
    0x0800cbb0   0x00000030   Data   RO         2900    .constdata          STemWin526_CM3_Keil.lib(f24_ascii.o)
    0x0800cbe0   0x00000030   Data   RO         2901    .constdata          STemWin526_CM3_Keil.lib(f24_ascii.o)
    0x0800cc10   0x00000030   Data   RO         2902    .constdata          STemWin526_CM3_Keil.lib(f24_ascii.o)
    0x0800cc40   0x00000030   Data   RO         2903    .constdata          STemWin526_CM3_Keil.lib(f24_ascii.o)
    0x0800cc70   0x00000030   Data   RO         2904    .constdata          STemWin526_CM3_Keil.lib(f24_ascii.o)
    0x0800cca0   0x00000030   Data   RO         2905    .constdata          STemWin526_CM3_Keil.lib(f24_ascii.o)
    0x0800ccd0   0x00000030   Data   RO         2906    .constdata          STemWin526_CM3_Keil.lib(f24_ascii.o)
    0x0800cd00   0x00000018   Data   RO         2907    .constdata          STemWin526_CM3_Keil.lib(f24_ascii.o)
    0x0800cd18   0x00000030   Data   RO         2908    .constdata          STemWin526_CM3_Keil.lib(f24_ascii.o)
    0x0800cd48   0x00000030   Data   RO         2909    .constdata          STemWin526_CM3_Keil.lib(f24_ascii.o)
    0x0800cd78   0x00000030   Data   RO         2910    .constdata          STemWin526_CM3_Keil.lib(f24_ascii.o)
    0x0800cda8   0x00000048   Data   RO         2911    .constdata          STemWin526_CM3_Keil.lib(f24_ascii.o)
    0x0800cdf0   0x00000030   Data   RO         2912    .constdata          STemWin526_CM3_Keil.lib(f24_ascii.o)
    0x0800ce20   0x00000030   Data   RO         2913    .constdata          STemWin526_CM3_Keil.lib(f24_ascii.o)
    0x0800ce50   0x00000030   Data   RO         2914    .constdata          STemWin526_CM3_Keil.lib(f24_ascii.o)
    0x0800ce80   0x00000030   Data   RO         2915    .constdata          STemWin526_CM3_Keil.lib(f24_ascii.o)
    0x0800ceb0   0x00000030   Data   RO         2916    .constdata          STemWin526_CM3_Keil.lib(f24_ascii.o)
    0x0800cee0   0x00000030   Data   RO         2917    .constdata          STemWin526_CM3_Keil.lib(f24_ascii.o)
    0x0800cf10   0x00000030   Data   RO         2918    .constdata          STemWin526_CM3_Keil.lib(f24_ascii.o)
    0x0800cf40   0x00000030   Data   RO         2919    .constdata          STemWin526_CM3_Keil.lib(f24_ascii.o)
    0x0800cf70   0x00000030   Data   RO         2920    .constdata          STemWin526_CM3_Keil.lib(f24_ascii.o)
    0x0800cfa0   0x00000048   Data   RO         2921    .constdata          STemWin526_CM3_Keil.lib(f24_ascii.o)
    0x0800cfe8   0x00000030   Data   RO         2922    .constdata          STemWin526_CM3_Keil.lib(f24_ascii.o)
    0x0800d018   0x00000030   Data   RO         2923    .constdata          STemWin526_CM3_Keil.lib(f24_ascii.o)
    0x0800d048   0x00000030   Data   RO         2924    .constdata          STemWin526_CM3_Keil.lib(f24_ascii.o)
    0x0800d078   0x00000018   Data   RO         2925    .constdata          STemWin526_CM3_Keil.lib(f24_ascii.o)
    0x0800d090   0x00000018   Data   RO         2926    .constdata          STemWin526_CM3_Keil.lib(f24_ascii.o)
    0x0800d0a8   0x00000018   Data   RO         2927    .constdata          STemWin526_CM3_Keil.lib(f24_ascii.o)
    0x0800d0c0   0x00000018   Data   RO         2928    .constdata          STemWin526_CM3_Keil.lib(f24_ascii.o)
    0x0800d0d8   0x00000030   Data   RO         2929    .constdata          STemWin526_CM3_Keil.lib(f24_ascii.o)
    0x0800d108   0x00000018   Data   RO         2930    .constdata          STemWin526_CM3_Keil.lib(f24_ascii.o)
    0x0800d120   0x00000030   Data   RO         2931    .constdata          STemWin526_CM3_Keil.lib(f24_ascii.o)
    0x0800d150   0x00000030   Data   RO         2932    .constdata          STemWin526_CM3_Keil.lib(f24_ascii.o)
    0x0800d180   0x00000030   Data   RO         2933    .constdata          STemWin526_CM3_Keil.lib(f24_ascii.o)
    0x0800d1b0   0x00000030   Data   RO         2934    .constdata          STemWin526_CM3_Keil.lib(f24_ascii.o)
    0x0800d1e0   0x00000030   Data   RO         2935    .constdata          STemWin526_CM3_Keil.lib(f24_ascii.o)
    0x0800d210   0x00000018   Data   RO         2936    .constdata          STemWin526_CM3_Keil.lib(f24_ascii.o)
    0x0800d228   0x00000030   Data   RO         2937    .constdata          STemWin526_CM3_Keil.lib(f24_ascii.o)
    0x0800d258   0x00000030   Data   RO         2938    .constdata          STemWin526_CM3_Keil.lib(f24_ascii.o)
    0x0800d288   0x00000018   Data   RO         2939    .constdata          STemWin526_CM3_Keil.lib(f24_ascii.o)
    0x0800d2a0   0x00000018   Data   RO         2940    .constdata          STemWin526_CM3_Keil.lib(f24_ascii.o)
    0x0800d2b8   0x00000030   Data   RO         2941    .constdata          STemWin526_CM3_Keil.lib(f24_ascii.o)
    0x0800d2e8   0x00000018   Data   RO         2942    .constdata          STemWin526_CM3_Keil.lib(f24_ascii.o)
    0x0800d300   0x00000030   Data   RO         2943    .constdata          STemWin526_CM3_Keil.lib(f24_ascii.o)
    0x0800d330   0x00000030   Data   RO         2944    .constdata          STemWin526_CM3_Keil.lib(f24_ascii.o)
    0x0800d360   0x00000030   Data   RO         2945    .constdata          STemWin526_CM3_Keil.lib(f24_ascii.o)
    0x0800d390   0x00000030   Data   RO         2946    .constdata          STemWin526_CM3_Keil.lib(f24_ascii.o)
    0x0800d3c0   0x00000030   Data   RO         2947    .constdata          STemWin526_CM3_Keil.lib(f24_ascii.o)
    0x0800d3f0   0x00000018   Data   RO         2948    .constdata          STemWin526_CM3_Keil.lib(f24_ascii.o)
    0x0800d408   0x00000030   Data   RO         2949    .constdata          STemWin526_CM3_Keil.lib(f24_ascii.o)
    0x0800d438   0x00000018   Data   RO         2950    .constdata          STemWin526_CM3_Keil.lib(f24_ascii.o)
    0x0800d450   0x00000030   Data   RO         2951    .constdata          STemWin526_CM3_Keil.lib(f24_ascii.o)
    0x0800d480   0x00000030   Data   RO         2952    .constdata          STemWin526_CM3_Keil.lib(f24_ascii.o)
    0x0800d4b0   0x00000030   Data   RO         2953    .constdata          STemWin526_CM3_Keil.lib(f24_ascii.o)
    0x0800d4e0   0x00000030   Data   RO         2954    .constdata          STemWin526_CM3_Keil.lib(f24_ascii.o)
    0x0800d510   0x00000030   Data   RO         2955    .constdata          STemWin526_CM3_Keil.lib(f24_ascii.o)
    0x0800d540   0x00000030   Data   RO         2956    .constdata          STemWin526_CM3_Keil.lib(f24_ascii.o)
    0x0800d570   0x00000018   Data   RO         2957    .constdata          STemWin526_CM3_Keil.lib(f24_ascii.o)
    0x0800d588   0x00000018   Data   RO         2958    .constdata          STemWin526_CM3_Keil.lib(f24_ascii.o)
    0x0800d5a0   0x00000018   Data   RO         2959    .constdata          STemWin526_CM3_Keil.lib(f24_ascii.o)
    0x0800d5b8   0x00000030   Data   RO         2960    .constdata          STemWin526_CM3_Keil.lib(f24_ascii.o)
    0x0800d5e8   0x000002f8   Data   RO         2961    .constdata          STemWin526_CM3_Keil.lib(f24_ascii.o)
    0x0800d8e0   0x0000000c   Data   RO         2962    .constdata          STemWin526_CM3_Keil.lib(f24_ascii.o)
    0x0800d8ec   0x00000024   Data   RO         2963    .constdata          STemWin526_CM3_Keil.lib(f24_ascii.o)
    0x0800d910   0x00000074   Data   RO         2981    .constdata          STemWin526_CM3_Keil.lib(guidev_16.o)
    0x0800d984   0x00000020   Data   RO         3007    .constdata          STemWin526_CM3_Keil.lib(gui__divtbl_31_255.o)
    0x0800d9a4   0x00000040   Data   RO         3008    .constdata          STemWin526_CM3_Keil.lib(gui__divtbl_63_255.o)
    0x0800d9e4   0x00000100   Data   RO         3009    .constdata          STemWin526_CM3_Keil.lib(gui__divtbl_255_31.o)
    0x0800dae4   0x00000100   Data   RO         3010    .constdata          STemWin526_CM3_Keil.lib(gui__divtbl_255_63.o)
    0x0800dbe4   0x0000016c   Data   RO         3019    .constdata          STemWin526_CM3_Keil.lib(gui__sinhq.o)
    0x0800dd50   0x00000010   Data   RO         3149    .constdata          STemWin526_CM3_Keil.lib(gui_uc_encodenone.o)
    0x0800dd60   0x0000000c   Data   RO         3173    .constdata          STemWin526_CM3_Keil.lib(lcd.o)
    0x0800dd6c   0x00000100   Data   RO         3208    .constdata          STemWin526_CM3_Keil.lib(lcd_mirror.o)
    0x0800de6c   0x00000008   Data   RO         3248    .constdata          STemWin526_CM3_Keil.lib(guidev_writetoactiveopaque.o)
    0x0800de74   0x00000018   Data   RO         3542    .constdata          STemWin526_CM3_Keil.lib(guicc_0.o)
    0x0800de8c   0x00000018   Data   RO         3552    .constdata          STemWin526_CM3_Keil.lib(guicc_8888.o)
    0x0800dea4   0x00000018   Data   RO         3613    .constdata          STemWin526_CM3_Keil.lib(guidev_usagebm.o)
    0x0800debc   0x00000074   Data   RO         3816    .constdata          STemWin526_CM3_Keil.lib(guidev_32.o)
    0x0800df30   0x00000020   Data   RO         4226    Region$$Table       anon$$obj.o


    Execution Region RW_IRAM1 (Base: 0x20000000, Size: 0x0000a4d8, Max: 0x0000c000, ABSOLUTE, COMPRESSED[0x00000068])

    Base Addr    Size         Type   Attr      Idx    E Section Name        Object

    0x20000000   0x00000004   Data   RW         1538    .data               delay.o
    0x20000004   0x00000006   Data   RW         1576    .data               usart.o
    0x2000000a   0x00000002   PAD
    0x2000000c   0x00000004   Data   RW         2068    .data               gui_x.o
    0x20000010   0x0000001c   Data   RW         2155    .data               malloc.o
    0x2000002c   0x00000008   Data   RW         2247    .data               STemWin526_CM3_Keil.lib(gui_alloc.o)
    0x20000034   0x0000002c   Data   RW         2294    .data               STemWin526_CM3_Keil.lib(gui_core.o)
    0x20000060   0x00000004   Data   RW         2295    .data               STemWin526_CM3_Keil.lib(gui_core.o)
    0x20000064   0x00000004   Data   RW         2296    .data               STemWin526_CM3_Keil.lib(gui_core.o)
    0x20000068   0x00000004   Data   RW         2297    .data               STemWin526_CM3_Keil.lib(gui_core.o)
    0x2000006c   0x00000004   Data   RW         2298    .data               STemWin526_CM3_Keil.lib(gui_core.o)
    0x20000070   0x00000004   Data   RW         2299    .data               STemWin526_CM3_Keil.lib(gui_core.o)
    0x20000074   0x00000002   Data   RW         2300    .data               STemWin526_CM3_Keil.lib(gui_core.o)
    0x20000076   0x00000002   PAD
    0x20000078   0x00000004   Data   RW         2301    .data               STemWin526_CM3_Keil.lib(gui_core.o)
    0x2000007c   0x00000002   Data   RW         2302    .data               STemWin526_CM3_Keil.lib(gui_core.o)
    0x2000007e   0x00000002   Data   RW         2303    .data               STemWin526_CM3_Keil.lib(gui_core.o)
    0x20000080   0x00000004   Data   RW         2402    .data               STemWin526_CM3_Keil.lib(gui_fillpolygon.o)
    0x20000084   0x00000030   Data   RW         2434    .data               STemWin526_CM3_Keil.lib(gui_touch_driveranalog.o)
    0x200000b4   0x00000008   Data   RW         2453    .data               STemWin526_CM3_Keil.lib(guicc_m565.o)
    0x200000bc   0x0000001c   Data   RW         2643    .data               STemWin526_CM3_Keil.lib(guidrv_flexcolor.o)
    0x200000d8   0x00000008   Data   RW         2735    .data               STemWin526_CM3_Keil.lib(guidrv_flexcolor_func66709.o)
    0x200000e0   0x00000004   Data   RW         2982    .data               STemWin526_CM3_Keil.lib(guidev_16.o)
    0x200000e4   0x00000004   Data   RW         3003    .data               STemWin526_CM3_Keil.lib(guidev_banding.o)
    0x200000e8   0x00000020   Data   RW         3101    .data               STemWin526_CM3_Keil.lib(gui_setalpha.o)
    0x20000108   0x00000008   Data   RW         3141    .data               STemWin526_CM3_Keil.lib(gui_touch_storeunstable.o)
    0x20000110   0x00000004   Data   RW         3174    .data               STemWin526_CM3_Keil.lib(lcd.o)
    0x20000114   0x00000010   Data   RW         3200    .data               STemWin526_CM3_Keil.lib(lcd_color.o)
    0x20000124   0x00000060   Data   RW         3310    .data               STemWin526_CM3_Keil.lib(wm.o)
    0x20000184   0x00000001   Data   RW         3311    .data               STemWin526_CM3_Keil.lib(wm.o)
    0x20000185   0x00000003   PAD
    0x20000188   0x00000028   Data   RW         3379    .data               STemWin526_CM3_Keil.lib(gui__alpha.o)
    0x200001b0   0x00000014   Data   RW         3406    .data               STemWin526_CM3_Keil.lib(gui__managecache.o)
    0x200001c4   0x00000004   Data   RW         3433    .data               STemWin526_CM3_Keil.lib(gui_charline.o)
    0x200001c8   0x0000000c   Data   RW         3462    .data               STemWin526_CM3_Keil.lib(gui_onkey.o)
    0x200001d4   0x00000008   Data   RW         3487    .data               STemWin526_CM3_Keil.lib(gui_selectlayer.o)
    0x200001dc   0x0000000c   Data   RW         3530    .data               STemWin526_CM3_Keil.lib(gui_waitevent.o)
    0x200001e8   0x00000004   Data   RW         3565    .data               STemWin526_CM3_Keil.lib(lcd_aa.o)
    0x200001ec   0x00000001   Data   RW         3597    .data               STemWin526_CM3_Keil.lib(guidev_staticdevices.o)
    0x200001ed   0x00000003   PAD
    0x200001f0   0x00000004   Data   RW         3621    .data               STemWin526_CM3_Keil.lib(wm__sendmessage.o)
    0x200001f4   0x0000000c   Data   RW         3663    .data               STemWin526_CM3_Keil.lib(wm_touch.o)
    0x20000200   0x00000008   Data   RW         3724    .data               STemWin526_CM3_Keil.lib(gui_pid.o)
    0x20000208   0x00000014   Data   RW         3753    .data               STemWin526_CM3_Keil.lib(gui_timer.o)
    0x2000021c   0x000000c8   Zero   RW         1575    .bss                usart.o
    0x200002e4   0x0000001c   PAD
    0x20000300   0x000094c0   Zero   RW         2153    .bss                malloc.o
    0x200097c0   0x000000c8   Zero   RW         2246    .bss                STemWin526_CM3_Keil.lib(gui_alloc.o)
    0x20009888   0x00000070   Zero   RW         2292    .bss                STemWin526_CM3_Keil.lib(gui_core.o)
    0x200098f8   0x00000018   Zero   RW         2401    .bss                STemWin526_CM3_Keil.lib(gui_fillpolygon.o)
    0x20009910   0x00000010   Zero   RW         2433    .bss                STemWin526_CM3_Keil.lib(gui_touch_driveranalog.o)
    0x20009920   0x00000018   Zero   RW         3309    .bss                STemWin526_CM3_Keil.lib(wm.o)
    0x20009938   0x00000058   Zero   RW         3461    .bss                STemWin526_CM3_Keil.lib(gui_onkey.o)
    0x20009990   0x0000000c   Zero   RW         3507    .bss                STemWin526_CM3_Keil.lib(gui_touch_storestate.o)
    0x2000999c   0x00000048   Zero   RW         3662    .bss                STemWin526_CM3_Keil.lib(wm_touch.o)
    0x200099e4   0x00000028   Zero   RW         3689    .bss                STemWin526_CM3_Keil.lib(gui_curs1.o)
    0x20009a0c   0x00000048   Zero   RW         3723    .bss                STemWin526_CM3_Keil.lib(gui_pid.o)
    0x20009a54   0x0000000c   Zero   RW         3774    .bss                STemWin526_CM3_Keil.lib(gui_touch.o)
    0x20009a60   0x00000018   Zero   RW         3874    .bss                STemWin526_CM3_Keil.lib(wm_pid__getprevstate.o)
    0x20009a78   0x00000060   Zero   RW         4105    .bss                c_w.l(libspace.o)
    0x20009ad8   0x00000200   Zero   RW          331    HEAP                startup_stm32f10x_hd.o
    0x20009cd8   0x00000800   Zero   RW          330    STACK               startup_stm32f10x_hd.o



  Load Region LR$$.ARM.__AT_0x68000000 (Base: 0x68000000, Size: 0x00000000, Max: 0x000f0000, ABSOLUTE)

    Execution Region ER$$.ARM.__AT_0x68000000 (Base: 0x68000000, Size: 0x000f0000, Max: 0x000f0000, ABSOLUTE, UNINIT)

    Base Addr    Size         Type   Attr      Idx    E Section Name        Object

    0x68000000   0x000f0000   Zero   RW         2151    .ARM.__AT_0x68000000  malloc.o



  Load Region LR$$.ARM.__AT_0x680F0000 (Base: 0x680f0000, Size: 0x00000000, Max: 0x0000f000, ABSOLUTE)

    Execution Region ER$$.ARM.__AT_0x680F0000 (Base: 0x680f0000, Size: 0x0000f000, Max: 0x0000f000, ABSOLUTE, UNINIT)

    Base Addr    Size         Type   Attr      Idx    E Section Name        Object

    0x680f0000   0x0000f000   Zero   RW         2152    .ARM.__AT_0x680F0000  malloc.o


==============================================================================

Image component sizes


      Code (inc. data)   RO Data    RW Data    ZI Data      Debug   Object Name

         0          0          0          0          0         32   core_cm3.o
       166         10          0          4          0       1683   delay.o
       400        106         40          0          0       2355   example.o
        40         10          0          4          0       1852   gui_x.o
        12          0          0          0          0       1814   gui_x_touch_analog.o
        44          6          0          0          0        531   guiconf.o
      1204         26          0          0          0       3305   ili93xx.o
       252         46          0          0          0       6128   lcdconf_flexcolor_template.o
        46          0          0          0          0     299898   main.o
       360         42         24         28    1082560       4382   malloc.o
       172         22          0          0          0       2025   misc.o
        64         26        304          0       2560        772   startup_stm32f10x_hd.o
       282          6          0          0          0       1793   stm32f10x_fsmc.o
       286          0          0          0          0       2988   stm32f10x_gpio.o
        26          0          0          0          0       3418   stm32f10x_it.o
        96         18          0          0          0       1678   stm32f10x_rcc.o
       246         42          0          0          0       3490   stm32f10x_tim.o
        94          0          0          0          0       2684   stm32f10x_usart.o
       328         26          0          0          0       1673   system_stm32f10x.o
        18          0          0          0          0        411   test.o
       168         20          0          0          0       1496   timer.o
       154         14          0          6        200       2764   usart.o

    ----------------------------------------------------------------------
      4478        420        400         44    1085348     347172   Object Totals
         0          0         32          0          0          0   (incl. Generated)
        20          0          0          2         28          0   (incl. Padding)

    ----------------------------------------------------------------------

      Code (inc. data)   RO Data    RW Data    ZI Data      Debug   Library Member Name

         0          0       2720          0          0          0   f16_ascii.o
         0          0       4792          0          0          0   f24_ascii.o
         0          0       1816          0          0          0   f6x8.o
         0          0       1816          0          0          0   f8x8.o
       856         38          0         40          0        512   gui__alpha.o
       648          0          0          0          0        160   gui__compactpixelindices.o
         0          0        256          0          0          0   gui__divtbl_255_31.o
         0          0        256          0          0          0   gui__divtbl_255_63.o
         0          0         32          0          0          0   gui__divtbl_31_255.o
         0          0         64          0          0          0   gui__divtbl_63_255.o
       322          0          0          0          0        108   gui__expandpixelindices.o
        58          0          0          0          0         68   gui__intersectrect.o
        82          0          0          0          0         80   gui__intersectrects.o
       216          8          0         20          0        156   gui__managecache.o
        76          0          0          0          0         76   gui__memset.o
        60          0          0          0          0         76   gui__memset16.o
       128         16        364          0          0        148   gui__sinhq.o
      1786        106          0          8        200       1764   gui_alloc.o
        36          0          0          0          0         80   gui_alloc_alloczero.o
        60          0          0          0          0         76   gui_calccolordist.o
        96         22          0          0          0        272   gui_char.o
       458         36          0          4          0        472   gui_charline.o
       394         10          0          0          0        300   gui_charm.o
       308         10          0          0          0        384   gui_charp.o
       460         78          8         74        112        620   gui_core.o
       112          6          0          0         40         92   gui_curs1.o
       348         24          0          0          0        516   gui_device.o
       256          4          0          0          0         88   gui_dispstring.o
        16          4          0          0          0         68   gui_dispstringat.o
        52          4          0          0          0         92   gui_dispstringhcenter.o
        52          4          0          0          0        152   gui_exec.o
       636         30          0          4         24        264   gui_fillpolygon.o
        72          4          0          0          0         84   gui_fillrect.o
       160          0          0          0          0        152   gui_getbitmappixelindex.o
        28          0          0          0          0        160   gui_getcolor.o
        32         10          0          0          0        136   gui_getorg.o
        52         12          0          0          0        216   gui_goto.o
        88          0          0          0          0         76   gui_mergerect.o
        30          0          0          0          0         68   gui_moverect.o
        94         14          0         12         88        284   gui_onkey.o
        16          4          0          0          0         68   gui_pen.o
       248         36          0          8         72        444   gui_pid.o
       108         10          0          0          0         84   gui_polyrotate.o
        56          0          0          0          0         68   gui_rectsintersect.o
        32         10          0          0          0        136   gui_savecontext.o
        82         12          0          8          0        296   gui_selectlayer.o
        18          0          0          0          0         80   gui_selectlcd.o
        36          4          0         32          0         76   gui_setalpha.o
         8          0          0          0          0        136   gui_setcolor.o
        64          6          0          0          0         80   gui_setdefault.o
         4          0          0          0          0         68   gui_setdrawmode.o
        20          6          0          0          0         68   gui_setfont.o
        16          4          0          0          0         68   gui_setlinestyle.o
        56         18          0          0          0         80   gui_setorg.o
        20          6          0          0          0         68   gui_settextalign.o
        20          6          0          0          0         68   gui_settextmode.o
      1222         10          0          0          0        692   gui_sprite.o
        42          0          0          0          0         80   gui_time.o
       332         16          0         20          0        484   gui_timer.o
        44          6          0          0         12         84   gui_touch.o
       428         26          0         48         16        236   gui_touch_driveranalog.o
        36          6          0          0         12         68   gui_touch_storestate.o
        44          4          0          8          0         88   gui_touch_storeunstable.o
        84         10          0          0          0        168   gui_uc.o
        18          0         16          0          0        272   gui_uc_encodenone.o
        16          4          0         12          0         68   gui_waitevent.o
       198          0         24          0          0        244   guicc_0.o
        36          0         24          0          0        288   guicc_8888.o
         2          0          0          0          0         68   guicc_8888_index2color.o
         2          0          0          0          0         68   guicc_888_index2color.o
       250         42         24          8          0        412   guicc_m565.o
       744         36          0          0          0        680   guidev.o
      2324         66        116          4          0       1336   guidev_16.o
      2356         62        116          0          0       1440   guidev_32.o
       308         14          0          4          0        168   guidev_banding.o
        60          6          0          0          0         76   guidev_clear.o
        22          0          0          0          0         80   guidev_getdataptr.o
        40          6          0          0          0         80   guidev_getysize.o
        44          4          0          0          0         80   guidev_reduceysize.o
        88          4          0          0          0         80   guidev_setorg.o
       358         22          0          1          0        188   guidev_staticdevices.o
        76          0          0          0          0        164   guidev_usage.o
       416          6         24          0          0        460   guidev_usagebm.o
       106          4          0          0          0        148   guidev_write.o
       400         14          0          0          0         96   guidev_writetoactivealpha.o
      1868         16          8          0          0        492   guidev_writetoactiveopaque.o
      1506         76        116         28          0       3316   guidrv_flexcolor.o
      1712         62          0          0          0        876   guidrv_flexcolor_16bpp_c0b16.o
      1268         86          0          8          0       1576   guidrv_flexcolor_func66709.o
      1646        110         12          4          0       1348   lcd.o
        16          6          0          4          0         68   lcd_aa.o
       260         26          0         16          0        388   lcd_color.o
        32         12          0          0          0        136   lcd_getcolorindex.o
       384         32          0          0          0       1340   lcd_getex.o
        26          0          0          0          0         80   lcd_getnumdisplays.o
         0          0        256          0          0          0   lcd_mirror.o
       504         18          0          0          0        184   lcd_readrect.o
        64         10          0          0          0         80   lcd_selectlcd.o
       220          0          0          0          0        420   lcd_set.o
        48         10          0          0          0         80   lcd_setcliprectex.o
        36          4          0          0          0         80   lcd_updatecolorindices.o
      4592        228          0         97         24       4120   wm.o
        18          0          0          0          0         76   wm__getfirstsibling.o
        36          0          0          0          0         80   wm__getprevsibling.o
        34          0          0          0          0         80   wm__isancestor.o
        22          0          0          0          0         76   wm__isenabled.o
        60          6          0          4          0         88   wm__sendmessage.o
        28          0          0          0          0         92   wm__sendmessageifenabled.o
        38          0          0          0          0         80   wm__sendmessagenopara.o
       220          0          0          0          0         96   wm__updatechildpositions.o
       126          0          0          0          0         92   wm_bringtobottom.o
        60         12          0          0          0        136   wm_criticalhandle.o
        32          0          0          0          0         80   wm_getclientrect.o
        24         10          0          0          0         68   wm_getdesktopwindow.o
        20          4          0          0          0         68   wm_getdesktopwindowex.o
        14          0          0          0          0         76   wm_getfirstchild.o
        22          0          0          0          0         76   wm_getorg.o
        14          0          0          0          0         76   wm_getparent.o
         4          0          0          0          0         68   wm_iswindow.o
       268          0          0          0          0        252   wm_move.o
        16          0          0          0          0         76   wm_notifyparent.o
        56          8          0          0          0         84   wm_onkey.o
        24          6          0          0         24         68   wm_pid__getprevstate.o
       236          0          0          0          0         88   wm_resizewindow.o
       184          6          0          0          0        312   wm_screen2win.o
         4          0          0          0          0         68   wm_sendmessagenopara.o
        30          0          0          0          0         92   wm_sendtoparent.o
        48          8          0          0          0        148   wm_setcapture.o
        62          0          0          0          0         84   wm_setsize.o
       106          0          0          0          0        164   wm_timer.o
      1100         46          0         12         72        344   wm_touch.o
        90          0          0          0          0          0   __dczerorl2.o
         8          0          0          0          0         68   __main.o
         0          0          0          0          0          0   __rtentry.o
        12          0          0          0          0          0   __rtentry2.o
         6          0          0          0          0          0   __rtentry4.o
        52          8          0          0          0          0   __scatter.o
        28          0          0          0          0          0   __scatter_zi.o
        16          0          0          0          0         68   aeabi_memset.o
        12          0          0          0          0         72   exit.o
         6          0          0          0          0        152   heapauxi.o
         2          0          0          0          0          0   libinit.o
         2          0          0          0          0          0   libinit2.o
         2          0          0          0          0          0   libshutdown.o
         2          0          0          0          0          0   libshutdown2.o
         8          4          0          0         96         68   libspace.o
        88          0          0          0          0         76   memcmp.o
        68          0          0          0          0         68   rt_memclr.o
        78          0          0          0          0         80   rt_memclr_w.o
       138          0          0          0          0         68   rt_memcpy_v6.o
       100          0          0          0          0         80   rt_memcpy_w.o
       132          0          0          0          0         68   rt_memmove_v6.o
       122          0          0          0          0         80   rt_memmove_w.o
         2          0          0          0          0          0   rtexit.o
        10          0          0          0          0          0   rtexit2.o
        74          0          0          0          0         80   sys_stackheap_outer.o
         2          0          0          0          0         68   use_no_semi.o
         2          0          0          0          0         68   use_no_semi_2.o
        98          4          0          0          0         92   d2f.o
       688        140          0          0          0        208   ddiv.o
        46          0          0          0          0         68   dflt_clz.o
       340         12          0          0          0        104   dmul.o
       156          4          0          0          0         92   dnaninf.o
        12          0          0          0          0         68   dretinf.o
       388         76          0          0          0         96   fdiv.o
        54          4          0          0          0         84   ffix.o
       258          4          0          0          0         84   fmul.o
       140          4          0          0          0         84   fnaninf.o
        10          0          0          0          0         68   fretinf.o
         0          0          0          0          0          0   usenofp.o

    ----------------------------------------------------------------------
     39430       1992      12860        496        792      38068   Library Totals
       118          0          0          8          0          0   (incl. Padding)

    ----------------------------------------------------------------------

      Code (inc. data)   RO Data    RW Data    ZI Data      Debug   Library Name

     36060       1732      12860        488        696      35856   STemWin526_CM3_Keil.lib
      1062         12          0          0         96       1164   c_w.l
      2190        248          0          0          0       1048   fz_ws.l

    ----------------------------------------------------------------------
     39430       1992      12860        496        792      38068   Library Totals

    ----------------------------------------------------------------------

==============================================================================


      Code (inc. data)   RO Data    RW Data    ZI Data      Debug   

     43908       2412      13260        540    1086140     357364   Grand Totals
     43908       2412      13260        104    1086140     357364   ELF Image Totals (compressed)
     43908       2412      13260        104          0          0   ROM Totals

==============================================================================

    Total RO  Size (Code + RO Data)                57168 (  55.83kB)
    Total RW  Size (RW Data + ZI Data)           1086680 (1061.21kB)
    Total ROM Size (Code + RO Data + RW Data)      57272 (  55.93kB)

==============================================================================

