<html>
<body>
<pre>
<h1>µVision Build Log</h1>
<h2>Tool Versions:</h2>
IDE-Version: ¦ÌVision V5.15
Copyright (C) 2015 ARM Ltd and ARM Germany GmbH. All rights reserved.
License Information: huangjie18 Microsoft, Microsoft, LIC=GE72Z-J1B51-HP4ZN-YB5S8-LD2AH-93K8B
 
Tool Versions:
Toolchain:       MDK-ARM Professional  Version: 5.15.0
Toolchain Path:  C:\Keil_v5\ARM\ARMCC\Bin
C Compiler:      Armcc.exe V5.05 update 2 (build 169)
Assembler:       Armasm.exe V5.05 update 2 (build 169)
Linker/Locator:  ArmLink.exe V5.05 update 2 (build 169)
Library Manager: ArmAr.exe V5.05 update 2 (build 169)
Hex Converter:   FromElf.exe V5.05 update 2 (build 169)
CPU DLL:         SARMCM3.DLL V5.15.0
Dialog DLL:      DCM.DLL V1.13.2.0
Target DLL:      STLink\ST-LINKIII-KEIL_SWO.dll V2.0.15.0_KEIL
Dialog DLL:      TCM.DLL V1.14.5.0
 
<h2>Project:</h2>
D:\GitHub\Speaker-processor\USER\Processor.uvprojx
Project File Date:  03/27/2018

<h2>Output:</h2>
*** Using Compiler 'V5.05 update 2 (build 169)', folder: 'C:\Keil_v5\ARM\ARMCC\Bin'
Build target 'Processor'
compiling main.c...
main.c(41): warning:  #177-D: variable "key_value" was declared but never referenced
        u8 key_value;
main.c: 1 warning, 0 errors
compiling ILI93xx.c...
..\HARDWARE\LCD\ILI93xx.c(617): warning:  #177-D: variable "g" was declared but never referenced
        u16 g;
..\HARDWARE\LCD\ILI93xx.c(669): warning:  #1-D: last line of file ends without a newline
  }
..\HARDWARE\LCD\ILI93xx.c: 2 warnings, 0 errors
linking...
Program Size: Code=41788 RO-data=8344 RW-data=524 ZI-data=1080676  
FromELF: creating hex file...
"..\OBJ\Processor.axf" - 0 Error(s), 3 Warning(s).

<h2>Collection of Component include folders:</h2>
  D:\GitHub\Speaker-processor\USER\RTE
  C:\Keil_v5\ARM\PACK\Keil\STM32F1xx_DFP\2.2.0\Device\Include

<h2>Collection of Component Files used:</h2>
</pre>
</body>
</html>
